[0;32mI (1465) MAIN: Partition size: total: 1920401, used: 1072ESP-ROM:esp32s3-20210327
Build:Mar 27 2021
rst:0x15 (USB_UART_CHIP_RESET),boot:0x8 (SPI_FAST_FLASH_BOOT)
Saved PC:0x403817af
SPIWP:0xee
Octal Flash Mode Enabled
For OPI Flash, Use Default Flash Boot Mode
mode:SLOW_RD, clock div:1
load:0x3fce2810,len:0x178c
load:0x403c8700,len:0x4
load:0x403c8704,len:0xcb8
load:0x403cb700,len:0x2db0
entry 0x403c8914
[0;32mI (33) boot: ESP-IDF v5.3 2nd stage bootloader[0m
[0;32mI (33) boot: compile time Apr  1 2026 09:02:53[0m
[0;32mI (33) boot: Multicore bootloader[0m
[0;32mI (36) boot: chip revision: v0.2[0m
[0;32mI (40) boot.esp32s3: Boot SPI Speed : 80MHz[0m
[0;32mI (45) boot.esp32s3: SPI Mode       : SLOW READ[0m
[0;32mI (50) boot.esp32s3: SPI Flash Size : 32MB[0m
[0;32mI (55) boot: Enabling RNG early entropy source...[0m
[0;32mI (60) boot: Partition Table:[0m
[0;32mI (64) boot: ## Label            Usage          Type ST Offset   Length[0m
[0;32mI (71) boot:  0 nvs              WiFi data        01 02 00009000 00006000[0m
[0;32mI (78) boot:  1 phy_init         RF data          01 01 0000f000 00001000[0m
[0;32mI (86) boot:  2 factory          factory app      00 00 00010000 00100000[0m
[0;32mI (93) boot:  3 data             Unknown data     01 82 00110000 00200000[0m
[0;32mI (101) boot: End of partition table[0m
[0;32mI (105) esp_image: segment 0: paddr=00010020 vaddr=3c030020 size=0d7ech ( 55276) map[0m
[0;32mI (127) esp_image: segment 1: paddr=0001d814 vaddr=3fc9b000 size=02804h ( 10244) load[0m
[0;32mI (130) esp_image: segment 2: paddr=00020020 vaddr=42000020 size=2cfe0h (184288) map[0m
[0;32mI (176) esp_image: segment 3: paddr=0004d008 vaddr=3fc9d804 size=013a4h (  5028) load[0m
[0;32mI (178) esp_image: segment 4: paddr=0004e3b4 vaddr=40378000 size=12f54h ( 77652) load[0m
[0;32mI (211) boot: Loaded app from partition at offset 0x10000[0m
[0;32mI (211) boot: Disabling RNG early entropy source...[0m
[0;32mI (223) octal_psram: vendor id    : 0x0d (AP)[0m
[0;32mI (223) octal_psram: dev id       : 0x03 (generation 4)[0m
[0;32mI (224) octal_psram: density      : 0x05 (128 Mbit)[0m
[0;32mI (228) octal_psram: good-die     : 0x01 (Pass)[0m
[0;32mI (234) octal_psram: Latency      : 0x01 (Fixed)[0m
[0;32mI (239) octal_psram: VCC          : 0x00 (1.8V)[0m
[0;32mI (244) octal_psram: SRF          : 0x01 (Fast Refresh)[0m
[0;32mI (250) octal_psram: BurstType    : 0x01 (Hybrid Wrap)[0m
[0;32mI (256) octal_psram: BurstLen     : 0x01 (32 Byte)[0m
[0;32mI (261) octal_psram: Readlatency  : 0x02 (10 cycles@Fixed)[0m
[0;32mI (267) octal_psram: DriveStrength: 0x00 (1/1)[0m
[0;32mI (273) MSPI Timing: PSRAM timing tuning index: 6[0m
[0;32mI (278) esp_psram: Found 16MB PSRAM device[0m
[0;32mI (283) esp_psram: Speed: 80MHz[0m
[0;32mI (287) cpu_start: Multicore app[0m
[0;32mI (1182) esp_psram: SPI SRAM memory test OK[0m
[0;32mI (1191) cpu_start: Pro cpu start user code[0m
[0;32mI (1191) cpu_start: cpu freq: 240000000 Hz[0m
[0;32mI (1191) app_init: Application information:[0m
[0;32mI (1194) app_init: Project name:     hello_world[0m
[0;32mI (1199) app_init: App version:      7ea6bab-dirty[0m
[0;32mI (1205) app_init: Compile time:     Apr  1 2026 09:07:37[0m
[0;32mI (1211) app_init: ELF file SHA256:  b52f2da16...[0m
[0;32mI (1216) app_init: ESP-IDF:          v5.3[0m
[0;32mI (1221) efuse_init: Min chip rev:     v0.0[0m
[0;32mI (1226) efuse_init: Max chip rev:     v0.99 [0m
[0;32mI (1231) efuse_init: Chip rev:         v0.2[0m
[0;32mI (1236) heap_init: Initializing. RAM available for dynamic allocation:[0m
[0;32mI (1243) heap_init: At 3FC9F9D0 len 00049D40 (295 KiB): RAM[0m
[0;32mI (1249) heap_init: At 3FCE9710 len 00005724 (21 KiB): RAM[0m
[0;32mI (1255) heap_init: At 3FCF0000 len 00008000 (32 KiB): DRAM[0m
[0;32mI (1261) heap_init: At 600FE100 len 00001EE8 (7 KiB): RTCRAM[0m
[0;32mI (1268) esp_psram: Adding pool of 16384K of PSRAM memory to heap allocator[0m
[0;33mW (1276) spi_flash: Octal flash chip is using but dio mode is selected, will automatically swich to Octal mode[0m
[0;32mI (1286) spi_flash: detected chip: mxic (opi)[0m
[0;32mI (1291) spi_flash: flash io: opi_str[0m
[0;33mW (1296) i2c: This driver is an old driver, please migrate your application code to adapt `driver/i2c_master.h`[0m
[0;32mI (1306) sleep: Configure to isolate all GPIO pins in sleep state[0m
[0;32mI (1313) sleep: Enable automatic switching of GPIO sleep configuration[0m
[0;32mI (1321) main_task: Started on CPU0[0m
[0;32mI (1331) esp_psram: Reserving pool of 32K of internal memory for DMA/internal allocations[0m
[0;32mI (1331) main_task: Calling app_main()[0m
[0;31mE (1341) i2c: i2c_master_cmd_begin(1531): i2c driver not installed[0m
[0;33mW (1341) MAIN: No OLED found (SDA=8 SCL=9) — serial-only mode[0m
[0;32mI (1351) MAIN: Loading Model[0m
[0;32mI (1351) MAIN: Initializing SPIFFS[0m
[0;32mI (1441) MAIN: Partition size: total: 1920401, used: 1072021[0m
[0;32mI (1441) MAIN: LLM Path is /data/stories260K.bin[0m
[0;32mI (1441) LLM: Vocab size if 512[0m
[0;32mI (1471) LLM: File size: 1056540 bytes[0m
[0;32mI (1471) LLM: Free ram available: 17086020[0m
[0;32mI (1881) LLM: Successfully read LLM into memory[0m
[0;32mI (1881) LLM: Free ram available: 16029696[0m
[0;32mI (1881) LLM: Successfully read checkpoint[0m
[0;32mI (1901) LLM: Transformer successfully built[0m
[0;32mI (1901) LLM: Created FreeRTOS Tasks[0m
[0;32mI (1901) LLM: Vocab size is 512
[0m
[0;32mI (1901) LLM: Opened Tokenizer File[0m
[0;32mI (1921) LLM: Tokenizer successfully built[0m
[0;32mI (1921) LLM: Sampler Successfully built[0m
Guru Meditation Error: Core  0 panic'ed (LoadProhibited). Exception was unhandled.

Core  0 register dump:
PC      : 0x40388a00  PS      : 0x00060230  A0      : 0x80388b34  A1      : 0x3fca1f30  
A2      : 0x3fcb0c58  A3      : 0x00000200  A4      : 0x00000040  A5      : 0x3fcb58c0  
A6      : 0x00000000  A7      : 0x00000200  A8      : 0x00000000  A9      : 0x00000000  
A10     : 0x000001f8  A11     : 0x00000004  A12     : 0x00000208  A13     : 0x00000000  
A14     : 0x00000008  A15     : 0x3fcab6d0  SAR     : 0x00000014  EXCCAUSE: 0x0000001c  
EXCVADDR: 0x000001fc  LBEG    : 0x4202ac6c  LEND    : 0x4202ac77  LCOUNT  : 0x00000000  


Backtrace: 0x403889fd:0x3fca1f30 0x40388b31:0x3fca1f60 0x40388bea:0x3fca1f80 0x40387a69:0x3fca1fc0 0x4202c6ab:0x3fca22a0 0x4038148d:0x3fca22d0




ELF file SHA256: b52f2da16

Rebooting...
ESP-ROM:esp32s3-20210327
Build:Mar 27 2021
rst:0xc (RTC_SW_CPU_RST),boot:0x8 (SPI_FAST_FLASH_BOOT)
Saved PC:0x40379e54
SPIWP:0xee
Octal Flash Mode Enabled
For OPI Flash, Use Default Flash Boot Mode
mode:SLOW_RD, clock div:1
load:0x3fce2810,len:0x178c
load:0x403c8700,len:0x4
load:0x403c8704,len:0xcb8
load:0x403cb700,len:0x2db0
entry 0x403c8914
[0;32mI (32) boot: ESP-IDF v5.3 2nd stage bootloader[0m
[0;32mI (32) boot: compile time Apr  1 2026 09:02:53[0m
[0;32mI (33) boot: Multicore bootloader[0m
[0;32mI (35) boot: chip revision: v0.2[0m
[0;32mI (39) boot.esp32s3: Boot SPI Speed : 80MHz[0m
[0;32mI (44) boot.esp32s3: SPI Mode       : SLOW READ[0m
[0;32mI (49) boot.esp32s3: SPI Flash Size : 32MB[0m
[0;32mI (54) boot: Enabling RNG early entropy source...[0m
[0;32mI (60) boot: Partition Table:[0m
[0;32mI (63) boot: ## Label            Usage          Type ST Offset   Length[0m
[0;32mI (70) boot:  0 nvs              WiFi data        01 02 00009000 00006000[0m
[0;32mI (78) boot:  1 phy_init         RF data          01 01 0000f000 00001000[0m
[0;32mI (85) boot:  2 factory          factory app      00 00 00010000 00100000[0m
[0;32mI (93) boot:  3 data             Unknown data     01 82 00110000 00200000[0m
[0;32mI (100) boot: End of partition table[0m
[0;32mI (105) esp_image: segment 0: paddr=00010020 vaddr=3c030020 size=0d7ech ( 55276) map[0m
[0;32mI (126) esp_image: segment 1: paddr=0001d814 vaddr=3fc9b000 size=02804h ( 10244) load[0m
[0;32mI (129) esp_image: segment 2: paddr=00020020 vaddr=42000020 size=2cfe0h (184288) map[0m
[0;32mI (176) esp_image: segment 3: paddr=0004d008 vaddr=3fc9d804 size=013a4h (  5028) load[0m
[0;32mI (178) esp_image: segment 4: paddr=0004e3b4 vaddr=40378000 size=12f54h ( 77652) load[0m
[0;32mI (211) boot: Loaded app from partition at offset 0x10000[0m
[0;32mI (211) boot: Disabling RNG early entropy source...[0m
[0;32mI (223) octal_psram: vendor id    : 0x0d (AP)[0m
[0;32mI (223) octal_psram: dev id       : 0x03 (generation 4)[0m
[0;32mI (223) octal_psram: density      : 0x05 (128 Mbit)[0m
[0;32mI (228) octal_psram: good-die     : 0x01 (Pass)[0m
[0;32mI (233) octal_psram: Latency      : 0x01 (Fixed)[0m
[0;32mI (238) octal_psram: VCC          : 0x00 (1.8V)[0m
[0;32mI (244) octal_psram: SRF          : 0x01 (Fast Refresh)[0m
[0;32mI (249) octal_psram: BurstType    : 0x01 (Hybrid Wrap)[0m
[0;32mI (255) octal_psram: BurstLen     : 0x01 (32 Byte)[0m
[0;32mI (261) octal_psram: Readlatency  : 0x02 (10 cycles@Fixed)[0m
[0;32mI (267) octal_psram: DriveStrength: 0x00 (1/1)[0m
[0;32mI (273) MSPI Timing: PSRAM timing tuning index: 6[0m
[0;32mI (277) esp_psram: Found 16MB PSRAM device[0m
[0;32mI (282) esp_psram: Speed: 80MHz[0m
[0;32mI (286) cpu_start: Multicore app[0m
[0;32mI (1181) esp_psram: SPI SRAM memory test OK[0m
[0;32mI (1190) cpu_start: Pro cpu start user code[0m
[0;32mI (1190) cpu_start: cpu freq: 240000000 Hz[0m
[0;32mI (1190) app_init: Application information:[0m
[0;32mI (1193) app_init: Project name:     hello_world[0m
[0;32mI (1199) app_init: App version:      7ea6bab-dirty[0m
[0;32mI (1204) app_init: Compile time:     Apr  1 2026 09:07:37[0m
[0;32mI (1210) app_init: ELF file SHA256:  b52f2da16...[0m
[0;32mI (1216) app_init: ESP-IDF:          v5.3[0m
[0;32mI (1220) efuse_init: Min chip rev:     v0.0[0m
[0;32mI (1225) efuse_init: Max chip rev:     v0.99 [0m
[0;32mI (1230) efuse_init: Chip rev:         v0.2[0m
[0;32mI (1235) heap_init: Initializing. RAM available for dynamic allocation:[0m
[0;32mI (1242) heap_init: At 3FC9F9D0 len 00049D40 (295 KiB): RAM[0m
[0;32mI (1249) heap_init: At 3FCE9710 len 00005724 (21 KiB): RAM[0m
[0;32mI (1255) heap_init: At 3FCF0000 len 00008000 (32 KiB): DRAM[0m
[0;32mI (1261) heap_init: At 600FE100 len 00001EE8 (7 KiB): RTCRAM[0m
[0;32mI (1267) esp_psram: Adding pool of 16384K of PSRAM memory to heap allocator[0m
[0;33mW (1275) spi_flash: Octal flash chip is using but dio mode is selected, will automatically swich to Octal mode[0m
[0;32mI (1286) spi_flash: detected chip: mxic (opi)[0m
[0;32mI (1291) spi_flash: flash io: opi_str[0m
[0;33mW (1295) i2c: This driver is an old driver, please migrate your application code to adapt `driver/i2c_master.h`[0m
[0;32mI (1306) sleep: Configure to isolate all GPIO pins in sleep state[0m
[0;32mI (1313) sleep: Enable automatic switching of GPIO sleep configuration[0m
[0;32mI (1320) main_task: Started on CPU0[0m
[0;32mI (1330) esp_psram: Reserving pool of 32K of internal memory for DMA/internal allocations[0m
[0;32mI (1330) main_task: Calling app_main()[0m
[0;31mE (1340) i2c: i2c_master_cmd_begin(1531): i2c driver not installed[0m
[0;33mW (1340) MAIN: No OLED found (SDA=8 SCL=9) — serial-only mode[0m
[0;32mI (1350) MAIN: Loading Model[0m
[0;32mI (1350) MAIN: Initializing SPIFFS[0m
[0;32mI (1440) MAIN: Partition size: total: 1920401, used: 1072021[0m
[0;32mI (1440) MAIN: LLM Path is /data/stories260K.bin[0m
[0;32mI (1440) LLM: Vocab size if 512[0m
[0;32mI (1470) LLM: File size: 1056540 bytes[0m
[0;32mI (1470) LLM: Free ram available: 17086020[0m
[0;32mI (1880) LLM: Successfully read LLM into memory[0m
[0;32mI (1880) LLM: Free ram available: 16029696[0m
[0;32mI (1880) LLM: Successfully read checkpoint[0m
[0;32mI (1900) LLM: Transformer successfully built[0m
[0;32mI (1900) LLM: Created FreeRTOS Tasks[0m
[0;32mI (1900) LLM: Vocab size is 512
[0m
[0;32mI (1900) LLM: Opened Tokenizer File[0m
[0;32mI (1920) LLM: Tokenizer successfully built[0m
[0;32mI (1920) LLM: Sampler Successfully built[0m
Guru Meditation Error: Core  0 panic'ed (LoadProhibited). Exception was unhandled.

Core  0 register dump:
PC      : 0x40388a00  PS      : 0x00060230  A0      : 0x80388b34  A1      : 0x3fca1f30  
A2      : 0x3fcb0c58  A3      : 0x00000200  A4      : 0x00000040  A5      : 0x3fcb58c0  
A6      : 0x00000000  A7      : 0x00000200  A8      : 0x00000000  A9      : 0x00000000  
A10     : 0x000001f8  A11     : 0x00000004  A12     : 0x00000208  A13     : 0x00000000  
A14     : 0x00000008  A15     : 0x3fcab6d0  SAR     : 0x00000014  EXCCAUSE: 0x0000001c  
EXCVADDR: 0x000001fc  LBEG    : 0x4202ac6c  LEND    : 0x4202ac77  LCOUNT  : 0x00000000  


Backtrace: 0x403889fd:0x3fca1f30 0x40388b31:0x3fca1f60 0x40388bea:0x3fca1f80 0x40387a69:0x3fca1fc0 0x4202c6ab:0x3fca22a0 0x4038148d:0x3fca22d0




ELF file SHA256: b52f2da16

Rebooting...
ESP-ROM:esp32s3-20210327
Build:Mar 27 2021
rst:0xc (RTC_SW_CPU_RST),boot:0x8 (SPI_FAST_FLASH_BOOT)
Saved PC:0x40379e54
SPIWP:0xee
Octal Flash Mode Enabled
For OPI Flash, Use Default Flash Boot Mode
mode:SLOW_RD, clock div:1
load:0x3fce2810,len:0x178c
load:0x403c8700,len:0x4
load:0x403c8704,len:0xcb8
load:0x403cb700,len:0x2db0
entry 0x403c8914
[0;32mI (32) boot: ESP-IDF v5.3 2nd stage bootloader[0m
[0;32mI (32) boot: compile time Apr  1 2026 09:02:53[0m
[0;32mI (33) boot: Multicore bootloader[0m
[0;32mI (35) boot: chip revision: v0.2[0m
[0;32mI (39) boot.esp32s3: Boot SPI Speed : 80MHz[0m
[0;32mI (44) boot.esp32s3: SPI Mode       : SLOW READ[0m
[0;32mI (49) boot.esp32s3: SPI Flash Size : 32MB[0m
[0;32mI (54) boot: Enabling RNG early entropy source...[0m
[0;32mI (60) boot: Partition Table:[0m
[0;32mI (63) boot: ## Label            Usage          Type ST Offset   Length[0m
[0;32mI (70) boot:  0 nvs              WiFi data        01 02 00009000 00006000[0m
[0;32mI (78) boot:  1 phy_init         RF data          01 01 0000f000 00001000[0m
[0;32mI (85) boot:  2 factory          factory app      00 00 00010000 00100000[0m
[0;32mI (93) boot:  3 data             Unknown data     01 82 00110000 00200000[0m
[0;32mI (100) boot: End of partition table[0m
[0;32mI (105) esp_image: segment 0: paddr=00010020 vaddr=3c030020 size=0d7ech ( 55276) map[0m
[0;32mI (126) esp_image: segment 1: paddr=0001d814 vaddr=3fc9b000 size=02804h ( 10244) load[0m
[0;32mI (129) esp_image: segment 2: paddr=00020020 vaddr=42000020 size=2cfe0h (184288) map[0m
[0;32mI (176) esp_image: segment 3: paddr=0004d008 vaddr=3fc9d804 size=013a4h (  5028) load[0m
[0;32mI (178) esp_image: segment 4: paddr=0004e3b4 vaddr=40378000 size=12f54h ( 77652) load[0m
[0;32mI (211) boot: Loaded app from partition at offset 0x10000[0m
[0;32mI (211) boot: Disabling RNG early entropy source...[0m
[0;32mI (223) octal_psram: vendor id    : 0x0d (AP)[0m
[0;32mI (223) octal_psram: dev id       : 0x03 (generation 4)[0m
[0;32mI (223) octal_psram: density      : 0x05 (128 Mbit)[0m
[0;32mI (228) octal_psram: good-die     : 0x01 (Pass)[0m
[0;32mI (233) octal_psram: Latency      : 0x01 (Fixed)[0m
[0;32mI (238) octal_psram: VCC          : 0x00 (1.8V)[0m
[0;32mI (244) octal_psram: SRF          : 0x01 (Fast Refresh)[0m
[0;32mI (249) octal_psram: BurstType    : 0x01 (Hybrid Wrap)[0m
[0;32mI (255) octal_psram: BurstLen     : 0x01 (32 Byte)[0m
[0;32mI (261) octal_psram: Readlatency  : 0x02 (10 cycles@Fixed)[0m
[0;32mI (267) octal_psram: DriveStrength: 0x00 (1/1)[0m
[0;32mI (273) MSPI Timing: PSRAM timing tuning index: 6[0m
[0;32mI (277) esp_psram: Found 16MB PSRAM device[0m
[0;32mI (282) esp_psram: Speed: 80MHz[0m
[0;32mI (286) cpu_start: Multicore app[0m
[0;32mI (1181) esp_psram: SPI SRAM memory test OK[0m
[0;32mI (1190) cpu_start: Pro cpu start user code[0m
[0;32mI (1190) cpu_start: cpu freq: 240000000 Hz[0m
[0;32mI (1190) app_init: Application information:[0m
[0;32mI (1193) app_init: Project name:     hello_world[0m
[0;32mI (1199) app_init: App version:      7ea6bab-dirty[0m
[0;32mI (1204) app_init: Compile time:     Apr  1 2026 09:07:37[0m
[0;32mI (1210) app_init: ELF file SHA256:  b52f2da16...[0m
[0;32mI (1216) app_init: ESP-IDF:          v5.3[0m
[0;32mI (1220) efuse_init: Min chip rev:     v0.0[0m
[0;32mI (1225) efuse_init: Max chip rev:     v0.99 [0m
[0;32mI (1230) efuse_init: Chip rev:         v0.2[0m
[0;32mI (1235) heap_init: Initializing. RAM available for dynamic allocation:[0m
[0;32mI (1242) heap_init: At 3FC9F9D0 len 00049D40 (295 KiB): RAM[0m
[0;32mI (1249) heap_init: At 3FCE9710 len 00005724 (21 KiB): RAM[0m
[0;32mI (1255) heap_init: At 3FCF0000 len 00008000 (32 KiB): DRAM[0m
[0;32mI (1261) heap_init: At 600FE100 len 00001EE8 (7 KiB): RTCRAM[0m
[0;32mI (1267) esp_psram: Adding pool of 16384K of PSRAM memory to heap allocator[0m
[0;33mW (1275) spi_flash: Octal flash chip is using but dio mode is selected, will automatically swich to Octal mode[0m
[0;32mI (1286) spi_flash: detected chip: mxic (opi)[0m
[0;32mI (1291) spi_flash: flash io: opi_str[0m
[0;33mW (1295) i2c: This driver is an old driver, please migrate your application code to adapt `driver/i2c_master.h`[0m
[0;32mI (1306) sleep: Configure to isolate all GPIO pins in sleep state[0m
[0;32mI (1313) sleep: Enable automatic switching of GPIO sleep configuration[0m
[0;32mI (1320) main_task: Started on CPU0[0m
[0;32mI (1330) esp_psram: Reserving pool of 32K of internal memory for DMA/internal allocations[0m
[0;32mI (1330) main_task: Calling app_main()[0m
[0;31mE (1340) i2c: i2c_master_cmd_begin(1531): i2c driver not installed[0m
[0;33mW (1340) MAIN: No OLED found (SDA=8 SCL=9) — serial-only mode[0m
[0;32mI (1350) MAIN: Loading Model[0m
[0;32mI (1350) MAIN: Initializing SPIFFS[0m
[0;32mI (1440) MAIN: Partition size: total: 1920401, used: 1072021[0m
[0;32mI (1440) MAIN: LLM Path is /data/stories260K.bin[0m
[0;32mI (1440) LLM: Vocab size if 512[0m
[0;32mI (1470) LLM: File size: 1056540 bytes[0m
[0;32mI (1470) LLM: Free ram available: 17086020[0m
[0;32mI (1880) LLM: Successfully read LLM into memory[0m
[0;32mI (1880) LLM: Free ram available: 16029696[0m
[0;32mI (1880) LLM: Successfully read checkpoint[0m
[0;32mI (1900) LLM: Transformer successfully built[0m
[0;32mI (1900) LLM: Created FreeRTOS Tasks[0m
[0;32mI (1900) LLM: Vocab size is 512
[0m
[0;32mI (1900) LLM: Opened Tokenizer File[0m
[0;32mI (1920) LLM: Tokenizer successfully built[0m
[0;32mI (1920) LLM: Sampler Successfully built[0m
Guru Meditation Error: Core  0 panic'ed (LoadProhibited). Exception was unhandled.

Core  0 register dump:
PC      : 0x40388a00  PS      : 0x00060230  A0      : 0x80388b34  A1      : 0x3fca1f30  
A2      : 0x3fcb0c58  A3      : 0x00000200  A4      : 0x00000040  A5      : 0x3fcb58c0  
A6      : 0x00000000  A7      : 0x00000200  A8      : 0x00000000  A9      : 0x00000000  
A10     : 0x000001f8  A11     : 0x00000004  A12     : 0x00000208  A13     : 0x00000000  
A14     : 0x00000008  A15     : 0x3fcab6d0  SAR     : 0x00000014  EXCCAUSE: 0x0000001c  
EXCVADDR: 0x000001fc  LBEG    : 0x4202ac6c  LEND    : 0x4202ac77  LCOUNT  : 0x00000000  


Backtrace: 0x403889fd:0x3fca1f30 0x40388b31:0x3fca1f60 0x40388bea:0x3fca1f80 0x40387a69:0x3fca1fc0 0x4202c6ab:0x3fca22a0 0x4038148d:0x3fca22d0




ELF file SHA256: b52f2da16

Rebooting...
ESP-ROM:esp32s3-20210327
Build:Mar 27 2021
rst:0xc (RTC_SW_CPU_RST),boot:0x8 (SPI_FAST_FLASH_BOOT)
Saved PC:0x40379e54
SPIWP:0xee
Octal Flash Mode Enabled
For OPI Flash, Use Default Flash Boot Mode
mode:SLOW_RD, clock div:1
load:0x3fce2810,len:0x178c
load:0x403c8700,len:0x4
load:0x403c8704,len:0xcb8
load:0x403cb700,len:0x2db0
entry 0x403c8914
[0;32mI (32) boot: ESP-IDF v5.3 2nd stage bootloader[0m
[0;32mI (32) boot: compile time Apr  1 2026 09:02:53[0m
[0;32mI (33) boot: Multicore bootloader[0m
[0;32mI (35) boot: chip revision: v0.2[0m
[0;32mI (39) boot.esp32s3: Boot SPI Speed : 80MHz[0m
[0;32mI (44) boot.esp32s3: SPI Mode       : SLOW READ[0m
[0;32mI (49) boot.esp32s3: SPI Flash Size : 32MB[0m
[0;32mI (54) boot: Enabling RNG early entropy source...[0m
[0;32mI (60) boot: Partition Table:[0m
[0;32mI (63) boot: ## Label            Usage          Type ST Offset   Length[0m
[0;32mI (70) boot:  0 nvs              WiFi data        01 02 00009000 00006000[0m
[0;32mI (78) boot:  1 phy_init         RF data          01 01 0000f000 00001000[0m
[0;32mI (85) boot:  2 factory          factory app      00 00 00010000 00100000[0m
[0;32mI (93) boot:  3 data             Unknown data     01 82 00110000 00200000[0m
[0;32mI (100) boot: End of partition table[0m
[0;32mI (105) esp_image: segment 0: paddr=00010020 vaddr=3c030020 size=0d7ech ( 55276) map[0m
[0;32mI (126) esp_image: segment 1: paddr=0001d814 vaddr=3fc9b000 size=02804h ( 10244) load[0m
[0;32mI (129) esp_image: segment 2: paddr=00020020 vaddr=42000020 size=2cfe0h (184288) map[0m
[0;32mI (176) esp_image: segment 3: paddr=0004d008 vaddr=3fc9d804 size=013a4h (  5028) load[0m
[0;32mI (178) esp_image: segment 4: paddr=0004e3b4 vaddr=40378000 size=12f54h ( 77652) load[0m
[0;32mI (211) boot: Loaded app from partition at offset 0x10000[0m
[0;32mI (211) boot: Disabling RNG early entropy source...[0m
[0;32mI (223) octal_psram: vendor id    : 0x0d (AP)[0m
[0;32mI (223) octal_psram: dev id       : 0x03 (generation 4)[0m
[0;32mI (223) octal_psram: density      : 0x05 (128 Mbit)[0m
[0;32mI (228) octal_psram: good-die     : 0x01 (Pass)[0m
[0;32mI (233) octal_psram: Latency      : 0x01 (Fixed)[0m
[0;32mI (238) octal_psram: VCC          : 0x00 (1.8V)[0m
[0;32mI (244) octal_psram: SRF          : 0x01 (Fast Refresh)[0m
[0;32mI (249) octal_psram: BurstType    : 0x01 (Hybrid Wrap)[0m
[0;32mI (255) octal_psram: BurstLen     : 0x01 (32 Byte)[0m
[0;32mI (261) octal_psram: Readlatency  : 0x02 (10 cycles@Fixed)[0m
[0;32mI (267) octal_psram: DriveStrength: 0x00 (1/1)[0m
[0;32mI (273) MSPI Timing: PSRAM timing tuning index: 6[0m
[0;32mI (277) esp_psram: Found 16MB PSRAM device[0m
[0;32mI (282) esp_psram: Speed: 80MHz[0m
[0;32mI (286) cpu_start: Multicore app[0m
[0;32mI (1181) esp_psram: SPI SRAM memory test OK[0m
[0;32mI (1190) cpu_start: Pro cpu start user code[0m
[0;32mI (1190) cpu_start: cpu freq: 240000000 Hz[0m
[0;32mI (1190) app_init: Application information:[0m
[0;32mI (1193) app_init: Project name:     hello_world[0m
[0;32mI (1199) app_init: App version:      7ea6bab-dirty[0m
[0;32mI (1204) app_init: Compile time:     Apr  1 2026 09:07:37[0m
[0;32mI (1210) app_init: ELF file SHA256:  b52f2da16...[0m
[0;32mI (1216) app_init: ESP-IDF:          v5.3[0m
[0;32mI (1220) efuse_init: Min chip rev:     v0.0[0m
[0;32mI (1225) efuse_init: Max chip rev:     v0.99 [0m
[0;32mI (1230) efuse_init: Chip rev:         v0.2[0m
[0;32mI (1235) heap_init: Initializing. RAM available for dynamic allocation:[0m
[0;32mI (1242) heap_init: At 3FC9F9D0 len 00049D40 (295 KiB): RAM[0m
[0;32mI (1249) heap_init: At 3FCE9710 len 00005724 (21 KiB): RAM[0m
[0;32mI (1255) heap_init: At 3FCF0000 len 00008000 (32 KiB): DRAM[0m
[0;32mI (1261) heap_init: At 600FE100 len 00001EE8 (7 KiB): RTCRAM[0m
[0;32mI (1267) esp_psram: Adding pool of 16384K of PSRAM memory to heap allocator[0m
[0;33mW (1275) spi_flash: Octal flash chip is using but dio mode is selected, will automatically swich to Octal mode[0m
[0;32mI (1286) spi_flash: detected chip: mxic (opi)[0m
[0;32mI (1291) spi_flash: flash io: opi_str[0m
[0;33mW (1295) i2c: This driver is an old driver, please migrate your application code to adapt `driver/i2c_master.h`[0m
[0;32mI (1306) sleep: Configure to isolate all GPIO pins in sleep state[0m
[0;32mI (1313) sleep: Enable automatic switching of GPIO sleep configuration[0m
[0;32mI (1320) main_task: Started on CPU0[0m
[0;32mI (1330) esp_psram: Reserving pool of 32K of internal memory for DMA/internal allocations[0m
[0;32mI (1330) main_task: Calling app_main()[0m
[0;31mE (1340) i2c: i2c_master_cmd_begin(1531): i2c driver not installed[0m
[0;33mW (1340) MAIN: No OLED found (SDA=8 SCL=9) — serial-only mode[0m
[0;32mI (1350) MAIN: Loading Model[0m
[0;32mI (1350) MAIN: Initializing SPIFFS[0m
[0;32mI (1440) MAIN: Partition size: total: 1920401, used: 1072021[0m
[0;32mI (1440) MAIN: LLM Path is /data/stories260K.bin[0m
[0;32mI (1440) LLM: Vocab size if 512[0m
[0;32mI (1470) LLM: File size: 1056540 bytes[0m
[0;32mI (1470) LLM: Free ram available: 17086020[0m
[0;32mI (1880) LLM: Successfully read LLM into memory[0m
[0;32mI (1880) LLM: Free ram available: 16029696[0m
[0;32mI (1880) LLM: Successfully read checkpoint[0m
[0;32mI (1900) LLM: Transformer successfully built[0m
[0;32mI (1900) LLM: Created FreeRTOS Tasks[0m
[0;32mI (1900) LLM: Vocab size is 512
[0m
[0;32mI (1900) LLM: Opened Tokenizer File[0m
[0;32mI (1920) LLM: Tokenizer successfully built[0m
[0;32mI (1920) LLM: Sampler Successfully built[0m
Guru Meditation Error: Core  0 panic'ed (LoadProhibited). Exception was unhandled.

Core  0 register dump:
PC      : 0x40388a00  PS      : 0x00060230  A0      : 0x80388b34  A1      : 0x3fca1f30  
A2      : 0x3fcb0c58  A3      : 0x00000200  A4      : 0x00000040  A5      : 0x3fcb58c0  
A6      : 0x00000000  A7      : 0x00000200  A8      : 0x00000000  A9      : 0x00000000  
A10     : 0x000001f8  A11     : 0x00000004  A12     : 0x00000208  A13     : 0x00000000  
A14     : 0x00000008  A15     : 0x3fcab6d0  SAR     : 0x00000014  EXCCAUSE: 0x0000001c  
EXCVADDR: 0x000001fc  LBEG    : 0x4202ac6c  LEND    : 0x4202ac77  LCOUNT  : 0x00000000  


Backtrace: 0x403889fd:0x3fca1f30 0x40388b31:0x3fca1f60 0x40388bea:0x3fca1f80 0x40387a69:0x3fca1fc0 0x4202c6ab:0x3fca22a0 0x4038148d:0x3fca22d0




ELF file SHA256: b52f2da16

Rebooting...
ESP-ROM:esp32s3-20210327
Build:Mar 27 2021
rst:0xc (RTC_SW_CPU_RST),boot:0x8 (SPI_FAST_FLASH_BOOT)
Saved PC:0x40379e54
SPIWP:0xee
Octal Flash Mode Enabled
For OPI Flash, Use Default Flash Boot Mode
mode:SLOW_RD, clock div:1
load:0x3fce2810,len:0x178c
load:0x403c8700,len:0x4
load:0x403c8704,len:0xcb8
load:0x403cb700,len:0x2db0
entry 0x403c8914
[0;32mI (32) boot: ESP-IDF v5.3 2nd stage bootloader[0m
[0;32mI (32) boot: compile time Apr  1 2026 09:02:53[0m
[0;32mI (33) boot: Multicore bootloader[0m
[0;32mI (35) boot: chip revision: v0.2[0m
[0;32mI (39) boot.esp32s3: Boot SPI Speed : 80MHz[0m
[0;32mI (44) boot.esp32s3: SPI Mode       : SLOW READ[0m
[0;32mI (49) boot.esp32s3: SPI Flash Size : 32MB[0m
[0;32mI (54) boot: Enabling RNG early entropy source...[0m
[0;32mI (60) boot: Partition Table:[0m
[0;32mI (63) boot: ## Label            Usage          Type ST Offset   Length[0m
[0;32mI (70) boot:  0 nvs              WiFi data        01 02 00009000 00006000[0m
[0;32mI (78) boot:  1 phy_init         RF data          01 01 0000f000 00001000[0m
[0;32mI (85) boot:  2 factory          factory app      00 00 00010000 00100000[0m
[0;32mI (93) boot:  3 data             Unknown data     01 82 00110000 00200000[0m
[0;32mI (100) boot: End of partition table[0m
[0;32mI (105) esp_image: segment 0: paddr=00010020 vaddr=3c030020 size=0d7ech ( 55276) map[0m
[0;32mI (126) esp_image: segment 1: paddr=0001d814 vaddr=3fc9b000 size=02804h ( 10244) load[0m
[0;32mI (129) esp_image: segment 2: paddr=00020020 vaddr=42000020 size=2cfe0h (184288) map[0m
[0;32mI (176) esp_image: segment 3: paddr=0004d008 vaddr=3fc9d804 size=013a4h (  5028) load[0m
[0;32mI (178) esp_image: segment 4: paddr=0004e3b4 vaddr=40378000 size=12f54h ( 77652) load[0m
[0;32mI (211) boot: Loaded app from partition at offset 0x10000[0m
[0;32mI (211) boot: Disabling RNG early entropy source...[0m
[0;32mI (223) octal_psram: vendor id    : 0x0d (AP)[0m
[0;32mI (223) octal_psram: dev id       : 0x03 (generation 4)[0m
[0;32mI (223) octal_psram: density      : 0x05 (128 Mbit)[0m
[0;32mI (228) octal_psram: good-die     : 0x01 (Pass)[0m
[0;32mI (233) octal_psram: Latency      : 0x01 (Fixed)[0m
[0;32mI (238) octal_psram: VCC          : 0x00 (1.8V)[0m
[0;32mI (244) octal_psram: SRF          : 0x01 (Fast Refresh)[0m
[0;32mI (249) octal_psram: BurstType    : 0x01 (Hybrid Wrap)[0m
[0;32mI (255) octal_psram: BurstLen     : 0x01 (32 Byte)[0m
[0;32mI (261) octal_psram: Readlatency  : 0x02 (10 cycles@Fixed)[0m
[0;32mI (267) octal_psram: DriveStrength: 0x00 (1/1)[0m
[0;32mI (273) MSPI Timing: PSRAM timing tuning index: 6[0m
[0;32mI (277) esp_psram: Found 16MB PSRAM device[0m
[0;32mI (282) esp_psram: Speed: 80MHz[0m
[0;32mI (286) cpu_start: Multicore app[0m
[0;32mI (1181) esp_psram: SPI SRAM memory test OK[0m
[0;32mI (1190) cpu_start: Pro cpu start user code[0m
[0;32mI (1190) cpu_start: cpu freq: 240000000 Hz[0m
[0;32mI (1190) app_init: Application information:[0m
[0;32mI (1193) app_init: Project name:     hello_world[0m
[0;32mI (1199) app_init: App version:      7ea6bab-dirty[0m
[0;32mI (1204) app_init: Compile time:     Apr  1 2026 09:07:37[0m
[0;32mI (1210) app_init: ELF file SHA256:  b52f2da16...[0m
[0;32mI (1216) app_init: ESP-IDF:          v5.3[0m
[0;32mI (1220) efuse_init: Min chip rev:     v0.0[0m
[0;32mI (1225) efuse_init: Max chip rev:     v0.99 [0m
[0;32mI (1230) efuse_init: Chip rev:         v0.2[0m
[0;32mI (1235) heap_init: Initializing. RAM available for dynamic allocation:[0m
[0;32mI (1242) heap_init: At 3FC9F9D0 len 00049D40 (295 KiB): RAM[0m
[0;32mI (1249) heap_init: At 3FCE9710 len 00005724 (21 KiB): RAM[0m
[0;32mI (1255) heap_init: At 3FCF0000 len 00008000 (32 KiB): DRAM[0m
[0;32mI (1261) heap_init: At 600FE100 len 00001EE8 (7 KiB): RTCRAM[0m
[0;32mI (1267) esp_psram: Adding pool of 16384K of PSRAM memory to heap allocator[0m
[0;33mW (1275) spi_flash: Octal flash chip is using but dio mode is selected, will automatically swich to Octal mode[0m
[0;32mI (1286) spi_flash: detected chip: mxic (opi)[0m
[0;32mI (1291) spi_flash: flash io: opi_str[0m
[0;33mW (1295) i2c: This driver is an old driver, please migrate your application code to adapt `driver/i2c_master.h`[0m
[0;32mI (1306) sleep: Configure to isolate all GPIO pins in sleep state[0m
[0;32mI (1313) sleep: Enable automatic switching of GPIO sleep configuration[0m
[0;32mI (1320) main_task: Started on CPU0[0m
[0;32mI (1330) esp_psram: Reserving pool of 32K of internal memory for DMA/internal allocations[0m
[0;32mI (1330) main_task: Calling app_main()[0m
[0;31mE (1340) i2c: i2c_master_cmd_begin(1531): i2c driver not installed[0m
[0;33mW (1340) MAIN: No OLED found (SDA=8 SCL=9) — serial-only mode[0m
[0;32mI (1350) MAIN: Loading Model[0m
[0;32mI (1350) MAIN: Initializing SPIFFS[0m
[0;32mI (1440) MAIN: Partition size: total: 1920401, used: 1072021[0m
[0;32mI (1440) MAIN: LLM Path is /data/stories260K.bin[0m
[0;32mI (1440) LLM: Vocab size if 512[0m
[0;32mI (1470) LLM: File size: 1056540 bytes[0m
[0;32mI (1470) LLM: Free ram available: 17086020[0m
[0;32mI (1880) LLM: Successfully read LLM into memory[0m
[0;32mI (1880) LLM: Free ram available: 16029696[0m
[0;32mI (1880) LLM: Successfully read checkpoint[0m
[0;32mI (1900) LLM: Transformer successfully built[0m
[0;32mI (1900) LLM: Created FreeRTOS Tasks[0m
[0;32mI (1900) LLM: Vocab size is 512
[0m
[0;32mI (1900) LLM: Opened Tokenizer File[0m
[0;32mI (1920) LLM: Tokenizer successfully built[0m
[0;32mI (1920) LLM: Sampler Successfully built[0m
Guru Meditation Error: Core  0 panic'ed (LoadProhibited). Exception was unhandled.

Core  0 register dump:
PC      : 0x40388a00  PS      : 0x00060230  A0      : 0x80388b34  A1      : 0x3fca1f30  
A2      : 0x3fcb0c58  A3      : 0x00000200  A4      : 0x00000040  A5      : 0x3fcb58c0  
A6      : 0x00000000  A7      : 0x00000200  A8      : 0x00000000  A9      : 0x00000000  
A10     : 0x000001f8  A11     : 0x00000004  A12     : 0x00000208  A13     : 0x00000000  
A14     : 0x00000008  A15     : 0x3fcab6d0  SAR     : 0x00000014  EXCCAUSE: 0x0000001c  
EXCVADDR: 0x000001fc  LBEG    : 0x4202ac6c  LEND    : 0x4202ac77  LCOUNT  : 0x00000000  


Backtrace: 0x403889fd:0x3fca1f30 0x40388b31:0x3fca1f60 0x40388bea:0x3fca1f80 0x40387a69:0x3fca1fc0 0x4202c6ab:0x3fca22a0 0x4038148d:0x3fca22d0




ELF file SHA256: b52f2da16

Rebooting...
ESP-ROM:esp32s3-20210327
Build:Mar 27 2021
rst:0xc (RTC_SW_CPU_RST),boot:0x8 (SPI_FAST_FLASH_BOOT)
Saved PC:0x40379e54
SPIWP:0xee
Octal Flash Mode Enabled
For OPI Flash, Use Default Flash Boot Mode
mode:SLOW_RD, clock div:1
load:0x3fce2810,len:0x178c
load:0x403c8700,len:0x4
load:0x403c8704,len:0xcb8
load:0x403cb700,len:0x2db0
entry 0x403c8914
[0;32mI (32) boot: ESP-IDF v5.3 2nd stage bootloader[0m
[0;32mI (32) boot: compile time Apr  1 2026 09:02:53[0m
[0;32mI (33) boot: Multicore bootloader[0m
[0;32mI (35) boot: chip revision: v0.2[0m
[0;32mI (39) boot.esp32s3: Boot SPI Speed : 80MHz[0m
[0;32mI (44) boot.esp32s3: SPI Mode       : SLOW READ[0m
[0;32mI (49) boot.esp32s3: SPI Flash Size : 32MB[0m
[0;32mI (54) boot: Enabling RNG early entropy source...[0m
[0;32mI (60) boot: Partition Table:[0m
[0;32mI (63) boot: ## Label            Usage          Type ST Offset   Length[0m
[0;32mI (70) boot:  0 nvs              WiFi data        01 02 00009000 00006000[0m
[0;32mI (78) boot:  1 phy_init         RF data          01 01 0000f000 00001000[0m
[0;32mI (85) boot:  2 factory          factory app      00 00 00010000 00100000[0m
[0;32mI (93) boot:  3 data             Unknown data     01 82 00110000 00200000[0m
[0;32mI (100) boot: End of partition table[0m
[0;32mI (105) esp_image: segment 0: paddr=00010020 vaddr=3c030020 size=0d7ech ( 55276) map[0m
[0;32mI (126) esp_image: segment 1: paddr=0001d814 vaddr=3fc9b000 size=02804h ( 10244) load[0m
[0;32mI (129) esp_image: segment 2: paddr=00020020 vaddr=42000020 size=2cfe0h (184288) map[0m
[0;32mI (176) esp_image: segment 3: paddr=0004d008 vaddr=3fc9d804 size=013a4h (  5028) load[0m
[0;32mI (178) esp_image: segment 4: paddr=0004e3b4 vaddr=40378000 size=12f54h ( 77652) load[0m
[0;32mI (211) boot: Loaded app from partition at offset 0x10000[0m
[0;32mI (211) boot: Disabling RNG early entropy source...[0m
[0;32mI (223) octal_psram: vendor id    : 0x0d (AP)[0m
[0;32mI (223) octal_psram: dev id       : 0x03 (generation 4)[0m
[0;32mI (223) octal_psram: density      : 0x05 (128 Mbit)[0m
[0;32mI (228) octal_psram: good-die     : 0x01 (Pass)[0m
[0;32mI (233) octal_psram: Latency      : 0x01 (Fixed)[0m
[0;32mI (238) octal_psram: VCC          : 0x00 (1.8V)[0m
[0;32mI (244) octal_psram: SRF          : 0x01 (Fast Refresh)[0m
[0;32mI (249) octal_psram: BurstType    : 0x01 (Hybrid Wrap)[0m
[0;32mI (255) octal_psram: BurstLen     : 0x01 (32 Byte)[0m
[0;32mI (261) octal_psram: Readlatency  : 0x02 (10 cycles@Fixed)[0m
[0;32mI (267) octal_psram: DriveStrength: 0x00 (1/1)[0m
[0;32mI (273) MSPI Timing: PSRAM timing tuning index: 6[0m
[0;32mI (277) esp_psram: Found 16MB PSRAM device[0m
[0;32mI (282) esp_psram: Speed: 80MHz[0m
[0;32mI (286) cpu_start: Multicore app[0m
[0;32mI (1181) esp_psram: SPI SRAM memory test OK[0m
[0;32mI (1190) cpu_start: Pro cpu start user code[0m
[0;32mI (1190) cpu_start: cpu freq: 240000000 Hz[0m
[0;32mI (1190) app_init: Application information:[0m
[0;32mI (1193) app_init: Project name:     hello_world[0m
[0;32mI (1199) app_init: App version:      7ea6bab-dirty[0m
[0;32mI (1204) app_init: Compile time:     Apr  1 2026 09:07:37[0m
[0;32mI (1210) app_init: ELF file SHA256:  b52f2da16...[0m
[0;32mI (1216) app_init: ESP-IDF:          v5.3[0m
[0;32mI (1220) efuse_init: Min chip rev:     v0.0[0m
[0;32mI (1225) efuse_init: Max chip rev:     v0.99 [0m
[0;32mI (1230) efuse_init: Chip rev:         v0.2[0m
[0;32mI (1235) heap_init: Initializing. RAM available for dynamic allocation:[0m
[0;32mI (1242) heap_init: At 3FC9F9D0 len 00049D40 (295 KiB): RAM[0m
[0;32mI (1249) heap_init: At 3FCE9710 len 00005724 (21 KiB): RAM[0m
[0;32mI (1255) heap_init: At 3FCF0000 len 00008000 (32 KiB): DRAM[0m
[0;32mI (1261) heap_init: At 600FE100 len 00001EE8 (7 KiB): RTCRAM[0m
[0;32mI (1267) esp_psram: Adding pool of 16384K of PSRAM memory to heap allocator[0m
[0;33mW (1275) spi_flash: Octal flash chip is using but dio mode is selected, will automatically swich to Octal mode[0m
[0;32mI (1286) spi_flash: detected chip: mxic (opi)[0m
[0;32mI (1291) spi_flash: flash io: opi_str[0m
[0;33mW (1295) i2c: This driver is an old driver, please migrate your application code to adapt `driver/i2c_master.h`[0m
[0;32mI (1306) sleep: Configure to isolate all GPIO pins in sleep state[0m
[0;32mI (1313) sleep: Enable automatic switching of GPIO sleep configuration[0m
[0;32mI (1320) main_task: Started on CPU0[0m
[0;32mI (1330) esp_psram: Reserving pool of 32K of internal memory for DMA/internal allocations[0m
[0;32mI (1330) main_task: Calling app_main()[0m
[0;31mE (1340) i2c: i2c_master_cmd_begin(1531): i2c driver not installed[0m
[0;33mW (1340) MAIN: No OLED found (SDA=8 SCL=9) — serial-only mode[0m
[0;32mI (1350) MAIN: Loading Model[0m
[0;32mI (1350) MAIN: Initializing SPIFFS[0m
[0;32mI (1440) MAIN: Partition size: total: 1920401, used: 1072021[0m
[0;32mI (1440) MAIN: LLM Path is /data/stories260K.bin[0m
[0;32mI (1440) LLM: Vocab size if 512[0m
[0;32mI (1470) LLM: File size: 1056540 bytes[0m
[0;32mI (1470) LLM: Free ram available: 17086020[0m
[0;32mI (1880) LLM: Successfully read LLM into memory[0m
[0;32mI (1880) LLM: Free ram available: 16029696[0m
[0;32mI (1880) LLM: Successfully read checkpoint[0m
[0;32mI (1900) LLM: Transformer successfully built[0m
[0;32mI (1900) LLM: Created FreeRTOS Tasks[0m
[0;32mI (1900) LLM: Vocab size is 512
[0m
[0;32mI (1900) LLM: Opened Tokenizer File[0m
[0;32mI (1920) LLM: Tokenizer successfully built[0m
[0;32mI (1920) LLM: Sampler Successfully built[0m
Guru Meditation Error: Core  0 panic'ed (LoadProhibited). Exception was unhandled.

Core  0 register dump:
PC      : 0x40388a00  PS      : 0x00060230  A0      : 0x80388b34  A1      : 0x3fca1f30  
A2      : 0x3fcb0c58  A3      : 0x00000200  A4      : 0x00000040  A5      : 0x3fcb58c0  
A6      : 0x00000000  A7      : 0x00000200  A8      : 0x00000000  A9      : 0x00000000  
A10     : 0x000001f8  A11     : 0x00000004  A12     : 0x00000208  A13     : 0x00000000  
A14     : 0x00000008  A15     : 0x3fcab6d0  SAR     : 0x00000014  EXCCAUSE: 0x0000001c  
EXCVADDR: 0x000001fc  LBEG    : 0x4202ac6c  LEND    : 0x4202ac77  LCOUNT  : 0x00000000  


Backtrace: 0x403889fd:0x3fca1f30 0x40388b31:0x3fca1f60 0x40388bea:0x3fca1f80 0x40387a69:0x3fca1fc0 0x4202c6ab:0x3fca22a0 0x4038148d:0x3fca22d0




ELF file SHA256: b52f2da16

Rebooting...
ESP-ROM:esp32s3-20210327
Build:Mar 27 2021
rst:0xc (RTC_SW_CPU_RST),boot:0x8 (SPI_FAST_FLASH_BOOT)
Saved PC:0x40379e54
SPIWP:0xee
Octal Flash Mode Enabled
For OPI Flash, Use Default Flash Boot Mode
mode:SLOW_RD, clock div:1
load:0x3fce2810,len:0x178c
load:0x403c8700,len:0x4
load:0x403c8704,len:0xcb8
load:0x403cb700,len:0x2db0
entry 0x403c8914
[0;32mI (32) boot: ESP-IDF v5.3 2nd stage bootloader[0m
[0;32mI (32) boot: compile time Apr  1 2026 09:02:53[0m
[0;32mI (33) boot: Multicore bootloader[0m
[0;32mI (35) boot: chip revision: v0.2[0m
[0;32mI (39) boot.esp32s3: Boot SPI Speed : 80MHz[0m
[0;32mI (44) boot.esp32s3: SPI Mode       : SLOW READ[0m
[0;32mI (49) boot.esp32s3: SPI Flash Size : 32MB[0m
[0;32mI (54) boot: Enabling RNG early entropy source...[0m
[0;32mI (60) boot: Partition Table:[0m
[0;32mI (63) boot: ## Label            Usage          Type ST Offset   Length[0m
[0;32mI (70) boot:  0 nvs              WiFi data        01 02 00009000 00006000[0m
[0;32mI (78) boot:  1 phy_init         RF data          01 01 0000f000 00001000[0m
[0;32mI (85) boot:  2 factory          factory app      00 00 00010000 00100000[0m
[0;32mI (93) boot:  3 data             Unknown data     01 82 00110000 00200000[0m
[0;32mI (100) boot: End of partition table[0m
[0;32mI (105) esp_image: segment 0: paddr=00010020 vaddr=3c030020 size=0d7ech ( 55276) map[0m
[0;32mI (126) esp_image: segment 1: paddr=0001d814 vaddr=3fc9b000 size=02804h ( 10244) load[0m
[0;32mI (129) esp_image: segment 2: paddr=00020020 vaddr=42000020 size=2cfe0h (184288) map[0m
[0;32mI (176) esp_image: segment 3: paddr=0004d008 vaddr=3fc9d804 size=013a4h (  5028) load[0m
[0;32mI (178) esp_image: segment 4: paddr=0004e3b4 vaddr=40378000 size=12f54h ( 77652) load[0m
[0;32mI (211) boot: Loaded app from partition at offset 0x10000[0m
[0;32mI (211) boot: Disabling RNG early entropy source...[0m
[0;32mI (223) octal_psram: vendor id    : 0x0d (AP)[0m
[0;32mI (223) octal_psram: dev id       : 0x03 (generation 4)[0m
[0;32mI (223) octal_psram: density      : 0x05 (128 Mbit)[0m
[0;32mI (228) octal_psram: good-die     : 0x01 (Pass)[0m
[0;32mI (233) octal_psram: Latency      : 0x01 (Fixed)[0m
[0;32mI (238) octal_psram: VCC          : 0x00 (1.8V)[0m
[0;32mI (244) octal_psram: SRF          : 0x01 (Fast Refresh)[0m
[0;32mI (249) octal_psram: BurstType    : 0x01 (Hybrid Wrap)[0m
[0;32mI (255) octal_psram: BurstLen     : 0x01 (32 Byte)[0m
[0;32mI (261) octal_psram: Readlatency  : 0x02 (10 cycles@Fixed)[0m
[0;32mI (267) octal_psram: DriveStrength: 0x00 (1/1)[0m
[0;32mI (273) MSPI Timing: PSRAM timing tuning index: 6[0m
[0;32mI (277) esp_psram: Found 16MB PSRAM device[0m
[0;32mI (282) esp_psram: Speed: 80MHz[0m
[0;32mI (286) cpu_start: Multicore app[0m
[0;32mI (1181) esp_psram: SPI SRAM memory test OK[0m
[0;32mI (1190) cpu_start: Pro cpu start user code[0m
[0;32mI (1190) cpu_start: cpu freq: 240000000 Hz[0m
[0;32mI (1190) app_init: Application information:[0m
[0;32mI (1193) app_init: Project name:     hello_world[0m
[0;32mI (1199) app_init: App version:      7ea6bab-dirty[0m
[0;32mI (1204) app_init: Compile time:     Apr  1 2026 09:07:37[0m
[0;32mI (1210) app_init: ELF file SHA256:  b52f2da16...[0m
[0;32mI (1216) app_init: ESP-IDF:          v5.3[0m
[0;32mI (1220) efuse_init: Min chip rev:     v0.0[0m
[0;32mI (1225) efuse_init: Max chip rev:     v0.99 [0m
[0;32mI (1230) efuse_init: Chip rev:         v0.2[0m
[0;32mI (1235) heap_init: Initializing. RAM available for dynamic allocation:[0m
[0;32mI (1242) heap_init: At 3FC9F9D0 len 00049D40 (295 KiB): RAM[0m
[0;32mI (1249) heap_init: At 3FCE9710 len 00005724 (21 KiB): RAM[0m
[0;32mI (1255) heap_init: At 3FCF0000 len 00008000 (32 KiB): DRAM[0m
[0;32mI (1261) heap_init: At 600FE100 len 00001EE8 (7 KiB): RTCRAM[0m
[0;32mI (1267) esp_psram: Adding pool of 16384K of PSRAM memory to heap allocator[0m
[0;33mW (1275) spi_flash: Octal flash chip is using but dio mode is selected, will automatically swich to Octal mode[0m
[0;32mI (1286) spi_flash: detected chip: mxic (opi)[0m
[0;32mI (1291) spi_flash: flash io: opi_str[0m
[0;33mW (1295) i2c: This driver is an old driver, please migrate your application code to adapt `driver/i2c_master.h`[0m
[0;32mI (1306) sleep: Configure to isolate all GPIO pins in sleep state[0m
[0;32mI (1313) sleep: Enable automatic switching of GPIO sleep configuration[0m
[0;32mI (1320) main_task: Started on CPU0[0m
[0;32mI (1330) esp_psram: Reserving pool of 32K of internal memory for DMA/internal allocations[0m
[0;32mI (1330) main_task: Calling app_main()[0m
[0;31mE (1340) i2c: i2c_master_cmd_begin(1531): i2c driver not installed[0m
[0;33mW (1340) MAIN: No OLED found (SDA=8 SCL=9) — serial-only mode[0m
[0;32mI (1350) MAIN: Loading Model[0m
[0;32mI (1350) MAIN: Initializing SPIFFS[0m
[0;32mI (1440) MAIN: Partition size: total: 1920401, used: 1072021[0m
[0;32mI (1440) MAIN: LLM Path is /data/stories260K.bin[0m
[0;32mI (1440) LLM: Vocab size if 512[0m
[0;32mI (1470) LLM: File size: 1056540 bytes[0m
[0;32mI (1470) LLM: Free ram available: 17086020[0m
[0;32mI (1880) LLM: Successfully read LLM into memory[0m
[0;32mI (1880) LLM: Free ram available: 16029696[0m
[0;32mI (1880) LLM: Successfully read checkpoint[0m
[0;32mI (1900) LLM: Transformer successfully built[0m
[0;32mI (1900) LLM: Created FreeRTOS Tasks[0m
[0;32mI (1900) LLM: Vocab size is 512
[0m
[0;32mI (1900) LLM: Opened Tokenizer File[0m
[0;32mI (1920) LLM: Tokenizer successfully built[0m
[0;32mI (1920) LLM: Sampler Successfully built[0m
Guru Meditation Error: Core  0 panic'ed (LoadProhibited). Exception was unhandled.

Core  0 register dump:
PC      : 0x40388a00  PS      : 0x00060230  A0      : 0x80388b34  A1      : 0x3fca1f30  
A2      : 0x3fcb0c58  A3      : 0x00000200  A4      : 0x00000040  A5      : 0x3fcb58c0  
A6      : 0x00000000  A7      : 0x00000200  A8      : 0x00000000  A9      : 0x00000000  
A10     : 0x000001f8  A11     : 0x00000004  A12     : 0x00000208  A13     : 0x00000000  
A14     : 0x00000008  A15     : 0x3fcab6d0  SAR     : 0x00000014  EXCCAUSE: 0x0000001c  
EXCVADDR: 0x000001fc  LBEG    : 0x4202ac6c  LEND    : 0x4202ac77  LCOUNT  : 0x00000000  


Backtrace: 0x403889fd:0x3fca1f30 0x40388b31:0x3fca1f60 0x40388bea:0x3fca1f80 0x40387a69:0x3fca1fc0 0x4202c6ab:0x3fca22a0 0x4038148d:0x3fca22d0




ELF file SHA256: b52f2da16

Rebooting...
ESP-ROM:esp32s3-20210327
Build:Mar 27 2021
rst:0xc (RTC_SW_CPU_RST),boot:0x8 (SPI_FAST_FLASH_BOOT)
Saved PC:0x40379e54
SPIWP:0xee
Octal Flash Mode Enabled
For OPI Flash, Use Default Flash Boot Mode
mode:SLOW_RD, clock div:1
load:0x3fce2810,len:0x178c
load:0x403c8700,len:0x4
load:0x403c8704,len:0xcb8
load:0x403cb700,len:0x2db0
entry 0x403c8914
[0;32mI (32) boot: ESP-IDF v5.3 2nd stage bootloader[0m
[0;32mI (32) boot: compile time Apr  1 2026 09:02:53[0m
[0;32mI (33) boot: Multicore bootloader[0m
[0;32mI (35) boot: chip revision: v0.2[0m
[0;32mI (39) boot.esp32s3: Boot SPI Speed : 80MHz[0m
[0;32mI (44) boot.esp32s3: SPI Mode       : SLOW READ[0m
[0;32mI (49) boot.esp32s3: SPI Flash Size : 32MB[0m
[0;32mI (54) boot: Enabling RNG early entropy source...[0m
[0;32mI (60) boot: Partition Table:[0m
[0;32mI (63) boot: ## Label            Usage          Type ST Offset   Length[0m
[0;32mI (70) boot:  0 nvs              WiFi data        01 02 00009000 00006000[0m
[0;32mI (78) boot:  1 phy_init         RF data          01 01 0000f000 00001000[0m
[0;32mI (85) boot:  2 factory          factory app      00 00 00010000 00100000[0m
[0;32mI (93) boot:  3 data             Unknown data     01 82 00110000 00200000[0m
[0;32mI (100) boot: End of partition table[0m
[0;32mI (105) esp_image: segment 0: paddr=00010020 vaddr=3c030020 size=0d7ech ( 55276) map[0m
[0;32mI (126) esp_image: segment 1: paddr=0001d814 vaddr=3fc9b000 size=02804h ( 10244) load[0m
[0;32mI (129) esp_image: segment 2: paddr=00020020 vaddr=42000020 size=2cfe0h (184288) map[0m
[0;32mI (176) esp_image: segment 3: paddr=0004d008 vaddr=3fc9d804 size=013a4h (  5028) load[0m
[0;32mI (178) esp_image: segment 4: paddr=0004e3b4 vaddr=40378000 size=12f54h ( 77652) load[0m
[0;32mI (211) boot: Loaded app from partition at offset 0x10000[0m
[0;32mI (211) boot: Disabling RNG early entropy source...[0m
[0;32mI (223) octal_psram: vendor id    : 0x0d (AP)[0m
[0;32mI (223) octal_psram: dev id       : 0x03 (generation 4)[0m
[0;32mI (223) octal_psram: density      : 0x05 (128 Mbit)[0m
[0;32mI (228) octal_psram: good-die     : 0x01 (Pass)[0m
[0;32mI (233) octal_psram: Latency      : 0x01 (Fixed)[0m
[0;32mI (238) octal_psram: VCC          : 0x00 (1.8V)[0m
[0;32mI (244) octal_psram: SRF          : 0x01 (Fast Refresh)[0m
[0;32mI (249) octal_psram: BurstType    : 0x01 (Hybrid Wrap)[0m
[0;32mI (255) octal_psram: BurstLen     : 0x01 (32 Byte)[0m
[0;32mI (261) octal_psram: Readlatency  : 0x02 (10 cycles@Fixed)[0m
[0;32mI (267) octal_psram: DriveStrength: 0x00 (1/1)[0m
[0;32mI (273) MSPI Timing: PSRAM timing tuning index: 6[0m
[0;32mI (277) esp_psram: Found 16MB PSRAM device[0m
[0;32mI (282) esp_psram: Speed: 80MHz[0m
[0;32mI (286) cpu_start: Multicore app[0m
[0;32mI (1181) esp_psram: SPI SRAM memory test OK[0m
[0;32mI (1190) cpu_start: Pro cpu start user code[0m
[0;32mI (1190) cpu_start: cpu freq: 240000000 Hz[0m
[0;32mI (1190) app_init: Application information:[0m
[0;32mI (1193) app_init: Project name:     hello_world[0m
[0;32mI (1199) app_init: App version:      7ea6bab-dirty[0m
[0;32mI (1204) app_init: Compile time:     Apr  1 2026 09:07:37[0m
[0;32mI (1210) app_init: ELF file SHA256:  b52f2da16...[0m
[0;32mI (1216) app_init: ESP-IDF:          v5.3[0m
[0;32mI (1220) efuse_init: Min chip rev:     v0.0[0m
[0;32mI (1225) efuse_init: Max chip rev:     v0.99 [0m
[0;32mI (1230) efuse_init: Chip rev:         v0.2[0m
[0;32mI (1235) heap_init: Initializing. RAM available for dynamic allocation:[0m
[0;32mI (1242) heap_init: At 3FC9F9D0 len 00049D40 (295 KiB): RAM[0m
[0;32mI (1249) heap_init: At 3FCE9710 len 00005724 (21 KiB): RAM[0m
[0;32mI (1255) heap_init: At 3FCF0000 len 00008000 (32 KiB): DRAM[0m
[0;32mI (1261) heap_init: At 600FE100 len 00001EE8 (7 KiB): RTCRAM[0m
[0;32mI (1267) esp_psram: Adding pool of 16384K of PSRAM memory to heap allocator[0m
[0;33mW (1275) spi_flash: Octal flash chip is using but dio mode is selected, will automatically swich to Octal mode[0m
[0;32mI (1286) spi_flash: detected chip: mxic (opi)[0m
[0;32mI (1291) spi_flash: flash io: opi_str[0m
[0;33mW (1295) i2c: This driver is an old driver, please migrate your application code to adapt `driver/i2c_master.h`[0m
[0;32mI (1306) sleep: Configure to isolate all GPIO pins in sleep state[0m
[0;32mI (1313) sleep: Enable automatic switching of GPIO sleep configuration[0m
[0;32mI (1320) main_task: Started on CPU0[0m
[0;32mI (1330) esp_psram: Reserving pool of 32K of internal memory for DMA/internal allocations[0m
[0;32mI (1330) main_task: Calling app_main()[0m
[0;31mE (1340) i2c: i2c_master_cmd_begin(1531): i2c driver not installed[0m
[0;33mW (1340) MAIN: No OLED found (SDA=8 SCL=9) — serial-only mode[0m
[0;32mI (1350) MAIN: Loading Model[0m
[0;32mI (1350) MAIN: Initializing SPIFFS[0m
[0;32mI (1440) MAIN: Partition size: total: 1920401, used: 1072021[0m
[0;32mI (1440) MAIN: LLM Path is /data/stories260K.bin[0m
[0;32mI (1440) LLM: Vocab size if 512[0m
[0;32mI (1470) LLM: File size: 1056540 bytes[0m
[0;32mI (1470) LLM: Free ram available: 17086020[0m
[0;32mI (1880) LLM: Successfully read LLM into memory[0m
[0;32mI (1880) LLM: Free ram available: 16029696[0m
[0;32mI (1880) LLM: Successfully read checkpoint[0m
[0;32mI (1900) LLM: Transformer successfully built[0m
[0;32mI (1900) LLM: Created FreeRTOS Tasks[0m
[0;32mI (1900) LLM: Vocab size is 512
[0m
[0;32mI (1900) LLM: Opened Tokenizer File[0m
[0;32mI (1920) LLM: Tokenizer successfully built[0m
[0;32mI (1920) LLM: Sampler Successfully built[0m
Guru Meditation Error: Core  0 panic'ed (LoadProhibited). Exception was unhandled.

Core  0 register dump:
PC      : 0x40388a00  PS      : 0x00060230  A0      : 0x80388b34  A1      : 0x3fca1f30  
A2      : 0x3fcb0c58  A3      : 0x00000200  A4      : 0x00000040  A5      : 0x3fcb58c0  
A6      : 0x00000000  A7      : 0x00000200  A8      : 0x00000000  A9      : 0x00000000  
A10     : 0x000001f8  A11     : 0x00000004  A12     : 0x00000208  A13     : 0x00000000  
A14     : 0x00000008  A15     : 0x3fcab6d0  SAR     : 0x00000014  EXCCAUSE: 0x0000001c  
EXCVADDR: 0x000001fc  LBEG    : 0x4202ac6c  LEND    : 0x4202ac77  LCOUNT  : 0x00000000  


Backtrace: 0x403889fd:0x3fca1f30 0x40388b31:0x3fca1f60 0x40388bea:0x3fca1f80 0x40387a69:0x3fca1fc0 0x4202c6ab:0x3fca22a0 0x4038148d:0x3fca22d0




ELF file SHA256: b52f2da16

Rebooting...
ESP-ROM:esp32s3-20210327
Build:Mar 27 2021
rst:0xc (RTC_SW_CPU_RST),boot:0x8 (SPI_FAST_FLASH_BOOT)
Saved PC:0x40379e54
SPIWP:0xee
Octal Flash Mode Enabled
For OPI Flash, Use Default Flash Boot Mode
mode:SLOW_RD, clock div:1
load:0x3fce2810,len:0x178c
load:0x403c8700,len:0x4
load:0x403c8704,len:0xcb8
load:0x403cb700,len:0x2db0
entry 0x403c8914
[0;32mI (32) boot: ESP-IDF v5.3 2nd stage bootloader[0m
[0;32mI (32) boot: compile time Apr  1 2026 09:02:53[0m
[0;32mI (33) boot: Multicore bootloader[0m
[0;32mI (35) boot: chip revision: v0.2[0m
[0;32mI (39) boot.esp32s3: Boot SPI Speed : 80MHz[0m
[0;32mI (44) boot.esp32s3: SPI Mode       : SLOW READ[0m
[0;32mI (49) boot.esp32s3: SPI Flash Size : 32MB[0m
[0;32mI (54) boot: Enabling RNG early entropy source...[0m
[0;32mI (60) boot: Partition Table:[0m
[0;32mI (63) boot: ## Label            Usage          Type ST Offset   Length[0m
[0;32mI (70) boot:  0 nvs              WiFi data        01 02 00009000 00006000[0m
[0;32mI (78) boot:  1 phy_init         RF data          01 01 0000f000 00001000[0m
[0;32mI (85) boot:  2 factory          factory app      00 00 00010000 00100000[0m
[0;32mI (93) boot:  3 data             Unknown data     01 82 00110000 00200000[0m
[0;32mI (100) boot: End of partition table[0m
[0;32mI (105) esp_image: segment 0: paddr=00010020 vaddr=3c030020 size=0d7ech ( 55276) map[0m
[0;32mI (126) esp_image: segment 1: paddr=0001d814 vaddr=3fc9b000 size=02804h ( 10244) load[0m
[0;32mI (129) esp_image: segment 2: paddr=00020020 vaddr=42000020 size=2cfe0h (184288) map[0m
[0;32mI (176) esp_image: segment 3: paddr=0004d008 vaddr=3fc9d804 size=013a4h (  5028) load[0m
[0;32mI (178) esp_image: segment 4: paddr=0004e3b4 vaddr=40378000 size=12f54h ( 77652) load[0m
[0;32mI (211) boot: Loaded app from partition at offset 0x10000[0m
[0;32mI (211) boot: Disabling RNG early entropy source...[0m
[0;32mI (223) octal_psram: vendor id    : 0x0d (AP)[0m
[0;32mI (223) octal_psram: dev id       : 0x03 (generation 4)[0m
[0;32mI (223) octal_psram: density      : 0x05 (128 Mbit)[0m
[0;32mI (228) octal_psram: good-die     : 0x01 (Pass)[0m
[0;32mI (233) octal_psram: Latency      : 0x01 (Fixed)[0m
[0;32mI (238) octal_psram: VCC          : 0x00 (1.8V)[0m
[0;32mI (244) octal_psram: SRF          : 0x01 (Fast Refresh)[0m
[0;32mI (249) octal_psram: BurstType    : 0x01 (Hybrid Wrap)[0m
[0;32mI (255) octal_psram: BurstLen     : 0x01 (32 Byte)[0m
[0;32mI (261) octal_psram: Readlatency  : 0x02 (10 cycles@Fixed)[0m
[0;32mI (267) octal_psram: DriveStrength: 0x00 (1/1)[0m
[0;32mI (273) MSPI Timing: PSRAM timing tuning index: 6[0m
[0;32mI (277) esp_psram: Found 16MB PSRAM device[0m
[0;32mI (282) esp_psram: Speed: 80MHz[0m
[0;32mI (286) cpu_start: Multicore app[0m
[0;32mI (1181) esp_psram: SPI SRAM memory test OK[0m
[0;32mI (1190) cpu_start: Pro cpu start user code[0m
[0;32mI (1190) cpu_start: cpu freq: 240000000 Hz[0m
[0;32mI (1190) app_init: Application information:[0m
[0;32mI (1193) app_init: Project name:     hello_world[0m
[0;32mI (1199) app_init: App version:      7ea6bab-dirty[0m
[0;32mI (1204) app_init: Compile time:     Apr  1 2026 09:07:37[0m
[0;32mI (1210) app_init: ELF file SHA256:  b52f2da16...[0m
[0;32mI (1216) app_init: ESP-IDF:          v5.3[0m
[0;32mI (1220) efuse_init: Min chip rev:     v0.0[0m
[0;32mI (1225) efuse_init: Max chip rev:     v0.99 [0m
[0;32mI (1230) efuse_init: Chip rev:         v0.2[0m
[0;32mI (1235) heap_init: Initializing. RAM available for dynamic allocation:[0m
[0;32mI (1242) heap_init: At 3FC9F9D0 len 00049D40 (295 KiB): RAM[0m
[0;32mI (1249) heap_init: At 3FCE9710 len 00005724 (21 KiB): RAM[0m
[0;32mI (1255) heap_init: At 3FCF0000 len 00008000 (32 KiB): DRAM[0m
[0;32mI (1261) heap_init: At 600FE100 len 00001EE8 (7 KiB): RTCRAM[0m
[0;32mI (1267) esp_psram: Adding pool of 16384K of PSRAM memory to heap allocator[0m
[0;33mW (1275) spi_flash: Octal flash chip is using but dio mode is selected, will automatically swich to Octal mode[0m
[0;32mI (1286) spi_flash: detected chip: mxic (opi)[0m
[0;32mI (1291) spi_flash: flash io: opi_str[0m
[0;33mW (1295) i2c: This driver is an old driver, please migrate your application code to adapt `driver/i2c_master.h`[0m
[0;32mI (1306) sleep: Configure to isolate all GPIO pins in sleep state[0m
[0;32mI (1313) sleep: Enable automatic switching of GPIO sleep configuration[0m
[0;32mI (1320) main_task: Started on CPU0[0m
[0;32mI (1330) esp_psram: Reserving pool of 32K of internal memory for DMA/internal allocations[0m
[0;32mI (1330) main_task: Calling app_main()[0m
[0;31mE (1340) i2c: i2c_master_cmd_begin(1531): i2c driver not installed[0m
[0;33mW (1340) MAIN: No OLED found (SDA=8 SCL=9) — serial-only mode[0m
[0;32mI (1350) MAIN: Loading Model[0m
[0;32mI (1350) MAIN: Initializing SPIFFS[0m
[0;32mI (1440) MAIN: Partition size: total: 1920401, used: 1072021[0m
[0;32mI (1440) MAIN: LLM Path is /data/stories260K.bin[0m
[0;32mI (1440) LLM: Vocab size if 512[0m
[0;32mI (1470) LLM: File size: 1056540 bytes[0m
[0;32mI (1470) LLM: Free ram available: 17086020[0m
[0;32mI (1880) LLM: Successfully read LLM into memory[0m
[0;32mI (1880) LLM: Free ram available: 16029696[0m
[0;32mI (1880) LLM: Successfully read checkpoint[0m
[0;32mI (1900) LLM: Transformer successfully built[0m
[0;32mI (1900) LLM: Created FreeRTOS Tasks[0m
[0;32mI (1900) LLM: Vocab size is 512
[0m
[0;32mI (1900) LLM: Opened Tokenizer File[0m
[0;32mI (1920) LLM: Tokenizer successfully built[0m
[0;32mI (1920) LLM: Sampler Successfully built[0m
Guru Meditation Error: Core  0 panic'ed (LoadProhibited). Exception was unhandled.

Core  0 register dump:
PC      : 0x40388a00  PS      : 0x00060230  A0      : 0x80388b34  A1      : 0x3fca1f30  
A2      : 0x3fcb0c58  A3      : 0x00000200  A4      : 0x00000040  A5      : 0x3fcb58c0  
A6      : 0x00000000  A7      : 0x00000200  A8      : 0x00000000  A9      : 0x00000000  
A10     : 0x000001f8  A11     : 0x00000004  A12     : 0x00000208  A13     : 0x00000000  
A14     : 0x00000008  A15     : 0x3fcab6d0  SAR     : 0x00000014  EXCCAUSE: 0x0000001c  
EXCVADDR: 0x000001fc  LBEG    : 0x4202ac6c  LEND    : 0x4202ac77  LCOUNT  : 0x00000000  


Backtrace: 0x403889fd:0x3fca1f30 0x40388b31:0x3fca1f60 0x40388bea:0x3fca1f80 0x40387a69:0x3fca1fc0 0x4202c6ab:0x3fca22a0 0x4038148d:0x3fca22d0




ELF file SHA256: b52f2da16

Rebooting...
ESP-ROM:esp32s3-20210327
Build:Mar 27 2021
rst:0xc (RTC_SW_CPU_RST),boot:0x8 (SPI_FAST_FLASH_BOOT)
Saved PC:0x40379e54
SPIWP:0xee
Octal Flash Mode Enabled
For OPI Flash, Use Default Flash Boot Mode
mode:SLOW_RD, clock div:1
load:0x3fce2810,len:0x178c
load:0x403c8700,len:0x4
load:0x403c8704,len:0xcb8
load:0x403cb700,len:0x2db0
entry 0x403c8914
[0;32mI (32) boot: ESP-IDF v5.3 2nd stage bootloader[0m
[0;32mI (32) boot: compile time Apr  1 2026 09:02:53[0m
[0;32mI (33) boot: Multicore bootloader[0m
[0;32mI (35) boot: chip revision: v0.2[0m
[0;32mI (39) boot.esp32s3: Boot SPI Speed : 80MHz[0m
[0;32mI (44) boot.esp32s3: SPI Mode       : SLOW READ[0m
[0;32mI (49) boot.esp32s3: SPI Flash Size : 32MB[0m
[0;32mI (54) boot: Enabling RNG early entropy source...[0m
[0;32mI (60) boot: Partition Table:[0m
[0;32mI (63) boot: ## Label            Usage          Type ST Offset   Length[0m
[0;32mI (70) boot:  0 nvs              WiFi data        01 02 00009000 00006000[0m
[0;32mI (78) boot:  1 phy_init         RF data          01 01 0000f000 00001000[0m
[0;32mI (85) boot:  2 factory          factory app      00 00 00010000 00100000[0m
[0;32mI (93) boot:  3 data             Unknown data     01 82 00110000 00200000[0m
[0;32mI (100) boot: End of partition table[0m
[0;32mI (105) esp_image: segment 0: paddr=00010020 vaddr=3c030020 size=0d7ech ( 55276) map[0m
[0;32mI (126) esp_image: segment 1: paddr=0001d814 vaddr=3fc9b000 size=02804h ( 10244) load[0m
[0;32mI (129) esp_image: segment 2: paddr=00020020 vaddr=42000020 size=2cfe0h (184288) map[0m
[0;32mI (176) esp_image: segment 3: paddr=0004d008 vaddr=3fc9d804 size=013a4h (  5028) load[0m
[0;32mI (178) esp_image: segment 4: paddr=0004e3b4 vaddr=40378000 size=12f54h ( 77652) load[0m
[0;32mI (211) boot: Loaded app from partition at offset 0x10000[0m
[0;32mI (211) boot: Disabling RNG early entropy source...[0m
[0;32mI (223) octal_psram: vendor id    : 0x0d (AP)[0m
[0;32mI (223) octal_psram: dev id       : 0x03 (generation 4)[0m
[0;32mI (223) octal_psram: density      : 0x05 (128 Mbit)[0m
[0;32mI (228) octal_psram: good-die     : 0x01 (Pass)[0m
[0;32mI (233) octal_psram: Latency      : 0x01 (Fixed)[0m
[0;32mI (238) octal_psram: VCC          : 0x00 (1.8V)[0m
[0;32mI (244) octal_psram: SRF          : 0x01 (Fast Refresh)[0m
[0;32mI (249) octal_psram: BurstType    : 0x01 (Hybrid Wrap)[0m
[0;32mI (255) octal_psram: BurstLen     : 0x01 (32 Byte)[0m
[0;32mI (261) octal_psram: Readlatency  : 0x02 (10 cycles@Fixed)[0m
[0;32mI (267) octal_psram: DriveStrength: 0x00 (1/1)[0m
[0;32mI (273) MSPI Timing: PSRAM timing tuning index: 6[0m
[0;32mI (277) esp_psram: Found 16MB PSRAM device[0m
[0;32mI (282) esp_psram: Speed: 80MHz[0m
[0;32mI (286) cpu_start: Multicore app[0m
[0;32mI (1181) esp_psram: SPI SRAM memory test OK[0m
[0;32mI (1190) cpu_start: Pro cpu start user code[0m
[0;32mI (1190) cpu_start: cpu freq: 240000000 Hz[0m
[0;32mI (1190) app_init: Application information:[0m
[0;32mI (1193) app_init: Project name:     hello_world[0m
[0;32mI (1199) app_init: App version:      7ea6bab-dirty[0m
[0;32mI (1204) app_init: Compile time:     Apr  1 2026 09:07:37[0m
[0;32mI (1210) app_init: ELF file SHA256:  b52f2da16...[0m
[0;32mI (1216) app_init: ESP-IDF:          v5.3[0m
[0;32mI (1220) efuse_init: Min chip rev:     v0.0[0m
[0;32mI (1225) efuse_init: Max chip rev:     v0.99 [0m
[0;32mI (1230) efuse_init: Chip rev:         v0.2[0m
[0;32mI (1235) heap_init: Initializing. RAM available for dynamic allocation:[0m
[0;32mI (1242) heap_init: At 3FC9F9D0 len 00049D40 (295 KiB): RAM[0m
[0;32mI (1249) heap_init: At 3FCE9710 len 00005724 (21 KiB): RAM[0m
[0;32mI (1255) heap_init: At 3FCF0000 len 00008000 (32 KiB): DRAM[0m
[0;32mI (1261) heap_init: At 600FE100 len 00001EE8 (7 KiB): RTCRAM[0m
[0;32mI (1267) esp_psram: Adding pool of 16384K of PSRAM memory to heap allocator[0m
[0;33mW (1275) spi_flash: Octal flash chip is using but dio mode is selected, will automatically swich to Octal mode[0m
[0;32mI (1286) spi_flash: detected chip: mxic (opi)[0m
[0;32mI (1291) spi_flash: flash io: opi_str[0m
[0;33mW (1295) i2c: This driver is an old driver, please migrate your application code to adapt `driver/i2c_master.h`[0m
[0;32mI (1306) sleep: Configure to isolate all GPIO pins in sleep state[0m
[0;32mI (1313) sleep: Enable automatic switching of GPIO sleep configuration[0m
[0;32mI (1320) main_task: Started on CPU0[0m
[0;32mI (1330) esp_psram: Reserving pool of 32K of internal memory for DMA/internal allocations[0m
[0;32mI (1330) main_task: Calling app_main()[0m
[0;31mE (1340) i2c: i2c_master_cmd_begin(1531): i2c driver not installed[0m
[0;33mW (1340) MAIN: No OLED found (SDA=8 SCL=9) — serial-only mode[0m
[0;32mI (1350) MAIN: Loading Model[0m
[0;32mI (1350) MAIN: Initializing SPIFFS[0m
[0;32mI (1440) MAIN: Partition size: total: 1920401, used: 1072021[0m
[0;32mI (1440) MAIN: LLM Path is /data/stories260K.bin[0m
[0;32mI (1440) LLM: Vocab size if 512[0m
[0;32mI (1470) LLM: File size: 1056540 bytes[0m
[0;32mI (1470) LLM: Free ram available: 17086020[0m
[0;32mI (1880) LLM: Successfully read LLM into memory[0m
[0;32mI (1880) LLM: Free ram available: 16029696[0m
[0;32mI (1880) LLM: Successfully read checkpoint[0m
[0;32mI (1900) LLM: Transformer successfully built[0m
[0;32mI (1900) LLM: Created FreeRTOS Tasks[0m
[0;32mI (1900) LLM: Vocab size is 512
[0m
[0;32mI (1900) LLM: Opened Tokenizer File[0m
[0;32mI (1920) LLM: Tokenizer successfully built[0m
[0;32mI (1920) LLM: Sampler Successfully built[0m
Guru Meditation Error: Core  0 panic'ed (LoadProhibited). Exception was unhandled.

Core  0 register dump:
PC      : 0x40388a00  PS      : 0x00060230  A0      : 0x80388b34  A1      : 0x3fca1f30  
A2      : 0x3fcb0c58  A3      : 0x00000200  A4      : 0x00000040  A5      : 0x3fcb58c0  
A6      : 0x00000000  A7      : 0x00000200  A8      : 0x00000000  A9      : 0x00000000  
A10     : 0x000001f8  A11     : 0x00000004  A12     : 0x00000208  A13     : 0x00000000  
A14     : 0x00000008  A15     : 0x3fcab6d0  SAR     : 0x00000014  EXCCAUSE: 0x0000001c  
EXCVADDR: 0x000001fc  LBEG    : 0x4202ac6c  LEND    : 0x4202ac77  LCOUNT  : 0x00000000  


Backtrace: 0x403889fd:0x3fca1f30 0x40388b31:0x3fca1f60 0x40388bea:0x3fca1f80 0x40387a69:0x3fca1fc0 0x4202c6ab:0x3fca22a0 0x4038148d:0x3fca22d0




ELF file SHA256: b52f2da16

Rebooting...
ESP-ROM:esp32s3-20210327
Build:Mar 27 2021
rst:0xc (RTC_SW_CPU_RST),boot:0x8 (SPI_FAST_FLASH_BOOT)
Saved PC:0x40379e54
SPIWP:0xee
Octal Flash Mode Enabled
For OPI Flash, Use Default Flash Boot Mode
mode:SLOW_RD, clock div:1
load:0x3fce2810,len:0x178c
load:0x403c8700,len:0x4
load:0x403c8704,len:0xcb8
load:0x403cb700,len:0x2db0
entry 0x403c8914
[0;32mI (32) boot: ESP-IDF v5.3 2nd stage bootloader[0m
[0;32mI (32) boot: compile time Apr  1 2026 09:02:53[0m
[0;32mI (33) boot: Multicore bootloader[0m
[0;32mI (35) boot: chip revision: v0.2[0m
[0;32mI (39) boot.esp32s3: Boot SPI Speed : 80MHz[0m
[0;32mI (44) boot.esp32s3: SPI Mode       : SLOW READ[0m
[0;32mI (49) boot.esp32s3: SPI Flash Size : 32MB[0m
[0;32mI (54) boot: Enabling RNG early entropy source...[0m
[0;32mI (60) boot: Partition Table:[0m
[0;32mI (63) boot: ## Label            Usage          Type ST Offset   Length[0m
[0;32mI (70) boot:  0 nvs              WiFi data        01 02 00009000 00006000[0m
[0;32mI (78) boot:  1 phy_init         RF data          01 01 0000f000 00001000[0m
[0;32mI (85) boot:  2 factory          factory app      00 00 00010000 00100000[0m
[0;32mI (93) boot:  3 data             Unknown data     01 82 00110000 00200000[0m
[0;32mI (100) boot: End of partition table[0m
[0;32mI (105) esp_image: segment 0: paddr=00010020 vaddr=3c030020 size=0d7ech ( 55276) map[0m
[0;32mI (126) esp_image: segment 1: paddr=0001d814 vaddr=3fc9b000 size=02804h ( 10244) load[0m
[0;32mI (129) esp_image: segment 2: paddr=00020020 vaddr=42000020 size=2cfe0h (184288) map[0m
[0;32mI (176) esp_image: segment 3: paddr=0004d008 vaddr=3fc9d804 size=013a4h (  5028) load[0m
[0;32mI (178) esp_image: segment 4: paddr=0004e3b4 vaddr=40378000 size=12f54h ( 77652) load[0m
[0;32mI (211) boot: Loaded app from partition at offset 0x10000[0m
[0;32mI (211) boot: Disabling RNG early entropy source...[0m
[0;32mI (223) octal_psram: vendor id    : 0x0d (AP)[0m
[0;32mI (223) octal_psram: dev id       : 0x03 (generation 4)[0m
[0;32mI (223) octal_psram: density      : 0x05 (128 Mbit)[0m
[0;32mI (228) octal_psram: good-die     : 0x01 (Pass)[0m
[0;32mI (233) octal_psram: Latency      : 0x01 (Fixed)[0m
[0;32mI (238) octal_psram: VCC          : 0x00 (1.8V)[0m
[0;32mI (244) octal_psram: SRF          : 0x01 (Fast Refresh)[0m
[0;32mI (249) octal_psram: BurstType    : 0x01 (Hybrid Wrap)[0m
[0;32mI (255) octal_psram: BurstLen     : 0x01 (32 Byte)[0m
[0;32mI (261) octal_psram: Readlatency  : 0x02 (10 cycles@Fixed)[0m
[0;32mI (267) octal_psram: DriveStrength: 0x00 (1/1)[0m
[0;32mI (273) MSPI Timing: PSRAM timing tuning index: 6[0m
[0;32mI (277) esp_psram: Found 16MB PSRAM device[0m
[0;32mI (282) esp_psram: Speed: 80MHz[0m
[0;32mI (286) cpu_start: Multicore app[0m
[0;32mI (1181) esp_psram: SPI SRAM memory test OK[0m
[0;32mI (1190) cpu_start: Pro cpu start user code[0m
[0;32mI (1190) cpu_start: cpu freq: 240000000 Hz[0m
[0;32mI (1190) app_init: Application information:[0m
[0;32mI (1193) app_init: Project name:     hello_world[0m
[0;32mI (1199) app_init: App version:      7ea6bab-dirty[0m
[0;32mI (1204) app_init: Compile time:     Apr  1 2026 09:07:37[0m
[0;32mI (1210) app_init: ELF file SHA256:  b52f2da16...[0m
[0;32mI (1216) app_init: ESP-IDF:          v5.3[0m
[0;32mI (1220) efuse_init: Min chip rev:     v0.0[0m
[0;32mI (1225) efuse_init: Max chip rev:     v0.99 [0m
[0;32mI (1230) efuse_init: Chip rev:         v0.2[0m
[0;32mI (1235) heap_init: Initializing. RAM available for dynamic allocation:[0m
[0;32mI (1242) heap_init: At 3FC9F9D0 len 00049D40 (295 KiB): RAM[0m
[0;32mI (1249) heap_init: At 3FCE9710 len 00005724 (21 KiB): RAM[0m
[0;32mI (1255) heap_init: At 3FCF0000 len 00008000 (32 KiB): DRAM[0m
[0;32mI (1261) heap_init: At 600FE100 len 00001EE8 (7 KiB): RTCRAM[0m
[0;32mI (1267) esp_psram: Adding pool of 16384K of PSRAM memory to heap allocator[0m
[0;33mW (1275) spi_flash: Octal flash chip is using but dio mode is selected, will automatically swich to Octal mode[0m
[0;32mI (1286) spi_flash: detected chip: mxic (opi)[0m
[0;32mI (1291) spi_flash: flash io: opi_str[0m
[0;33mW (1295) i2c: This driver is an old driver, please migrate your application code to adapt `driver/i2c_master.h`[0m
[0;32mI (1306) sleep: Configure to isolate all GPIO pins in sleep state[0m
[0;32mI (1313) sleep: Enable automatic switching of GPIO sleep configuration[0m
[0;32mI (1320) main_task: Started on CPU0[0m
[0;32mI (1330) esp_psram: Reserving pool of 32K of internal memory for DMA/internal allocations[0m
[0;32mI (1330) main_task: Calling app_main()[0m
[0;31mE (1340) i2c: i2c_master_cmd_begin(1531): i2c driver not installed[0m
[0;33mW (1340) MAIN: No OLED found (SDA=8 SCL=9) — serial-only mode[0m
[0;32mI (1350) MAIN: Loading Model[0m
[0;32mI (1350) MAIN: Initializing SPIFFS[0m
[0;32mI (1440) MAIN: Partition size: total: 1920401, used: 1072021[0m
[0;32mI (1440) MAIN: LLM Path is /data/stories260K.bin[0m
[0;32mI (1440) LLM: Vocab size if 512[0m
[0;32mI (1470) LLM: File size: 1056540 bytes[0m
[0;32mI (1470) LLM: Free ram available: 17086020[0m
[0;32mI (1880) LLM: Successfully read LLM into memory[0m
[0;32mI (1880) LLM: Free ram available: 16029696[0m
[0;32mI (1880) LLM: Successfully read checkpoint[0m
[0;32mI (1900) LLM: Transformer successfully built[0m
[0;32mI (1900) LLM: Created FreeRTOS Tasks[0m
[0;32mI (1900) LLM: Vocab size is 512
[0m
[0;32mI (1900) LLM: Opened Tokenizer File[0m
[0;32mI (1920) LLM: Tokenizer successfully built[0m
[0;32mI (1920) LLM: Sampler Successfully built[0m
Guru Meditation Error: Core  0 panic'ed (LoadProhibited). Exception was unhandled.

Core  0 register dump:
PC      : 0x40388a00  PS      : 0x00060230  A0      : 0x80388b34  A1      : 0x3fca1f30  
A2      : 0x3fcb0c58  A3      : 0x00000200  A4      : 0x00000040  A5      : 0x3fcb58c0  
A6      : 0x00000000  A7      : 0x00000200  A8      : 0x00000000  A9      : 0x00000000  
A10     : 0x000001f8  A11     : 0x00000004  A12     : 0x00000208  A13     : 0x00000000  
A14     : 0x00000008  A15     : 0x3fcab6d0  SAR     : 0x00000014  EXCCAUSE: 0x0000001c  
EXCVADDR: 0x000001fc  LBEG    : 0x4202ac6c  LEND    : 0x4202ac77  LCOUNT  : 0x00000000  


Backtrace: 0x403889fd:0x3fca1f30 0x40388b31:0x3fca1f60 0x40388bea:0x3fca1f80 0x40387a69:0x3fca1fc0 0x4202c6ab:0x3fca22a0 0x4038148d:0x3fca22d0




ELF file SHA256: b52f2da16

Rebooting...
ESP-ROM:esp32s3-20210327
Build:Mar 27 2021
rst:0xc (RTC_SW_CPU_RST),boot:0x8 (SPI_FAST_FLASH_BOOT)
Saved PC:0x40379e54
SPIWP:0xee
Octal Flash Mode Enabled
For OPI Flash, Use Default Flash Boot Mode
mode:SLOW_RD, clock div:1
load:0x3fce2810,len:0x178c
load:0x403c8700,len:0x4
load:0x403c8704,len:0xcb8
load:0x403cb700,len:0x2db0
entry 0x403c8914
[0;32mI (32) boot: ESP-IDF v5.3 2nd stage bootloader[0m
[0;32mI (32) boot: compile time Apr  1 2026 09:02:53[0m
[0;32mI (33) boot: Multicore bootloader[0m
[0;32mI (35) boot: chip revision: v0.2[0m
[0;32mI (39) boot.esp32s3: Boot SPI Speed : 80MHz[0m
[0;32mI (44) boot.esp32s3: SPI Mode       : SLOW READ[0m
[0;32mI (49) boot.esp32s3: SPI Flash Size : 32MB[0m
[0;32mI (54) boot: Enabling RNG early entropy source...[0m
[0;32mI (60) boot: Partition Table:[0m
[0;32mI (63) boot: ## Label            Usage          Type ST Offset   Length[0m
[0;32mI (70) boot:  0 nvs              WiFi data        01 02 00009000 00006000[0m
[0;32mI (78) boot:  1 phy_init         RF data          01 01 0000f000 00001000[0m
[0;32mI (85) boot:  2 factory          factory app      00 00 00010000 00100000[0m
[0;32mI (93) boot:  3 data             Unknown data     01 82 00110000 00200000[0m
[0;32mI (100) boot: End of partition table[0m
[0;32mI (105) esp_image: segment 0: paddr=00010020 vaddr=3c030020 size=0d7ech ( 55276) map[0m
[0;32mI (126) esp_image: segment 1: paddr=0001d814 vaddr=3fc9b000 size=02804h ( 10244) load[0m
[0;32mI (129) esp_image: segment 2: paddr=00020020 vaddr=42000020 size=2cfe0h (184288) map[0m
[0;32mI (176) esp_image: segment 3: paddr=0004d008 vaddr=3fc9d804 size=013a4h (  5028) load[0m
[0;32mI (178) esp_image: segment 4: paddr=0004e3b4 vaddr=40378000 size=12f54h ( 77652) load[0m
[0;32mI (211) boot: Loaded app from partition at offset 0x10000[0m
[0;32mI (211) boot: Disabling RNG early entropy source...[0m
[0;32mI (223) octal_psram: vendor id    : 0x0d (AP)[0m
[0;32mI (223) octal_psram: dev id       : 0x03 (generation 4)[0m
[0;32mI (223) octal_psram: density      : 0x05 (128 Mbit)[0m
[0;32mI (228) octal_psram: good-die     : 0x01 (Pass)[0m
[0;32mI (233) octal_psram: Latency      : 0x01 (Fixed)[0m
[0;32mI (238) octal_psram: VCC          : 0x00 (1.8V)[0m
[0;32mI (244) octal_psram: SRF          : 0x01 (Fast Refresh)[0m
[0;32mI (249) octal_psram: BurstType    : 0x01 (Hybrid Wrap)[0m
[0;32mI (255) octal_psram: BurstLen     : 0x01 (32 Byte)[0m
[0;32mI (261) octal_psram: Readlatency  : 0x02 (10 cycles@Fixed)[0m
[0;32mI (267) octal_psram: DriveStrength: 0x00 (1/1)[0m
[0;32mI (273) MSPI Timing: PSRAM timing tuning index: 6[0m
[0;32mI (277) esp_psram: Found 16MB PSRAM device[0m
[0;32mI (282) esp_psram: Speed: 80MHz[0m
[0;32mI (286) cpu_start: Multicore app[0m
[0;32mI (1181) esp_psram: SPI SRAM memory test OK[0m
[0;32mI (1190) cpu_start: Pro cpu start user code[0m
[0;32mI (1190) cpu_start: cpu freq: 240000000 Hz[0m
[0;32mI (1190) app_init: Application information:[0m
[0;32mI (1193) app_init: Project name:     hello_world[0m
[0;32mI (1199) app_init: App version:      7ea6bab-dirty[0m
[0;32mI (1204) app_init: Compile time:     Apr  1 2026 09:07:37[0m
[0;32mI (1210) app_init: ELF file SHA256:  b52f2da16...[0m
[0;32mI (1216) app_init: ESP-IDF:          v5.3[0m
[0;32mI (1220) efuse_init: Min chip rev:     v0.0[0m
[0;32mI (1225) efuse_init: Max chip rev:     v0.99 [0m
[0;32mI (1230) efuse_init: Chip rev:         v0.2[0m
[0;32mI (1235) heap_init: Initializing. RAM available for dynamic allocation:[0m
[0;32mI (1242) heap_init: At 3FC9F9D0 len 00049D40 (295 KiB): RAM[0m
[0;32mI (1249) heap_init: At 3FCE9710 len 00005724 (21 KiB): RAM[0m
[0;32mI (1255) heap_init: At 3FCF0000 len 00008000 (32 KiB): DRAM[0m
[0;32mI (1261) heap_init: At 600FE100 len 00001EE8 (7 KiB): RTCRAM[0m
[0;32mI (1267) esp_psram: Adding pool of 16384K of PSRAM memory to heap allocator[0m
[0;33mW (1275) spi_flash: Octal flash chip is using but dio mode is selected, will automatically swich to Octal mode[0m
[0;32mI (1286) spi_flash: detected chip: mxic (opi)[0m
[0;32mI (1291) spi_flash: flash io: opi_str[0m
[0;33mW (1295) i2c: This driver is an old driver, please migrate your application code to adapt `driver/i2c_master.h`[0m
[0;32mI (1306) sleep: Configure to isolate all GPIO pins in sleep state[0m
[0;32mI (1313) sleep: Enable automatic switching of GPIO sleep configuration[0m
[0;32mI (1320) main_task: Started on CPU0[0m
[0;32mI (1330) esp_psram: Reserving pool of 32K of internal memory for DMA/internal allocations[0m
[0;32mI (1330) main_task: Calling app_main()[0m
[0;31mE (1340) i2c: i2c_master_cmd_begin(1531): i2c driver not installed[0m
[0;33mW (1340) MAIN: No OLED found (SDA=8 SCL=9) — serial-only mode[0m
[0;32mI (1350) MAIN: Loading Model[0m
[0;32mI (1350) MAIN: Initializing SPIFFS[0m
[0;32mI (1440) MAIN: Partition size: total: 1920401, used: 1072021[0m
[0;32mI (1440) MAIN: LLM Path is /data/stories260K.bin[0m
[0;32mI (1440) LLM: Vocab size if 512[0m
[0;32mI (1470) LLM: File size: 1056540 bytes[0m
[0;32mI (1470) LLM: Free ram available: 17086020[0m
[0;32mI (1880) LLM: Successfully read LLM into memory[0m
[0;32mI (1880) LLM: Free ram available: 16029696[0m
[0;32mI (1880) LLM: Successfully read checkpoint[0m
[0;32mI (1900) LLM: Transformer successfully built[0m
[0;32mI (1900) LLM: Created FreeRTOS Tasks[0m
[0;32mI (1900) LLM: Vocab size is 512
[0m
[0;32mI (1900) LLM: Opened Tokenizer File[0m
[0;32mI (1920) LLM: Tokenizer successfully built[0m
[0;32mI (1920) LLM: Sampler Successfully built[0m
Guru Meditation Error: Core  0 panic'ed (LoadProhibited). Exception was unhandled.

Core  0 register dump:
PC      : 0x40388a00  PS      : 0x00060230  A0      : 0x80388b34  A1      : 0x3fca1f30  
A2      : 0x3fcb0c58  A3      : 0x00000200  A4      : 0x00000040  A5      : 0x3fcb58c0  
A6      : 0x00000000  A7      : 0x00000200  A8      : 0x00000000  A9      : 0x00000000  
A10     : 0x000001f8  A11     : 0x00000004  A12     : 0x00000208  A13     : 0x00000000  
A14     : 0x00000008  A15     : 0x3fcab6d0  SAR     : 0x00000014  EXCCAUSE: 0x0000001c  
EXCVADDR: 0x000001fc  LBEG    : 0x4202ac6c  LEND    : 0x4202ac77  LCOUNT  : 0x00000000  


Backtrace: 0x403889fd:0x3fca1f30 0x40388b31:0x3fca1f60 0x40388bea:0x3fca1f80 0x40387a69:0x3fca1fc0 0x4202c6ab:0x3fca22a0 0x4038148d:0x3fca22d0




ELF file SHA256: b52f2da16

Rebooting...
ESP-ROM:esp32s3-20210327
Build:Mar 27 2021
rst:0xc (RTC_SW_CPU_RST),boot:0x8 (SPI_FAST_FLASH_BOOT)
Saved PC:0x40379e54
SPIWP:0xee
Octal Flash Mode Enabled
For OPI Flash, Use Default Flash Boot Mode
mode:SLOW_RD, clock div:1
load:0x3fce2810,len:0x178c
load:0x403c8700,len:0x4
load:0x403c8704,len:0xcb8
load:0x403cb700,len:0x2db0
entry 0x403c8914
[0;32mI (32) boot: ESP-IDF v5.3 2nd stage bootloader[0m
[0;32mI (32) boot: compile time Apr  1 2026 09:02:53[0m
[0;32mI (33) boot: Multicore bootloader[0m
[0;32mI (35) boot: chip revision: v0.2[0m
[0;32mI (39) boot.esp32s3: Boot SPI Speed : 80MHz[0m
[0;32mI (44) boot.esp32s3: SPI Mode       : SLOW READ[0m
[0;32mI (49) boot.esp32s3: SPI Flash Size : 32MB[0m
[0;32mI (54) boot: Enabling RNG early entropy source...[0m
[0;32mI (60) boot: Partition Table:[0m
[0;32mI (63) boot: ## Label            Usage          Type ST Offset   Length[0m
[0;32mI (70) boot:  0 nvs              WiFi data        01 02 00009000 00006000[0m
[0;32mI (78) boot:  1 phy_init         RF data          01 01 0000f000 00001000[0m
[0;32mI (85) boot:  2 factory          factory app      00 00 00010000 00100000[0m
[0;32mI (93) boot:  3 data             Unknown data     01 82 00110000 00200000[0m
[0;32mI (100) boot: End of partition table[0m
[0;32mI (105) esp_image: segment 0: paddr=00010020 vaddr=3c030020 size=0d7ech ( 55276) map[0m
[0;32mI (126) esp_image: segment 1: paddr=0001d814 vaddr=3fc9b000 size=02804h ( 10244) load[0m
[0;32mI (129) esp_image: segment 2: paddr=00020020 vaddr=42000020 size=2cfe0h (184288) map[0m
[0;32mI (176) esp_image: segment 3: paddr=0004d008 vaddr=3fc9d804 size=013a4h (  5028) load[0m
[0;32mI (178) esp_image: segment 4: paddr=0004e3b4 vaddr=40378000 size=12f54h ( 77652) load[0m
[0;32mI (211) boot: Loaded app from partition at offset 0x10000[0m
[0;32mI (211) boot: Disabling RNG early entropy source...[0m
[0;32mI (223) octal_psram: vendor id    : 0x0d (AP)[0m
[0;32mI (223) octal_psram: dev id       : 0x03 (generation 4)[0m
[0;32mI (223) octal_psram: density      : 0x05 (128 Mbit)[0m
[0;32mI (228) octal_psram: good-die     : 0x01 (Pass)[0m
[0;32mI (233) octal_psram: Latency      : 0x01 (Fixed)[0m
[0;32mI (238) octal_psram: VCC          : 0x00 (1.8V)[0m
[0;32mI (244) octal_psram: SRF          : 0x01 (Fast Refresh)[0m
[0;32mI (249) octal_psram: BurstType    : 0x01 (Hybrid Wrap)[0m
[0;32mI (255) octal_psram: BurstLen     : 0x01 (32 Byte)[0m
[0;32mI (261) octal_psram: Readlatency  : 0x02 (10 cycles@Fixed)[0m
[0;32mI (267) octal_psram: DriveStrength: 0x00 (1/1)[0m
[0;32mI (273) MSPI Timing: PSRAM timing tuning index: 6[0m
[0;32mI (277) esp_psram: Found 16MB PSRAM device[0m
[0;32mI (282) esp_psram: Speed: 80MHz[0m
[0;32mI (286) cpu_start: Multicore app[0m
[0;32mI (1181) esp_psram: SPI SRAM memory test OK[0m
[0;32mI (1190) cpu_start: Pro cpu start user code[0m
[0;32mI (1190) cpu_start: cpu freq: 240000000 Hz[0m
[0;32mI (1190) app_init: Application information:[0m
[0;32mI (1193) app_init: Project name:     hello_world[0m
[0;32mI (1199) app_init: App version:      7ea6bab-dirty[0m
[0;32mI (1204) app_init: Compile time:     Apr  1 2026 09:07:37[0m
[0;32mI (1210) app_init: ELF file SHA256:  b52f2da16...[0m
[0;32mI (1216) app_init: ESP-IDF:          v5.3[0m
[0;32mI (1220) efuse_init: Min chip rev:     v0.0[0m
[0;32mI (1225) efuse_init: Max chip rev:     v0.99 [0m
[0;32mI (1230) efuse_init: Chip rev:         v0.2[0m
[0;32mI (1235) heap_init: Initializing. RAM available for dynamic allocation:[0m
[0;32mI (1242) heap_init: At 3FC9F9D0 len 00049D40 (295 KiB): RAM[0m
[0;32mI (1249) heap_init: At 3FCE9710 len 00005724 (21 KiB): RAM[0m
[0;32mI (1255) heap_init: At 3FCF0000 len 00008000 (32 KiB): DRAM[0m
[0;32mI (1261) heap_init: At 600FE100 len 00001EE8 (7 KiB): RTCRAM[0m
[0;32mI (1267) esp_psram: Adding pool of 16384K of PSRAM memory to heap allocator[0m
[0;33mW (1275) spi_flash: Octal flash chip is using but dio mode is selected, will automatically swich to Octal mode[0m
[0;32mI (1286) spi_flash: detected chip: mxic (opi)[0m
[0;32mI (1291) spi_flash: flash io: opi_str[0m
[0;33mW (1295) i2c: This driver is an old driver, please migrate your application code to adapt `driver/i2c_master.h`[0m
[0;32mI (1306) sleep: Configure to isolate all GPIO pins in sleep state[0m
[0;32mI (1313) sleep: Enable automatic switching of GPIO sleep configuration[0m
[0;32mI (1320) main_task: Started on CPU0[0m
[0;32mI (1330) esp_psram: Reserving pool of 32K of internal memory for DMA/internal allocations[0m
[0;32mI (1330) main_task: Calling app_main()[0m
[0;31mE (1340) i2c: i2c_master_cmd_begin(1531): i2c driver not installed[0m
[0;33mW (1340) MAIN: No OLED found (SDA=8 SCL=9) — serial-only mode[0m
[0;32mI (1350) MAIN: Loading Model[0m
[0;32mI (1350) MAIN: Initializing SPIFFS[0m
[0;32mI (1440) MAIN: Partition size: total: 1920401, used: 1072021[0m
[0;32mI (1440) MAIN: LLM Path is /data/stories260K.bin[0m
[0;32mI (1440) LLM: Vocab size if 512[0m
[0;32mI (1470) LLM: File size: 1056540 bytes[0m
[0;32mI (1470) LLM: Free ram available: 17086020[0m
[0;32mI (1880) LLM: Successfully read LLM into memory[0m
[0;32mI (1880) LLM: Free ram available: 16029696[0m
[0;32mI (1880) LLM: Successfully read checkpoint[0m
[0;32mI (1900) LLM: Transformer successfully built[0m
[0;32mI (1900) LLM: Created FreeRTOS Tasks[0m
[0;32mI (1900) LLM: Vocab size is 512
[0m
[0;32mI (1900) LLM: Opened Tokenizer File[0m
[0;32mI (1920) LLM: Tokenizer successfully built[0m
[0;32mI (1920) LLM: Sampler Successfully built[0m
Guru Meditation Error: Core  0 panic'ed (LoadProhibited). Exception was unhandled.

Core  0 register dump:
PC      : 0x40388a00  PS      : 0x00060230  A0      : 0x80388b34  A1      : 0x3fca1f30  
A2      : 0x3fcb0c58  A3      : 0x00000200  A4      : 0x00000040  A5      : 0x3fcb58c0  
A6      : 0x00000000  A7      : 0x00000200  A8      : 0x00000000  A9      : 0x00000000  
A10     : 0x000001f8  A11     : 0x00000004  A12     : 0x00000208  A13     : 0x00000000  
A14     : 0x00000008  A15     : 0x3fcab6d0  SAR     : 0x00000014  EXCCAUSE: 0x0000001c  
EXCVADDR: 0x000001fc  LBEG    : 0x4202ac6c  LEND    : 0x4202ac77  LCOUNT  : 0x00000000  


Backtrace: 0x403889fd:0x3fca1f30 0x40388b31:0x3fca1f60 0x40388bea:0x3fca1f80 0x40387a69:0x3fca1fc0 0x4202c6ab:0x3fca22a0 0x4038148d:0x3fca22d0




ELF file SHA256: b52f2da16

Rebooting...
ESP-ROM:esp32s3-20210327
Build:Mar 27 2021
rst:0xc (RTC_SW_CPU_RST),boot:0x8 (SPI_FAST_FLASH_BOOT)
Saved PC:0x40379e54
SPIWP:0xee
Octal Flash Mode Enabled
For OPI Flash, Use Default Flash Boot Mode
mode:SLOW_RD, clock div:1
load:0x3fce2810,len:0x178c
load:0x403c8700,len:0x4
load:0x403c8704,len:0xcb8
load:0x403cb700,len:0x2db0
entry 0x403c8914
[0;32mI (32) boot: ESP-IDF v5.3 2nd stage bootloader[0m
[0;32mI (32) boot: compile time Apr  1 2026 09:02:53[0m
[0;32mI (33) boot: Multicore bootloader[0m
[0;32mI (35) boot: chip revision: v0.2[0m
[0;32mI (39) boot.esp32s3: Boot SPI Speed : 80MHz[0m
[0;32mI (44) boot.esp32s3: SPI Mode       : SLOW READ[0m
[0;32mI (49) boot.esp32s3: SPI Flash Size : 32MB[0m
[0;32mI (54) boot: Enabling RNG early entropy source...[0m
[0;32mI (60) boot: Partition Table:[0m
[0;32mI (63) boot: ## Label            Usage          Type ST Offset   Length[0m
[0;32mI (70) boot:  0 nvs              WiFi data        01 02 00009000 00006000[0m
[0;32mI (78) boot:  1 phy_init         RF data          01 01 0000f000 00001000[0m
[0;32mI (85) boot:  2 factory          factory app      00 00 00010000 00100000[0m
[0;32mI (93) boot:  3 data             Unknown data     01 82 00110000 00200000[0m
[0;32mI (100) boot: End of partition table[0m
[0;32mI (105) esp_image: segment 0: paddr=00010020 vaddr=3c030020 size=0d7ech ( 55276) map[0m
[0;32mI (126) esp_image: segment 1: paddr=0001d814 vaddr=3fc9b000 size=02804h ( 10244) load[0m
[0;32mI (129) esp_image: segment 2: paddr=00020020 vaddr=42000020 size=2cfe0h (184288) map[0m
[0;32mI (176) esp_image: segment 3: paddr=0004d008 vaddr=3fc9d804 size=013a4h (  5028) load[0m
[0;32mI (178) esp_image: segment 4: paddr=0004e3b4 vaddr=40378000 size=12f54h ( 77652) load[0m
[0;32mI (211) boot: Loaded app from partition at offset 0x10000[0m
[0;32mI (211) boot: Disabling RNG early entropy source...[0m
[0;32mI (223) octal_psram: vendor id    : 0x0d (AP)[0m
[0;32mI (223) octal_psram: dev id       : 0x03 (generation 4)[0m
[0;32mI (223) octal_psram: density      : 0x05 (128 Mbit)[0m
[0;32mI (228) octal_psram: good-die     : 0x01 (Pass)[0m
[0;32mI (233) octal_psram: Latency      : 0x01 (Fixed)[0m
[0;32mI (238) octal_psram: VCC          : 0x00 (1.8V)[0m
[0;32mI (244) octal_psram: SRF          : 0x01 (Fast Refresh)[0m
[0;32mI (249) octal_psram: BurstType    : 0x01 (Hybrid Wrap)[0m
[0;32mI (255) octal_psram: BurstLen     : 0x01 (32 Byte)[0m
[0;32mI (261) octal_psram: Readlatency  : 0x02 (10 cycles@Fixed)[0m
[0;32mI (267) octal_psram: DriveStrength: 0x00 (1/1)[0m
[0;32mI (273) MSPI Timing: PSRAM timing tuning index: 6[0m
[0;32mI (277) esp_psram: Found 16MB PSRAM device[0m
[0;32mI (282) esp_psram: Speed: 80MHz[0m
[0;32mI (286) cpu_start: Multicore app[0m
[0;32mI (1181) esp_psram: SPI SRAM memory test OK[0m
[0;32mI (1190) cpu_start: Pro cpu start user code[0m
[0;32mI (1190) cpu_start: cpu freq: 240000000 Hz[0m
[0;32mI (1190) app_init: Application information:[0m
[0;32mI (1193) app_init: Project name:     hello_world[0m
[0;32mI (1199) app_init: App version:      7ea6bab-dirty[0m
[0;32mI (1204) app_init: Compile time:     Apr  1 2026 09:07:37[0m
[0;32mI (1210) app_init: ELF file SHA256:  b52f2da16...[0m
[0;32mI (1216) app_init: ESP-IDF:          v5.3[0m
[0;32mI (1220) efuse_init: Min chip rev:     v0.0[0m
[0;32mI (1225) efuse_init: Max chip rev:     v0.99 [0m
[0;32mI (1230) efuse_init: Chip rev:         v0.2[0m
[0;32mI (1235) heap_init: Initializing. RAM available for dynamic allocation:[0m
[0;32mI (1242) heap_init: At 3FC9F9D0 len 00049D40 (295 KiB): RAM[0m
[0;32mI (1249) heap_init: At 3FCE9710 len 00005724 (21 KiB): RAM[0m
[0;32mI (1255) heap_init: At 3FCF0000 len 00008000 (32 KiB): DRAM[0m
[0;32mI (1261) heap_init: At 600FE100 len 00001EE8 (7 KiB): RTCRAM[0m
[0;32mI (1267) esp_psram: Adding pool of 16384K of PSRAM memory to heap allocator[0m
[0;33mW (1275) spi_flash: Octal flash chip is using but dio mode is selected, will automatically swich to Octal mode[0m
[0;32mI (1286) spi_flash: detected chip: mxic (opi)[0m
[0;32mI (1291) spi_flash: flash io: opi_str[0m
[0;33mW (1295) i2c: This driver is an old driver, please migrate your application code to adapt `driver/i2c_master.h`[0m
[0;32mI (1306) sleep: Configure to isolate all GPIO pins in sleep state[0m
[0;32mI (1313) sleep: Enable automatic switching of GPIO sleep configuration[0m
[0;32mI (1320) main_task: Started on CPU0[0m
[0;32mI (1330) esp_psram: Reserving pool of 32K of internal memory for DMA/internal allocations[0m
[0;32mI (1330) main_task: Calling app_main()[0m
[0;31mE (1340) i2c: i2c_master_cmd_begin(1531): i2c driver not installed[0m
[0;33mW (1340) MAIN: No OLED found (SDA=8 SCL=9) — serial-only mode[0m
[0;32mI (1350) MAIN: Loading Model[0m
[0;32mI (1350) MAIN: Initializing SPIFFS[0m
[0;32mI (1440) MAIN: Partition size: total: 1920401, used: 1072021[0m
[0;32mI (1440) MAIN: LLM Path is /data/stories260K.bin[0m
[0;32mI (1440) LLM: Vocab size if 512[0m
[0;32mI (1470) LLM: File size: 1056540 bytes[0m
[0;32mI (1470) LLM: Free ram available: 17086020[0m
[0;32mI (1880) LLM: Successfully read LLM into memory[0m
[0;32mI (1880) LLM: Free ram available: 16029696[0m
[0;32mI (1880) LLM: Successfully read checkpoint[0m
[0;32mI (1900) LLM: Transformer successfully built[0m
[0;32mI (1900) LLM: Created FreeRTOS Tasks[0m
[0;32mI (1900) LLM: Vocab size is 512
[0m
[0;32mI (1900) LLM: Opened Tokenizer File[0m
[0;32mI (1920) LLM: Tokenizer successfully built[0m
[0;32mI (1920) LLM: Sampler Successfully built[0m
Guru Meditation Error: Core  0 panic'ed (LoadProhibited). Exception was unhandled.

Core  0 register dump:
PC      : 0x40388a00  PS      : 0x00060230  A0      : 0x80388b34  A1      : 0x3fca1f30  
A2      : 0x3fcb0c58  A3      : 0x00000200  A4      : 0x00000040  A5      : 0x3fcb58c0  
A6      : 0x00000000  A7      : 0x00000200  A8      : 0x00000000  A9      : 0x00000000  
A10     : 0x000001f8  A11     : 0x00000004  A12     : 0x00000208  A13     : 0x00000000  
A14     : 0x00000008  A15     : 0x3fcab6d0  SAR     : 0x00000014  EXCCAUSE: 0x0000001c  
EXCVADDR: 0x000001fc  LBEG    : 0x4202ac6c  LEND    : 0x4202ac77  LCOUNT  : 0x00000000  


Backtrace: 0x403889fd:0x3fca1f30 0x40388b31:0x3fca1f60 0x40388bea:0x3fca1f80 0x40387a69:0x3fca1fc0 0x4202c6ab:0x3fca22a0 0x4038148d:0x3fca22d0




ELF file SHA256: b52f2da16

Rebooting...
ESP-ROM:esp32s3-20210327
Build:Mar 27 2021
rst:0xc (RTC_SW_CPU_RST),boot:0x8 (SPI_FAST_FLASH_BOOT)
Saved PC:0x40379e54
SPIWP:0xee
Octal Flash Mode Enabled
For OPI Flash, Use Default Flash Boot Mode
mode:SLOW_RD, clock div:1
load:0x3fce2810,len:0x178c
load:0x403c8700,len:0x4
load:0x403c8704,len:0xcb8
load:0x403cb700,len:0x2db0
entry 0x403c8914
[0;32mI (32) boot: ESP-IDF v5.3 2nd stage bootloader[0m
[0;32mI (32) boot: compile time Apr  1 2026 09:02:53[0m
[0;32mI (33) boot: Multicore bootloader[0m
[0;32mI (35) boot: chip revision: v0.2[0m
[0;32mI (39) boot.esp32s3: Boot SPI Speed : 80MHz[0m
[0;32mI (44) boot.esp32s3: SPI Mode       : SLOW READ[0m
[0;32mI (49) boot.esp32s3: SPI Flash Size : 32MB[0m
[0;32mI (54) boot: Enabling RNG early entropy source...[0m
[0;32mI (60) boot: Partition Table:[0m
[0;32mI (63) boot: ## Label            Usage          Type ST Offset   Length[0m
[0;32mI (70) boot:  0 nvs              WiFi data        01 02 00009000 00006000[0m
[0;32mI (78) boot:  1 phy_init         RF data          01 01 0000f000 00001000[0m
[0;32mI (85) boot:  2 factory          factory app      00 00 00010000 00100000[0m
[0;32mI (93) boot:  3 data             Unknown data     01 82 00110000 00200000[0m
[0;32mI (100) boot: End of partition table[0m
[0;32mI (105) esp_image: segment 0: paddr=00010020 vaddr=3c030020 size=0d7ech ( 55276) map[0m
[0;32mI (126) esp_image: segment 1: paddr=0001d814 vaddr=3fc9b000 size=02804h ( 10244) load[0m
[0;32mI (129) esp_image: segment 2: paddr=00020020 vaddr=42000020 size=2cfe0h (184288) map[0m
[0;32mI (176) esp_image: segment 3: paddr=0004d008 vaddr=3fc9d804 size=013a4h (  5028) load[0m
[0;32mI (178) esp_image: segment 4: paddr=0004e3b4 vaddr=40378000 size=12f54h ( 77652) load[0m
[0;32mI (211) boot: Loaded app from partition at offset 0x10000[0m
[0;32mI (211) boot: Disabling RNG early entropy source...[0m
[0;32mI (223) octal_psram: vendor id    : 0x0d (AP)[0m
[0;32mI (223) octal_psram: dev id       : 0x03 (generation 4)[0m
[0;32mI (223) octal_psram: density      : 0x05 (128 Mbit)[0m
[0;32mI (228) octal_psram: good-die     : 0x01 (Pass)[0m
[0;32mI (233) octal_psram: Latency      : 0x01 (Fixed)[0m
[0;32mI (238) octal_psram: VCC          : 0x00 (1.8V)[0m
[0;32mI (244) octal_psram: SRF          : 0x01 (Fast Refresh)[0m
[0;32mI (249) octal_psram: BurstType    : 0x01 (Hybrid Wrap)[0m
[0;32mI (255) octal_psram: BurstLen     : 0x01 (32 Byte)[0m
[0;32mI (261) octal_psram: Readlatency  : 0x02 (10 cycles@Fixed)[0m
[0;32mI (267) octal_psram: DriveStrength: 0x00 (1/1)[0m
[0;32mI (273) MSPI Timing: PSRAM timing tuning index: 6[0m
[0;32mI (277) esp_psram: Found 16MB PSRAM device[0m
[0;32mI (282) esp_psram: Speed: 80MHz[0m
[0;32mI (286) cpu_start: Multicore app[0m
[0;32mI (1181) esp_psram: SPI SRAM memory test OK[0m
[0;32mI (1190) cpu_start: Pro cpu start user code[0m
[0;32mI (1190) cpu_start: cpu freq: 240000000 Hz[0m
[0;32mI (1190) app_init: Application information:[0m
[0;32mI (1193) app_init: Project name:     hello_world[0m
[0;32mI (1199) app_init: App version:      7ea6bab-dirty[0m
[0;32mI (1204) app_init: Compile time:     Apr  1 2026 09:07:37[0m
[0;32mI (1210) app_init: ELF file SHA256:  b52f2da16...[0m
[0;32mI (1216) app_init: ESP-IDF:          v5.3[0m
[0;32mI (1220) efuse_init: Min chip rev:     v0.0[0m
[0;32mI (1225) efuse_init: Max chip rev:     v0.99 [0m
[0;32mI (1230) efuse_init: Chip rev:         v0.2[0m
[0;32mI (1235) heap_init: Initializing. RAM available for dynamic allocation:[0m
[0;32mI (1242) heap_init: At 3FC9F9D0 len 00049D40 (295 KiB): RAM[0m
[0;32mI (1249) heap_init: At 3FCE9710 len 00005724 (21 KiB): RAM[0m
[0;32mI (1255) heap_init: At 3FCF0000 len 00008000 (32 KiB): DRAM[0m
[0;32mI (1261) heap_init: At 600FE100 len 00001EE8 (7 KiB): RTCRAM[0m
[0;32mI (1267) esp_psram: Adding pool of 16384K of PSRAM memory to heap allocator[0m
[0;33mW (1275) spi_flash: Octal flash chip is using but dio mode is selected, will automatically swich to Octal mode[0m
[0;32mI (1286) spi_flash: detected chip: mxic (opi)[0m
[0;32mI (1291) spi_flash: flash io: opi_str[0m
[0;33mW (1295) i2c: This driver is an old driver, please migrate your application code to adapt `driver/i2c_master.h`[0m
[0;32mI (1306) sleep: Configure to isolate all GPIO pins in sleep state[0m
[0;32mI (1313) sleep: Enable automatic switching of GPIO sleep configuration[0m
[0;32mI (1320) main_task: Started on CPU0[0m
[0;32mI (1330) esp_psram: Reserving pool of 32K of internal memory for DMA/internal allocations[0m
[0;32mI (1330) main_task: Calling app_main()[0m
[0;31mE (1340) i2c: i2c_master_cmd_begin(1531): i2c driver not installed[0m
[0;33mW (1340) MAIN: No OLED found (SDA=8 SCL=9) — serial-only mode[0m
[0;32mI (1350) MAIN: Loading Model[0m
[0;32mI (1350) MAIN: Initializing SPIFFS[0m
[0;32mI (1440) MAIN: Partition size: total: 1920401, used: 1072021[0m
[0;32mI (1440) MAIN: LLM Path is /data/stories260K.bin[0m
[0;32mI (1440) LLM: Vocab size if 512[0m
[0;32mI (1470) LLM: File size: 1056540 bytes[0m
[0;32mI (1470) LLM: Free ram available: 17086020[0m
[0;32mI (1880) LLM: Successfully read LLM into memory[0m
[0;32mI (1880) LLM: Free ram available: 16029696[0m
[0;32mI (1880) LLM: Successfully read checkpoint[0m
[0;32mI (1900) LLM: Transformer successfully built[0m
[0;32mI (1900) LLM: Created FreeRTOS Tasks[0m
[0;32mI (1900) LLM: Vocab size is 512
[0m
[0;32mI (1900) LLM: Opened Tokenizer File[0m
[0;32mI (1920) LLM: Tokenizer successfully built[0m
[0;32mI (1920) LLM: Sampler Successfully built[0m
Guru Meditation Error: Core  0 panic'ed (LoadProhibited). Exception was unhandled.

Core  0 register dump:
PC      : 0x40388a00  PS      : 0x00060230  A0      : 0x80388b34  A1      : 0x3fca1f30  
A2      : 0x3fcb0c58  A3      : 0x00000200  A4      : 0x00000040  A5      : 0x3fcb58c0  
A6      : 0x00000000  A7      : 0x00000200  A8      : 0x00000000  A9      : 0x00000000  
A10     : 0x000001f8  A11     : 0x00000004  A12     : 0x00000208  A13     : 0x00000000  
A14     : 0x00000008  A15     : 0x3fcab6d0  SAR     : 0x00000014  EXCCAUSE: 0x0000001c  
EXCVADDR: 0x000001fc  LBEG    : 0x4202ac6c  LEND    : 0x4202ac77  LCOUNT  : 0x00000000  


Backtrace: 0x403889fd:0x3fca1f30 0x40388b31:0x3fca1f60 0x40388bea:0x3fca1f80 0x40387a69:0x3fca1fc0 0x4202c6ab:0x3fca22a0 0x4038148d:0x3fca22d0




ELF file SHA256: b52f2da16

Rebooting...
ESP-ROM:esp32s3-20210327
Build:Mar 27 2021
rst:0xc (RTC_SW_CPU_RST),boot:0x8 (SPI_FAST_FLASH_BOOT)
Saved PC:0x40379e54
SPIWP:0xee
Octal Flash Mode Enabled
For OPI Flash, Use Default Flash Boot Mode
mode:SLOW_RD, clock div:1
load:0x3fce2810,len:0x178c
load:0x403c8700,len:0x4
load:0x403c8704,len:0xcb8
load:0x403cb700,len:0x2db0
entry 0x403c8914
[0;32mI (32) boot: ESP-IDF v5.3 2nd stage bootloader[0m
[0;32mI (32) boot: compile time Apr  1 2026 09:02:53[0m
[0;32mI (33) boot: Multicore bootloader[0m
[0;32mI (35) boot: chip revision: v0.2[0m
[0;32mI (39) boot.esp32s3: Boot SPI Speed : 80MHz[0m
[0;32mI (44) boot.esp32s3: SPI Mode       : SLOW READ[0m
[0;32mI (49) boot.esp32s3: SPI Flash Size : 32MB[0m
[0;32mI (54) boot: Enabling RNG early entropy source...[0m
[0;32mI (60) boot: Partition Table:[0m
[0;32mI (63) boot: ## Label            Usage          Type ST Offset   Length[0m
[0;32mI (70) boot:  0 nvs              WiFi data        01 02 00009000 00006000[0m
[0;32mI (78) boot:  1 phy_init         RF data          01 01 0000f000 00001000[0m
[0;32mI (85) boot:  2 factory          factory app      00 00 00010000 00100000[0m
