ESP-ROM:esp32s3-20210327
Build:Mar 27 2021
rst:0x15 (USB_UART_CHIP_RESET),boot:0x8 (SPI_FAST_FLASH_BOOT)
Saved PC:0x420091d5
SPIWP:0xee
Octal Flash Mode Enabled
For OPI Flash, Use Default Flash Boot Mode
mode:SLOW_RD, clock div:1
load:0x3fce2810,len:0x178c
load:0x403c8700,len:0x4
load:0x403c8704,len:0xcb8
load:0x403cb700,len:0x2db0
entry 0x403c8914
[0;32mI (33) boot: ESP-IDF v5.3 2nd stage bootloader[0m
[0;32mI (33) boot: compile time Apr  1 2026 09:02:53[0m
[0;32mI (33) boot: Multicore bootloader[0m
[0;32mI (36) boot: chip revision: v0.2[0m
[0;32mI (40) boot.esp32s3: Boot SPI Speed : 80MHz[0m
[0;32mI (45) boot.esp32s3: SPI Mode       : SLOW READ[0m
[0;32mI (50) boot.esp32s3: SPI Flash Size : 32MB[0m
[0;32mI (55) boot: Enabling RNG early entropy source...[0m
[0;32mI (60) boot: Partition Table:[0m
[0;32mI (64) boot: ## Label            Usage          Type ST Offset   Length[0m
[0;32mI (71) boot:  0 nvs              WiFi data        01 02 00009000 00006000[0m
[0;32mI (78) boot:  1 phy_init         RF data          01 01 0000f000 00001000[0m
[0;32mI (86) boot:  2 factory          factory app      00 00 00010000 00100000[0m
[0;32mI (93) boot:  3 data             Unknown data     01 82 00110000 00200000[0m
[0;32mI (101) boot: End of partition table[0m
[0;32mI (105) esp_image: segment 0: paddr=00010020 vaddr=3c030020 size=0d7ech ( 55276) map[0m
[0;32mI (127) esp_image: segment 1: paddr=0001d814 vaddr=3fc9af00 size=02804h ( 10244) load[0m
[0;32mI (130) esp_image: segment 2: paddr=00020020 vaddr=42000020 size=2cfe0h (184288) map[0m
[0;32mI (176) esp_image: segment 3: paddr=0004d008 vaddr=3fc9d704 size=0133ch (  4924) load[0m
[0;32mI (178) esp_image: segment 4: paddr=0004e34c vaddr=40378000 size=12ea8h ( 77480) load[0m
[0;32mI (211) boot: Loaded app from partition at offset 0x10000[0m
[0;32mI (211) boot: Disabling RNG early entropy source...[0m
[0;32mI (223) octal_psram: vendor id    : 0x0d (AP)[0m
[0;32mI (223) octal_psram: dev id       : 0x03 (generation 4)[0m
[0;32mI (224) octal_psram: density      : 0x05 (128 Mbit)[0m
[0;32mI (228) octal_psram: good-die     : 0x01 (Pass)[0m
[0;32mI (234) octal_psram: Latency      : 0x01 (Fixed)[0m
[0;32mI (239) octal_psram: VCC          : 0x00 (1.8V)[0m
[0;32mI (244) octal_psram: SRF          : 0x01 (Fast Refresh)[0m
[0;32mI (250) octal_psram: BurstType    : 0x01 (Hybrid Wrap)[0m
[0;32mI (256) octal_psram: BurstLen     : 0x01 (32 Byte)[0m
[0;32mI (261) octal_psram: Readlatency  : 0x02 (10 cycles@Fixed)[0m
[0;32mI (267) octal_psram: DriveStrength: 0x00 (1/1)[0m
[0;32mI (273) MSPI Timing: PSRAM timing tuning index: 6[0m
[0;32mI (278) esp_psram: Found 16MB PSRAM device[0m
[0;32mI (283) esp_psram: Speed: 80MHz[0m
[0;32mI (287) cpu_start: Multicore app[0m
[0;32mI (1182) esp_psram: SPI SRAM memory test OK[0m
[0;32mI (1191) cpu_start: Pro cpu start user code[0m
[0;32mI (1191) cpu_start: cpu freq: 240000000 Hz[0m
[0;32mI (1191) app_init: Application information:[0m
[0;32mI (1194) app_init: Project name:     hello_world[0m
[0;32mI (1199) app_init: App version:      360ee52-dirty[0m
[0;32mI (1205) app_init: Compile time:     Apr  1 2026 09:02:26[0m
[0;32mI (1211) app_init: ELF file SHA256:  91fe498f1...[0m
[0;32mI (1216) app_init: ESP-IDF:          v5.3[0m
[0;32mI (1221) efuse_init: Min chip rev:     v0.0[0m
[0;32mI (1226) efuse_init: Max chip rev:     v0.99 [0m
[0;32mI (1231) efuse_init: Chip rev:         v0.2[0m
[0;32mI (1236) heap_init: Initializing. RAM available for dynamic allocation:[0m
[0;32mI (1243) heap_init: At 3FC9F868 len 00049EA8 (295 KiB): RAM[0m
[0;32mI (1249) heap_init: At 3FCE9710 len 00005724 (21 KiB): RAM[0m
[0;32mI (1255) heap_init: At 3FCF0000 len 00008000 (32 KiB): DRAM[0m
[0;32mI (1261) heap_init: At 600FE100 len 00001EE8 (7 KiB): RTCRAM[0m
[0;32mI (1268) esp_psram: Adding pool of 16384K of PSRAM memory to heap allocator[0m
[0;33mW (1276) spi_flash: Octal flash chip is using but dio mode is selected, will automatically swich to Octal mode[0m
[0;32mI (1286) spi_flash: detected chip: mxic (opi)[0m
[0;32mI (1291) spi_flash: flash io: opi_str[0m
[0;33mW (1295) i2c: This driver is an old driver, please migrate your application code to adapt `driver/i2c_master.h`[0m
[0;32mI (1306) sleep: Configure to isolate all GPIO pins in sleep state[0m
[0;32mI (1313) sleep: Enable automatic switching of GPIO sleep configuration[0m
[0;32mI (1321) main_task: Started on CPU0[0m
[0;32mI (1331) esp_psram: Reserving pool of 32K of internal memory for DMA/internal allocations[0m
[0;32mI (1331) main_task: Calling app_main()[0m
[0;32mI (1341) u8g2_hal: sda_io_num 8[0m
[0;32mI (1341) u8g2_hal: scl_io_num 9[0m
[0;32mI (1341) u8g2_hal: clk_speed 50000[0m
[0;32mI (1351) u8g2_hal: i2c_param_config 1[0m
[0;32mI (1351) u8g2_hal: i2c_driver_install 1[0m
[0;31mE (1661) err: esp_err_t = -1[0m

assert failed: u8g2_esp32_i2c_byte_cb u8g2_esp32_hal.c:179 (0 && "i2c_master_cmd_begin(I2C_MASTER_NUM, handle_i2c, pdMS_TO_TICKS(I2C_TIMEOUT_MS))")


Backtrace: 0x40379ef6:0x3fca1bc0 0x403809c1:0x3fca1be0 0x40388ec1:0x3fca1c00 0x4200ef4e:0x3fca1d20 0x4202b111:0x3fca1d60 0x4200fa83:0x3fca1d80 0x4200f9f9:0x3fca1da0 0x4200fc7d:0x3fca1dd0 0x4202b08d:0x3fca1df0 0x403877a5:0x3fca1e10 0x40387947:0x3fca1e50 0x4202c6ab:0x3fca2130 0x40381469:0x3fca2160




ELF file SHA256: 91fe498f1

Rebooting...
ESP-ROM:esp32s3-20210327
Build:Mar 27 2021
rst:0xc (RTC_SW_CPU_RST),boot:0x8 (SPI_FAST_FLASH_BOOT)
Saved PC:0x40379e30
SPIWP:0xee
Octal Flash Mode Enabled
For OPI Flash, Use Default Flash Boot Mode
mode:SLOW_RD, clock div:1
load:0x3fce2810,len:0x178c
load:0x403c8700,len:0x4
load:0x403c8704,len:0xcb8
load:0x403cb700,len:0x2db0
entry 0x403c8914
[0;32mI (32) boot: ESP-IDF v5.3 2nd stage bootloader[0m
[0;32mI (32) boot: compile time Apr  1 2026 09:02:53[0m
[0;32mI (33) boot: Multicore bootloader[0m
[0;32mI (35) boot: chip revision: v0.2[0m
[0;32mI (39) boot.esp32s3: Boot SPI Speed : 80MHz[0m
[0;32mI (44) boot.esp32s3: SPI Mode       : SLOW READ[0m
[0;32mI (49) boot.esp32s3: SPI Flash Size : 32MB[0m
[0;32mI (54) boot: Enabling RNG early entropy source...[0m
[0;32mI (60) boot: Partition Table:[0m
[0;32mI (63) boot: ## Label            Usage          Type ST Offset   Length[0m
[0;32mI (70) boot:  0 nvs              WiFi data        01 02 00009000 00006000[0m
[0;32mI (78) boot:  1 phy_init         RF data          01 01 0000f000 00001000[0m
[0;32mI (85) boot:  2 factory          factory app      00 00 00010000 00100000[0m
[0;32mI (93) boot:  3 data             Unknown data     01 82 00110000 00200000[0m
[0;32mI (100) boot: End of partition table[0m
[0;32mI (105) esp_image: segment 0: paddr=00010020 vaddr=3c030020 size=0d7ech ( 55276) map[0m
[0;32mI (126) esp_image: segment 1: paddr=0001d814 vaddr=3fc9af00 size=02804h ( 10244) load[0m
[0;32mI (129) esp_image: segment 2: paddr=00020020 vaddr=42000020 size=2cfe0h (184288) map[0m
[0;32mI (176) esp_image: segment 3: paddr=0004d008 vaddr=3fc9d704 size=0133ch (  4924) load[0m
[0;32mI (178) esp_image: segment 4: paddr=0004e34c vaddr=40378000 size=12ea8h ( 77480) load[0m
[0;32mI (211) boot: Loaded app from partition at offset 0x10000[0m
[0;32mI (211) boot: Disabling RNG early entropy source...[0m
[0;32mI (223) octal_psram: vendor id    : 0x0d (AP)[0m
[0;32mI (223) octal_psram: dev id       : 0x03 (generation 4)[0m
[0;32mI (223) octal_psram: density      : 0x05 (128 Mbit)[0m
[0;32mI (228) octal_psram: good-die     : 0x01 (Pass)[0m
[0;32mI (233) octal_psram: Latency      : 0x01 (Fixed)[0m
[0;32mI (238) octal_psram: VCC          : 0x00 (1.8V)[0m
[0;32mI (244) octal_psram: SRF          : 0x01 (Fast Refresh)[0m
[0;32mI (249) octal_psram: BurstType    : 0x01 (Hybrid Wrap)[0m
[0;32mI (255) octal_psram: BurstLen     : 0x01 (32 Byte)[0m
[0;32mI (261) octal_psram: Readlatency  : 0x02 (10 cycles@Fixed)[0m
[0;32mI (267) octal_psram: DriveStrength: 0x00 (1/1)[0m
[0;32mI (273) MSPI Timing: PSRAM timing tuning index: 6[0m
[0;32mI (277) esp_psram: Found 16MB PSRAM device[0m
[0;32mI (282) esp_psram: Speed: 80MHz[0m
[0;32mI (286) cpu_start: Multicore app[0m
[0;32mI (1181) esp_psram: SPI SRAM memory test OK[0m
[0;32mI (1190) cpu_start: Pro cpu start user code[0m
[0;32mI (1190) cpu_start: cpu freq: 240000000 Hz[0m
[0;32mI (1190) app_init: Application information:[0m
[0;32mI (1193) app_init: Project name:     hello_world[0m
[0;32mI (1199) app_init: App version:      360ee52-dirty[0m
[0;32mI (1204) app_init: Compile time:     Apr  1 2026 09:02:26[0m
[0;32mI (1210) app_init: ELF file SHA256:  91fe498f1...[0m
[0;32mI (1216) app_init: ESP-IDF:          v5.3[0m
[0;32mI (1220) efuse_init: Min chip rev:     v0.0[0m
[0;32mI (1225) efuse_init: Max chip rev:     v0.99 [0m
[0;32mI (1230) efuse_init: Chip rev:         v0.2[0m
[0;32mI (1235) heap_init: Initializing. RAM available for dynamic allocation:[0m
[0;32mI (1242) heap_init: At 3FC9F868 len 00049EA8 (295 KiB): RAM[0m
[0;32mI (1248) heap_init: At 3FCE9710 len 00005724 (21 KiB): RAM[0m
[0;32mI (1255) heap_init: At 3FCF0000 len 00008000 (32 KiB): DRAM[0m
[0;32mI (1261) heap_init: At 600FE100 len 00001EE8 (7 KiB): RTCRAM[0m
[0;32mI (1267) esp_psram: Adding pool of 16384K of PSRAM memory to heap allocator[0m
[0;33mW (1275) spi_flash: Octal flash chip is using but dio mode is selected, will automatically swich to Octal mode[0m
[0;32mI (1286) spi_flash: detected chip: mxic (opi)[0m
[0;32mI (1291) spi_flash: flash io: opi_str[0m
[0;33mW (1295) i2c: This driver is an old driver, please migrate your application code to adapt `driver/i2c_master.h`[0m
[0;32mI (1306) sleep: Configure to isolate all GPIO pins in sleep state[0m
[0;32mI (1313) sleep: Enable automatic switching of GPIO sleep configuration[0m
[0;32mI (1320) main_task: Started on CPU0[0m
[0;32mI (1330) esp_psram: Reserving pool of 32K of internal memory for DMA/internal allocations[0m
[0;32mI (1330) main_task: Calling app_main()[0m
[0;32mI (1340) u8g2_hal: sda_io_num 8[0m
[0;32mI (1340) u8g2_hal: scl_io_num 9[0m
[0;32mI (1340) u8g2_hal: clk_speed 50000[0m
[0;32mI (1350) u8g2_hal: i2c_param_config 1[0m
[0;32mI (1350) u8g2_hal: i2c_driver_install 1[0m
[0;31mE (1660) err: esp_err_t = -1[0m

assert failed: u8g2_esp32_i2c_byte_cb u8g2_esp32_hal.c:179 (0 && "i2c_master_cmd_begin(I2C_MASTER_NUM, handle_i2c, pdMS_TO_TICKS(I2C_TIMEOUT_MS))")


Backtrace: 0x40379ef6:0x3fca1bc0 0x403809c1:0x3fca1be0 0x40388ec1:0x3fca1c00 0x4200ef4e:0x3fca1d20 0x4202b111:0x3fca1d60 0x4200fa83:0x3fca1d80 0x4200f9f9:0x3fca1da0 0x4200fc7d:0x3fca1dd0 0x4202b08d:0x3fca1df0 0x403877a5:0x3fca1e10 0x40387947:0x3fca1e50 0x4202c6ab:0x3fca2130 0x40381469:0x3fca2160




ELF file SHA256: 91fe498f1

Rebooting...
ESP-ROM:esp32s3-20210327
Build:Mar 27 2021
rst:0xc (RTC_SW_CPU_RST),boot:0x8 (SPI_FAST_FLASH_BOOT)
Saved PC:0x40379e30
SPIWP:0xee
Octal Flash Mode Enabled
For OPI Flash, Use Default Flash Boot Mode
mode:SLOW_RD, clock div:1
load:0x3fce2810,len:0x178c
load:0x403c8700,len:0x4
load:0x403c8704,len:0xcb8
load:0x403cb700,len:0x2db0
entry 0x403c8914
[0;32mI (32) boot: ESP-IDF v5.3 2nd stage bootloader[0m
[0;32mI (32) boot: compile time Apr  1 2026 09:02:53[0m
[0;32mI (33) boot: Multicore bootloader[0m
[0;32mI (35) boot: chip revision: v0.2[0m
[0;32mI (39) boot.esp32s3: Boot SPI Speed : 80MHz[0m
[0;32mI (44) boot.esp32s3: SPI Mode       : SLOW READ[0m
[0;32mI (49) boot.esp32s3: SPI Flash Size : 32MB[0m
[0;32mI (54) boot: Enabling RNG early entropy source...[0m
[0;32mI (60) boot: Partition Table:[0m
[0;32mI (63) boot: ## Label            Usage          Type ST Offset   Length[0m
[0;32mI (70) boot:  0 nvs              WiFi data        01 02 00009000 00006000[0m
[0;32mI (78) boot:  1 phy_init         RF data          01 01 0000f000 00001000[0m
[0;32mI (85) boot:  2 factory          factory app      00 00 00010000 00100000[0m
[0;32mI (93) boot:  3 data             Unknown data     01 82 00110000 00200000[0m
[0;32mI (100) boot: End of partition table[0m
[0;32mI (105) esp_image: segment 0: paddr=00010020 vaddr=3c030020 size=0d7ech ( 55276) map[0m
[0;32mI (126) esp_image: segment 1: paddr=0001d814 vaddr=3fc9af00 size=02804h ( 10244) load[0m
[0;32mI (129) esp_image: segment 2: paddr=00020020 vaddr=42000020 size=2cfe0h (184288) map[0m
[0;32mI (176) esp_image: segment 3: paddr=0004d008 vaddr=3fc9d704 size=0133ch (  4924) load[0m
[0;32mI (178) esp_image: segment 4: paddr=0004e34c vaddr=40378000 size=12ea8h ( 77480) load[0m
[0;32mI (211) boot: Loaded app from partition at offset 0x10000[0m
[0;32mI (211) boot: Disabling RNG early entropy source...[0m
[0;32mI (223) octal_psram: vendor id    : 0x0d (AP)[0m
[0;32mI (223) octal_psram: dev id       : 0x03 (generation 4)[0m
[0;32mI (223) octal_psram: density      : 0x05 (128 Mbit)[0m
[0;32mI (228) octal_psram: good-die     : 0x01 (Pass)[0m
[0;32mI (233) octal_psram: Latency      : 0x01 (Fixed)[0m
[0;32mI (238) octal_psram: VCC          : 0x00 (1.8V)[0m
[0;32mI (244) octal_psram: SRF          : 0x01 (Fast Refresh)[0m
[0;32mI (249) octal_psram: BurstType    : 0x01 (Hybrid Wrap)[0m
[0;32mI (255) octal_psram: BurstLen     : 0x01 (32 Byte)[0m
[0;32mI (261) octal_psram: Readlatency  : 0x02 (10 cycles@Fixed)[0m
[0;32mI (267) octal_psram: DriveStrength: 0x00 (1/1)[0m
[0;32mI (273) MSPI Timing: PSRAM timing tuning index: 6[0m
[0;32mI (277) esp_psram: Found 16MB PSRAM device[0m
[0;32mI (282) esp_psram: Speed: 80MHz[0m
[0;32mI (286) cpu_start: Multicore app[0m
[0;32mI (1181) esp_psram: SPI SRAM memory test OK[0m
[0;32mI (1190) cpu_start: Pro cpu start user code[0m
[0;32mI (1190) cpu_start: cpu freq: 240000000 Hz[0m
[0;32mI (1190) app_init: Application information:[0m
[0;32mI (1193) app_init: Project name:     hello_world[0m
[0;32mI (1199) app_init: App version:      360ee52-dirty[0m
[0;32mI (1204) app_init: Compile time:     Apr  1 2026 09:02:26[0m
[0;32mI (1210) app_init: ELF file SHA256:  91fe498f1...[0m
[0;32mI (1216) app_init: ESP-IDF:          v5.3[0m
[0;32mI (1220) efuse_init: Min chip rev:     v0.0[0m
[0;32mI (1225) efuse_init: Max chip rev:     v0.99 [0m
[0;32mI (1230) efuse_init: Chip rev:         v0.2[0m
[0;32mI (1235) heap_init: Initializing. RAM available for dynamic allocation:[0m
[0;32mI (1242) heap_init: At 3FC9F868 len 00049EA8 (295 KiB): RAM[0m
[0;32mI (1248) heap_init: At 3FCE9710 len 00005724 (21 KiB): RAM[0m
[0;32mI (1255) heap_init: At 3FCF0000 len 00008000 (32 KiB): DRAM[0m
[0;32mI (1261) heap_init: At 600FE100 len 00001EE8 (7 KiB): RTCRAM[0m
[0;32mI (1267) esp_psram: Adding pool of 16384K of PSRAM memory to heap allocator[0m
[0;33mW (1275) spi_flash: Octal flash chip is using but dio mode is selected, will automatically swich to Octal mode[0m
[0;32mI (1286) spi_flash: detected chip: mxic (opi)[0m
[0;32mI (1291) spi_flash: flash io: opi_str[0m
[0;33mW (1295) i2c: This driver is an old driver, please migrate your application code to adapt `driver/i2c_master.h`[0m
[0;32mI (1306) sleep: Configure to isolate all GPIO pins in sleep state[0m
[0;32mI (1313) sleep: Enable automatic switching of GPIO sleep configuration[0m
[0;32mI (1320) main_task: Started on CPU0[0m
[0;32mI (1330) esp_psram: Reserving pool of 32K of internal memory for DMA/internal allocations[0m
[0;32mI (1330) main_task: Calling app_main()[0m
[0;32mI (1340) u8g2_hal: sda_io_num 8[0m
[0;32mI (1340) u8g2_hal: scl_io_num 9[0m
[0;32mI (1340) u8g2_hal: clk_speed 50000[0m
[0;32mI (1350) u8g2_hal: i2c_param_config 1[0m
[0;32mI (1350) u8g2_hal: i2c_driver_install 1[0m
[0;31mE (1660) err: esp_err_t = -1[0m

assert failed: u8g2_esp32_i2c_byte_cb u8g2_esp32_hal.c:179 (0 && "i2c_master_cmd_begin(I2C_MASTER_NUM, handle_i2c, pdMS_TO_TICKS(I2C_TIMEOUT_MS))")


Backtrace: 0x40379ef6:0x3fca1bc0 0x403809c1:0x3fca1be0 0x40388ec1:0x3fca1c00 0x4200ef4e:0x3fca1d20 0x4202b111:0x3fca1d60 0x4200fa83:0x3fca1d80 0x4200f9f9:0x3fca1da0 0x4200fc7d:0x3fca1dd0 0x4202b08d:0x3fca1df0 0x403877a5:0x3fca1e10 0x40387947:0x3fca1e50 0x4202c6ab:0x3fca2130 0x40381469:0x3fca2160




ELF file SHA256: 91fe498f1

Rebooting...
ESP-ROM:esp32s3-20210327
Build:Mar 27 2021
rst:0xc (RTC_SW_CPU_RST),boot:0x8 (SPI_FAST_FLASH_BOOT)
Saved PC:0x40379e30
SPIWP:0xee
Octal Flash Mode Enabled
For OPI Flash, Use Default Flash Boot Mode
mode:SLOW_RD, clock div:1
load:0x3fce2810,len:0x178c
load:0x403c8700,len:0x4
load:0x403c8704,len:0xcb8
load:0x403cb700,len:0x2db0
entry 0x403c8914
[0;32mI (32) boot: ESP-IDF v5.3 2nd stage bootloader[0m
[0;32mI (32) boot: compile time Apr  1 2026 09:02:53[0m
[0;32mI (33) boot: Multicore bootloader[0m
[0;32mI (35) boot: chip revision: v0.2[0m
[0;32mI (39) boot.esp32s3: Boot SPI Speed : 80MHz[0m
[0;32mI (44) boot.esp32s3: SPI Mode       : SLOW READ[0m
[0;32mI (49) boot.esp32s3: SPI Flash Size : 32MB[0m
[0;32mI (54) boot: Enabling RNG early entropy source...[0m
[0;32mI (60) boot: Partition Table:[0m
[0;32mI (63) boot: ## Label            Usage          Type ST Offset   Length[0m
[0;32mI (70) boot:  0 nvs              WiFi data        01 02 00009000 00006000[0m
[0;32mI (78) boot:  1 phy_init         RF data          01 01 0000f000 00001000[0m
[0;32mI (85) boot:  2 factory          factory app      00 00 00010000 00100000[0m
[0;32mI (93) boot:  3 data             Unknown data     01 82 00110000 00200000[0m
[0;32mI (100) boot: End of partition table[0m
[0;32mI (105) esp_image: segment 0: paddr=00010020 vaddr=3c030020 size=0d7ech ( 55276) map[0m
[0;32mI (126) esp_image: segment 1: paddr=0001d814 vaddr=3fc9af00 size=02804h ( 10244) load[0m
[0;32mI (129) esp_image: segment 2: paddr=00020020 vaddr=42000020 size=2cfe0h (184288) map[0m
[0;32mI (176) esp_image: segment 3: paddr=0004d008 vaddr=3fc9d704 size=0133ch (  4924) load[0m
[0;32mI (178) esp_image: segment 4: paddr=0004e34c vaddr=40378000 size=12ea8h ( 77480) load[0m
[0;32mI (211) boot: Loaded app from partition at offset 0x10000[0m
[0;32mI (211) boot: Disabling RNG early entropy source...[0m
[0;32mI (223) octal_psram: vendor id    : 0x0d (AP)[0m
[0;32mI (223) octal_psram: dev id       : 0x03 (generation 4)[0m
[0;32mI (223) octal_psram: density      : 0x05 (128 Mbit)[0m
[0;32mI (228) octal_psram: good-die     : 0x01 (Pass)[0m
[0;32mI (233) octal_psram: Latency      : 0x01 (Fixed)[0m
[0;32mI (238) octal_psram: VCC          : 0x00 (1.8V)[0m
[0;32mI (244) octal_psram: SRF          : 0x01 (Fast Refresh)[0m
[0;32mI (249) octal_psram: BurstType    : 0x01 (Hybrid Wrap)[0m
[0;32mI (255) octal_psram: BurstLen     : 0x01 (32 Byte)[0m
[0;32mI (261) octal_psram: Readlatency  : 0x02 (10 cycles@Fixed)[0m
[0;32mI (267) octal_psram: DriveStrength: 0x00 (1/1)[0m
[0;32mI (273) MSPI Timing: PSRAM timing tuning index: 6[0m
[0;32mI (277) esp_psram: Found 16MB PSRAM device[0m
[0;32mI (282) esp_psram: Speed: 80MHz[0m
[0;32mI (286) cpu_start: Multicore app[0m
[0;32mI (1181) esp_psram: SPI SRAM memory test OK[0m
[0;32mI (1190) cpu_start: Pro cpu start user code[0m
[0;32mI (1190) cpu_start: cpu freq: 240000000 Hz[0m
[0;32mI (1190) app_init: Application information:[0m
[0;32mI (1193) app_init: Project name:     hello_world[0m
[0;32mI (1199) app_init: App version:      360ee52-dirty[0m
[0;32mI (1204) app_init: Compile time:     Apr  1 2026 09:02:26[0m
[0;32mI (1210) app_init: ELF file SHA256:  91fe498f1...[0m
[0;32mI (1216) app_init: ESP-IDF:          v5.3[0m
[0;32mI (1220) efuse_init: Min chip rev:     v0.0[0m
[0;32mI (1225) efuse_init: Max chip rev:     v0.99 [0m
[0;32mI (1230) efuse_init: Chip rev:         v0.2[0m
[0;32mI (1235) heap_init: Initializing. RAM available for dynamic allocation:[0m
[0;32mI (1242) heap_init: At 3FC9F868 len 00049EA8 (295 KiB): RAM[0m
[0;32mI (1248) heap_init: At 3FCE9710 len 00005724 (21 KiB): RAM[0m
[0;32mI (1255) heap_init: At 3FCF0000 len 00008000 (32 KiB): DRAM[0m
[0;32mI (1261) heap_init: At 600FE100 len 00001EE8 (7 KiB): RTCRAM[0m
[0;32mI (1267) esp_psram: Adding pool of 16384K of PSRAM memory to heap allocator[0m
[0;33mW (1275) spi_flash: Octal flash chip is using but dio mode is selected, will automatically swich to Octal mode[0m
[0;32mI (1286) spi_flash: detected chip: mxic (opi)[0m
[0;32mI (1291) spi_flash: flash io: opi_str[0m
[0;33mW (1295) i2c: This driver is an old driver, please migrate your application code to adapt `driver/i2c_master.h`[0m
[0;32mI (1306) sleep: Configure to isolate all GPIO pins in sleep state[0m
[0;32mI (1313) sleep: Enable automatic switching of GPIO sleep configuration[0m
[0;32mI (1320) main_task: Started on CPU0[0m
[0;32mI (1330) esp_psram: Reserving pool of 32K of internal memory for DMA/internal allocations[0m
[0;32mI (1330) main_task: Calling app_main()[0m
[0;32mI (1340) u8g2_hal: sda_io_num 8[0m
[0;32mI (1340) u8g2_hal: scl_io_num 9[0m
[0;32mI (1340) u8g2_hal: clk_speed 50000[0m
[0;32mI (1350) u8g2_hal: i2c_param_config 1[0m
[0;32mI (1350) u8g2_hal: i2c_driver_install 1[0m
[0;31mE (1660) err: esp_err_t = -1[0m

assert failed: u8g2_esp32_i2c_byte_cb u8g2_esp32_hal.c:179 (0 && "i2c_master_cmd_begin(I2C_MASTER_NUM, handle_i2c, pdMS_TO_TICKS(I2C_TIMEOUT_MS))")


Backtrace: 0x40379ef6:0x3fca1bc0 0x403809c1:0x3fca1be0 0x40388ec1:0x3fca1c00 0x4200ef4e:0x3fca1d20 0x4202b111:0x3fca1d60 0x4200fa83:0x3fca1d80 0x4200f9f9:0x3fca1da0 0x4200fc7d:0x3fca1dd0 0x4202b08d:0x3fca1df0 0x403877a5:0x3fca1e10 0x40387947:0x3fca1e50 0x4202c6ab:0x3fca2130 0x40381469:0x3fca2160




ELF file SHA256: 91fe498f1

Rebooting...
ESP-ROM:esp32s3-20210327
Build:Mar 27 2021
rst:0xc (RTC_SW_CPU_RST),boot:0x8 (SPI_FAST_FLASH_BOOT)
Saved PC:0x40379e30
SPIWP:0xee
Octal Flash Mode Enabled
For OPI Flash, Use Default Flash Boot Mode
mode:SLOW_RD, clock div:1
load:0x3fce2810,len:0x178c
load:0x403c8700,len:0x4
load:0x403c8704,len:0xcb8
load:0x403cb700,len:0x2db0
entry 0x403c8914
[0;32mI (32) boot: ESP-IDF v5.3 2nd stage bootloader[0m
[0;32mI (32) boot: compile time Apr  1 2026 09:02:53[0m
[0;32mI (33) boot: Multicore bootloader[0m
[0;32mI (35) boot: chip revision: v0.2[0m
[0;32mI (39) boot.esp32s3: Boot SPI Speed : 80MHz[0m
[0;32mI (44) boot.esp32s3: SPI Mode       : SLOW READ[0m
[0;32mI (49) boot.esp32s3: SPI Flash Size : 32MB[0m
[0;32mI (54) boot: Enabling RNG early entropy source...[0m
[0;32mI (60) boot: Partition Table:[0m
[0;32mI (63) boot: ## Label            Usage          Type ST Offset   Length[0m
[0;32mI (70) boot:  0 nvs              WiFi data        01 02 00009000 00006000[0m
[0;32mI (78) boot:  1 phy_init         RF data          01 01 0000f000 00001000[0m
[0;32mI (85) boot:  2 factory          factory app      00 00 00010000 00100000[0m
[0;32mI (93) boot:  3 data             Unknown data     01 82 00110000 00200000[0m
[0;32mI (100) boot: End of partition table[0m
[0;32mI (105) esp_image: segment 0: paddr=00010020 vaddr=3c030020 size=0d7ech ( 55276) map[0m
[0;32mI (126) esp_image: segment 1: paddr=0001d814 vaddr=3fc9af00 size=02804h ( 10244) load[0m
[0;32mI (129) esp_image: segment 2: paddr=00020020 vaddr=42000020 size=2cfe0h (184288) map[0m
[0;32mI (176) esp_image: segment 3: paddr=0004d008 vaddr=3fc9d704 size=0133ch (  4924) load[0m
[0;32mI (178) esp_image: segment 4: paddr=0004e34c vaddr=40378000 size=12ea8h ( 77480) load[0m
[0;32mI (211) boot: Loaded app from partition at offset 0x10000[0m
[0;32mI (211) boot: Disabling RNG early entropy source...[0m
[0;32mI (223) octal_psram: vendor id    : 0x0d (AP)[0m
[0;32mI (223) octal_psram: dev id       : 0x03 (generation 4)[0m
[0;32mI (223) octal_psram: density      : 0x05 (128 Mbit)[0m
[0;32mI (228) octal_psram: good-die     : 0x01 (Pass)[0m
[0;32mI (233) octal_psram: Latency      : 0x01 (Fixed)[0m
[0;32mI (238) octal_psram: VCC          : 0x00 (1.8V)[0m
[0;32mI (244) octal_psram: SRF          : 0x01 (Fast Refresh)[0m
[0;32mI (249) octal_psram: BurstType    : 0x01 (Hybrid Wrap)[0m
[0;32mI (255) octal_psram: BurstLen     : 0x01 (32 Byte)[0m
[0;32mI (261) octal_psram: Readlatency  : 0x02 (10 cycles@Fixed)[0m
[0;32mI (267) octal_psram: DriveStrength: 0x00 (1/1)[0m
[0;32mI (273) MSPI Timing: PSRAM timing tuning index: 6[0m
[0;32mI (277) esp_psram: Found 16MB PSRAM device[0m
[0;32mI (282) esp_psram: Speed: 80MHz[0m
[0;32mI (286) cpu_start: Multicore app[0m
[0;32mI (1181) esp_psram: SPI SRAM memory test OK[0m
[0;32mI (1190) cpu_start: Pro cpu start user code[0m
[0;32mI (1190) cpu_start: cpu freq: 240000000 Hz[0m
[0;32mI (1190) app_init: Application information:[0m
[0;32mI (1193) app_init: Project name:     hello_world[0m
[0;32mI (1199) app_init: App version:      360ee52-dirty[0m
[0;32mI (1204) app_init: Compile time:     Apr  1 2026 09:02:26[0m
[0;32mI (1210) app_init: ELF file SHA256:  91fe498f1...[0m
[0;32mI (1216) app_init: ESP-IDF:          v5.3[0m
[0;32mI (1220) efuse_init: Min chip rev:     v0.0[0m
[0;32mI (1225) efuse_init: Max chip rev:     v0.99 [0m
[0;32mI (1230) efuse_init: Chip rev:         v0.2[0m
[0;32mI (1235) heap_init: Initializing. RAM available for dynamic allocation:[0m
[0;32mI (1242) heap_init: At 3FC9F868 len 00049EA8 (295 KiB): RAM[0m
[0;32mI (1248) heap_init: At 3FCE9710 len 00005724 (21 KiB): RAM[0m
[0;32mI (1255) heap_init: At 3FCF0000 len 00008000 (32 KiB): DRAM[0m
[0;32mI (1261) heap_init: At 600FE100 len 00001EE8 (7 KiB): RTCRAM[0m
[0;32mI (1267) esp_psram: Adding pool of 16384K of PSRAM memory to heap allocator[0m
[0;33mW (1275) spi_flash: Octal flash chip is using but dio mode is selected, will automatically swich to Octal mode[0m
[0;32mI (1286) spi_flash: detected chip: mxic (opi)[0m
[0;32mI (1291) spi_flash: flash io: opi_str[0m
[0;33mW (1295) i2c: This driver is an old driver, please migrate your application code to adapt `driver/i2c_master.h`[0m
[0;32mI (1306) sleep: Configure to isolate all GPIO pins in sleep state[0m
[0;32mI (1313) sleep: Enable automatic switching of GPIO sleep configuration[0m
[0;32mI (1320) main_task: Started on CPU0[0m
[0;32mI (1330) esp_psram: Reserving pool of 32K of internal memory for DMA/internal allocations[0m
[0;32mI (1330) main_task: Calling app_main()[0m
[0;32mI (1340) u8g2_hal: sda_io_num 8[0m
[0;32mI (1340) u8g2_hal: scl_io_num 9[0m
[0;32mI (1340) u8g2_hal: clk_speed 50000[0m
[0;32mI (1350) u8g2_hal: i2c_param_config 1[0m
[0;32mI (1350) u8g2_hal: i2c_driver_install 1[0m
[0;31mE (1660) err: esp_err_t = -1[0m

assert failed: u8g2_esp32_i2c_byte_cb u8g2_esp32_hal.c:179 (0 && "i2c_master_cmd_begin(I2C_MASTER_NUM, handle_i2c, pdMS_TO_TICKS(I2C_TIMEOUT_MS))")


Backtrace: 0x40379ef6:0x3fca1bc0 0x403809c1:0x3fca1be0 0x40388ec1:0x3fca1c00 0x4200ef4e:0x3fca1d20 0x4202b111:0x3fca1d60 0x4200fa83:0x3fca1d80 0x4200f9f9:0x3fca1da0 0x4200fc7d:0x3fca1dd0 0x4202b08d:0x3fca1df0 0x403877a5:0x3fca1e10 0x40387947:0x3fca1e50 0x4202c6ab:0x3fca2130 0x40381469:0x3fca2160




ELF file SHA256: 91fe498f1

Rebooting...
ESP-ROM:esp32s3-20210327
Build:Mar 27 2021
rst:0xc (RTC_SW_CPU_RST),boot:0x8 (SPI_FAST_FLASH_BOOT)
Saved PC:0x40379e30
SPIWP:0xee
Octal Flash Mode Enabled
For OPI Flash, Use Default Flash Boot Mode
mode:SLOW_RD, clock div:1
load:0x3fce2810,len:0x178c
load:0x403c8700,len:0x4
load:0x403c8704,len:0xcb8
load:0x403cb700,len:0x2db0
entry 0x403c8914
[0;32mI (32) boot: ESP-IDF v5.3 2nd stage bootloader[0m
[0;32mI (32) boot: compile time Apr  1 2026 09:02:53[0m
[0;32mI (33) boot: Multicore bootloader[0m
[0;32mI (35) boot: chip revision: v0.2[0m
[0;32mI (39) boot.esp32s3: Boot SPI Speed : 80MHz[0m
[0;32mI (44) boot.esp32s3: SPI Mode       : SLOW READ[0m
[0;32mI (49) boot.esp32s3: SPI Flash Size : 32MB[0m
[0;32mI (54) boot: Enabling RNG early entropy source...[0m
[0;32mI (60) boot: Partition Table:[0m
[0;32mI (63) boot: ## Label            Usage          Type ST Offset   Length[0m
[0;32mI (70) boot:  0 nvs              WiFi data        01 02 00009000 00006000[0m
[0;32mI (78) boot:  1 phy_init         RF data          01 01 0000f000 00001000[0m
[0;32mI (85) boot:  2 factory          factory app      00 00 00010000 00100000[0m
[0;32mI (93) boot:  3 data             Unknown data     01 82 00110000 00200000[0m
[0;32mI (100) boot: End of partition table[0m
[0;32mI (105) esp_image: segment 0: paddr=00010020 vaddr=3c030020 size=0d7ech ( 55276) map[0m
[0;32mI (126) esp_image: segment 1: paddr=0001d814 vaddr=3fc9af00 size=02804h ( 10244) load[0m
[0;32mI (129) esp_image: segment 2: paddr=00020020 vaddr=42000020 size=2cfe0h (184288) map[0m
[0;32mI (176) esp_image: segment 3: paddr=0004d008 vaddr=3fc9d704 size=0133ch (  4924) load[0m
[0;32mI (178) esp_image: segment 4: paddr=0004e34c vaddr=40378000 size=12ea8h ( 77480) load[0m
[0;32mI (211) boot: Loaded app from partition at offset 0x10000[0m
[0;32mI (211) boot: Disabling RNG early entropy source...[0m
[0;32mI (223) octal_psram: vendor id    : 0x0d (AP)[0m
[0;32mI (223) octal_psram: dev id       : 0x03 (generation 4)[0m
[0;32mI (223) octal_psram: density      : 0x05 (128 Mbit)[0m
[0;32mI (228) octal_psram: good-die     : 0x01 (Pass)[0m
[0;32mI (233) octal_psram: Latency      : 0x01 (Fixed)[0m
[0;32mI (238) octal_psram: VCC          : 0x00 (1.8V)[0m
[0;32mI (244) octal_psram: SRF          : 0x01 (Fast Refresh)[0m
[0;32mI (249) octal_psram: BurstType    : 0x01 (Hybrid Wrap)[0m
[0;32mI (255) octal_psram: BurstLen     : 0x01 (32 Byte)[0m
[0;32mI (261) octal_psram: Readlatency  : 0x02 (10 cycles@Fixed)[0m
[0;32mI (267) octal_psram: DriveStrength: 0x00 (1/1)[0m
[0;32mI (273) MSPI Timing: PSRAM timing tuning index: 6[0m
[0;32mI (277) esp_psram: Found 16MB PSRAM device[0m
[0;32mI (282) esp_psram: Speed: 80MHz[0m
[0;32mI (286) cpu_start: Multicore app[0m
[0;32mI (1181) esp_psram: SPI SRAM memory test OK[0m
[0;32mI (1190) cpu_start: Pro cpu start user code[0m
[0;32mI (1190) cpu_start: cpu freq: 240000000 Hz[0m
[0;32mI (1190) app_init: Application information:[0m
[0;32mI (1193) app_init: Project name:     hello_world[0m
[0;32mI (1199) app_init: App version:      360ee52-dirty[0m
[0;32mI (1204) app_init: Compile time:     Apr  1 2026 09:02:26[0m
[0;32mI (1210) app_init: ELF file SHA256:  91fe498f1...[0m
[0;32mI (1216) app_init: ESP-IDF:          v5.3[0m
[0;32mI (1220) efuse_init: Min chip rev:     v0.0[0m
[0;32mI (1225) efuse_init: Max chip rev:     v0.99 [0m
[0;32mI (1230) efuse_init: Chip rev:         v0.2[0m
[0;32mI (1235) heap_init: Initializing. RAM available for dynamic allocation:[0m
[0;32mI (1242) heap_init: At 3FC9F868 len 00049EA8 (295 KiB): RAM[0m
[0;32mI (1248) heap_init: At 3FCE9710 len 00005724 (21 KiB): RAM[0m
[0;32mI (1255) heap_init: At 3FCF0000 len 00008000 (32 KiB): DRAM[0m
[0;32mI (1261) heap_init: At 600FE100 len 00001EE8 (7 KiB): RTCRAM[0m
[0;32mI (1267) esp_psram: Adding pool of 16384K of PSRAM memory to heap allocator[0m
[0;33mW (1275) spi_flash: Octal flash chip is using but dio mode is selected, will automatically swich to Octal mode[0m
[0;32mI (1286) spi_flash: detected chip: mxic (opi)[0m
[0;32mI (1291) spi_flash: flash io: opi_str[0m
[0;33mW (1295) i2c: This driver is an old driver, please migrate your application code to adapt `driver/i2c_master.h`[0m
[0;32mI (1306) sleep: Configure to isolate all GPIO pins in sleep state[0m
[0;32mI (1313) sleep: Enable automatic switching of GPIO sleep configuration[0m
[0;32mI (1320) main_task: Started on CPU0[0m
[0;32mI (1330) esp_psram: Reserving pool of 32K of internal memory for DMA/internal allocations[0m
[0;32mI (1330) main_task: Calling app_main()[0m
[0;32mI (1340) u8g2_hal: sda_io_num 8[0m
[0;32mI (1340) u8g2_hal: scl_io_num 9[0m
[0;32mI (1340) u8g2_hal: clk_speed 50000[0m
[0;32mI (1350) u8g2_hal: i2c_param_config 1[0m
[0;32mI (1350) u8g2_hal: i2c_driver_install 1[0m
[0;31mE (1660) err: esp_err_t = -1[0m

assert failed: u8g2_esp32_i2c_byte_cb u8g2_esp32_hal.c:179 (0 && "i2c_master_cmd_begin(I2C_MASTER_NUM, handle_i2c, pdMS_TO_TICKS(I2C_TIMEOUT_MS))")


Backtrace: 0x40379ef6:0x3fca1bc0 0x403809c1:0x3fca1be0 0x40388ec1:0x3fca1c00 0x4200ef4e:0x3fca1d20 0x4202b111:0x3fca1d60 0x4200fa83:0x3fca1d80 0x4200f9f9:0x3fca1da0 0x4200fc7d:0x3fca1dd0 0x4202b08d:0x3fca1df0 0x403877a5:0x3fca1e10 0x40387947:0x3fca1e50 0x4202c6ab:0x3fca2130 0x40381469:0x3fca2160




ELF file SHA256: 91fe498f1

Rebooting...
ESP-ROM:esp32s3-20210327
Build:Mar 27 2021
rst:0xc (RTC_SW_CPU_RST),boot:0x8 (SPI_FAST_FLASH_BOOT)
Saved PC:0x40379e30
SPIWP:0xee
Octal Flash Mode Enabled
For OPI Flash, Use Default Flash Boot Mode
mode:SLOW_RD, clock div:1
load:0x3fce2810,len:0x178c
load:0x403c8700,len:0x4
load:0x403c8704,len:0xcb8
load:0x403cb700,len:0x2db0
entry 0x403c8914
[0;32mI (32) boot: ESP-IDF v5.3 2nd stage bootloader[0m
[0;32mI (32) boot: compile time Apr  1 2026 09:02:53[0m
[0;32mI (33) boot: Multicore bootloader[0m
[0;32mI (35) boot: chip revision: v0.2[0m
[0;32mI (39) boot.esp32s3: Boot SPI Speed : 80MHz[0m
[0;32mI (44) boot.esp32s3: SPI Mode       : SLOW READ[0m
[0;32mI (49) boot.esp32s3: SPI Flash Size : 32MB[0m
[0;32mI (54) boot: Enabling RNG early entropy source...[0m
[0;32mI (60) boot: Partition Table:[0m
[0;32mI (63) boot: ## Label            Usage          Type ST Offset   Length[0m
[0;32mI (70) boot:  0 nvs              WiFi data        01 02 00009000 00006000[0m
[0;32mI (78) boot:  1 phy_init         RF data          01 01 0000f000 00001000[0m
[0;32mI (85) boot:  2 factory          factory app      00 00 00010000 00100000[0m
[0;32mI (93) boot:  3 data             Unknown data     01 82 00110000 00200000[0m
[0;32mI (100) boot: End of partition table[0m
[0;32mI (105) esp_image: segment 0: paddr=00010020 vaddr=3c030020 size=0d7ech ( 55276) map[0m
[0;32mI (126) esp_image: segment 1: paddr=0001d814 vaddr=3fc9af00 size=02804h ( 10244) load[0m
[0;32mI (129) esp_image: segment 2: paddr=00020020 vaddr=42000020 size=2cfe0h (184288) map[0m
[0;32mI (176) esp_image: segment 3: paddr=0004d008 vaddr=3fc9d704 size=0133ch (  4924) load[0m
[0;32mI (178) esp_image: segment 4: paddr=0004e34c vaddr=40378000 size=12ea8h ( 77480) load[0m
[0;32mI (211) boot: Loaded app from partition at offset 0x10000[0m
[0;32mI (211) boot: Disabling RNG early entropy source...[0m
[0;32mI (223) octal_psram: vendor id    : 0x0d (AP)[0m
[0;32mI (223) octal_psram: dev id       : 0x03 (generation 4)[0m
[0;32mI (223) octal_psram: density      : 0x05 (128 Mbit)[0m
[0;32mI (228) octal_psram: good-die     : 0x01 (Pass)[0m
[0;32mI (233) octal_psram: Latency      : 0x01 (Fixed)[0m
[0;32mI (238) octal_psram: VCC          : 0x00 (1.8V)[0m
[0;32mI (244) octal_psram: SRF          : 0x01 (Fast Refresh)[0m
[0;32mI (249) octal_psram: BurstType    : 0x01 (Hybrid Wrap)[0m
[0;32mI (255) octal_psram: BurstLen     : 0x01 (32 Byte)[0m
[0;32mI (261) octal_psram: Readlatency  : 0x02 (10 cycles@Fixed)[0m
[0;32mI (267) octal_psram: DriveStrength: 0x00 (1/1)[0m
[0;32mI (273) MSPI Timing: PSRAM timing tuning index: 6[0m
[0;32mI (277) esp_psram: Found 16MB PSRAM device[0m
[0;32mI (282) esp_psram: Speed: 80MHz[0m
[0;32mI (286) cpu_start: Multicore app[0m
[0;32mI (1181) esp_psram: SPI SRAM memory test OK[0m
[0;32mI (1190) cpu_start: Pro cpu start user code[0m
[0;32mI (1190) cpu_start: cpu freq: 240000000 Hz[0m
[0;32mI (1190) app_init: Application information:[0m
[0;32mI (1193) app_init: Project name:     hello_world[0m
[0;32mI (1199) app_init: App version:      360ee52-dirty[0m
[0;32mI (1204) app_init: Compile time:     Apr  1 2026 09:02:26[0m
[0;32mI (1210) app_init: ELF file SHA256:  91fe498f1...[0m
[0;32mI (1216) app_init: ESP-IDF:          v5.3[0m
[0;32mI (1220) efuse_init: Min chip rev:     v0.0[0m
[0;32mI (1225) efuse_init: Max chip rev:     v0.99 [0m
[0;32mI (1230) efuse_init: Chip rev:         v0.2[0m
[0;32mI (1235) heap_init: Initializing. RAM available for dynamic allocation:[0m
[0;32mI (1242) heap_init: At 3FC9F868 len 00049EA8 (295 KiB): RAM[0m
[0;32mI (1248) heap_init: At 3FCE9710 len 00005724 (21 KiB): RAM[0m
[0;32mI (1255) heap_init: At 3FCF0000 len 00008000 (32 KiB): DRAM[0m
[0;32mI (1261) heap_init: At 600FE100 len 00001EE8 (7 KiB): RTCRAM[0m
[0;32mI (1267) esp_psram: Adding pool of 16384K of PSRAM memory to heap allocator[0m
[0;33mW (1275) spi_flash: Octal flash chip is using but dio mode is selected, will automatically swich to Octal mode[0m
[0;32mI (1286) spi_flash: detected chip: mxic (opi)[0m
[0;32mI (1291) spi_flash: flash io: opi_str[0m
[0;33mW (1295) i2c: This driver is an old driver, please migrate your application code to adapt `driver/i2c_master.h`[0m
[0;32mI (1306) sleep: Configure to isolate all GPIO pins in sleep state[0m
[0;32mI (1313) sleep: Enable automatic switching of GPIO sleep configuration[0m
[0;32mI (1320) main_task: Started on CPU0[0m
[0;32mI (1330) esp_psram: Reserving pool of 32K of internal memory for DMA/internal allocations[0m
[0;32mI (1330) main_task: Calling app_main()[0m
[0;32mI (1340) u8g2_hal: sda_io_num 8[0m
[0;32mI (1340) u8g2_hal: scl_io_num 9[0m
[0;32mI (1340) u8g2_hal: clk_speed 50000[0m
[0;32mI (1350) u8g2_hal: i2c_param_config 1[0m
[0;32mI (1350) u8g2_hal: i2c_driver_install 1[0m
[0;31mE (1660) err: esp_err_t = -1[0m

assert failed: u8g2_esp32_i2c_byte_cb u8g2_esp32_hal.c:179 (0 && "i2c_master_cmd_begin(I2C_MASTER_NUM, handle_i2c, pdMS_TO_TICKS(I2C_TIMEOUT_MS))")


Backtrace: 0x40379ef6:0x3fca1bc0 0x403809c1:0x3fca1be0 0x40388ec1:0x3fca1c00 0x4200ef4e:0x3fca1d20 0x4202b111:0x3fca1d60 0x4200fa83:0x3fca1d80 0x4200f9f9:0x3fca1da0 0x4200fc7d:0x3fca1dd0 0x4202b08d:0x3fca1df0 0x403877a5:0x3fca1e10 0x40387947:0x3fca1e50 0x4202c6ab:0x3fca2130 0x40381469:0x3fca2160




ELF file SHA256: 91fe498f1

Rebooting...
ESP-ROM:esp32s3-20210327
Build:Mar 27 2021
rst:0xc (RTC_SW_CPU_RST),boot:0x8 (SPI_FAST_FLASH_BOOT)
Saved PC:0x40379e30
SPIWP:0xee
Octal Flash Mode Enabled
For OPI Flash, Use Default Flash Boot Mode
mode:SLOW_RD, clock div:1
load:0x3fce2810,len:0x178c
load:0x403c8700,len:0x4
load:0x403c8704,len:0xcb8
load:0x403cb700,len:0x2db0
entry 0x403c8914
[0;32mI (32) boot: ESP-IDF v5.3 2nd stage bootloader[0m
[0;32mI (32) boot: compile time Apr  1 2026 09:02:53[0m
[0;32mI (33) boot: Multicore bootloader[0m
[0;32mI (35) boot: chip revision: v0.2[0m
[0;32mI (39) boot.esp32s3: Boot SPI Speed : 80MHz[0m
[0;32mI (44) boot.esp32s3: SPI Mode       : SLOW READ[0m
[0;32mI (49) boot.esp32s3: SPI Flash Size : 32MB[0m
[0;32mI (54) boot: Enabling RNG early entropy source...[0m
[0;32mI (60) boot: Partition Table:[0m
[0;32mI (63) boot: ## Label            Usage          Type ST Offset   Length[0m
[0;32mI (70) boot:  0 nvs              WiFi data        01 02 00009000 00006000[0m
[0;32mI (78) boot:  1 phy_init         RF data          01 01 0000f000 00001000[0m
[0;32mI (85) boot:  2 factory          factory app      00 00 00010000 00100000[0m
[0;32mI (93) boot:  3 data             Unknown data     01 82 00110000 00200000[0m
[0;32mI (100) boot: End of partition table[0m
[0;32mI (105) esp_image: segment 0: paddr=00010020 vaddr=3c030020 size=0d7ech ( 55276) map[0m
[0;32mI (126) esp_image: segment 1: paddr=0001d814 vaddr=3fc9af00 size=02804h ( 10244) load[0m
[0;32mI (129) esp_image: segment 2: paddr=00020020 vaddr=42000020 size=2cfe0h (184288) map[0m
[0;32mI (176) esp_image: segment 3: paddr=0004d008 vaddr=3fc9d704 size=0133ch (  4924) load[0m
[0;32mI (178) esp_image: segment 4: paddr=0004e34c vaddr=40378000 size=12ea8h ( 77480) load[0m
[0;32mI (211) boot: Loaded app from partition at offset 0x10000[0m
[0;32mI (211) boot: Disabling RNG early entropy source...[0m
[0;32mI (223) octal_psram: vendor id    : 0x0d (AP)[0m
[0;32mI (223) octal_psram: dev id       : 0x03 (generation 4)[0m
[0;32mI (223) octal_psram: density      : 0x05 (128 Mbit)[0m
[0;32mI (228) octal_psram: good-die     : 0x01 (Pass)[0m
[0;32mI (233) octal_psram: Latency      : 0x01 (Fixed)[0m
[0;32mI (238) octal_psram: VCC          : 0x00 (1.8V)[0m
[0;32mI (244) octal_psram: SRF          : 0x01 (Fast Refresh)[0m
[0;32mI (249) octal_psram: BurstType    : 0x01 (Hybrid Wrap)[0m
[0;32mI (255) octal_psram: BurstLen     : 0x01 (32 Byte)[0m
[0;32mI (261) octal_psram: Readlatency  : 0x02 (10 cycles@Fixed)[0m
[0;32mI (267) octal_psram: DriveStrength: 0x00 (1/1)[0m
[0;32mI (273) MSPI Timing: PSRAM timing tuning index: 6[0m
[0;32mI (277) esp_psram: Found 16MB PSRAM device[0m
[0;32mI (282) esp_psram: Speed: 80MHz[0m
[0;32mI (286) cpu_start: Multicore app[0m
[0;32mI (1181) esp_psram: SPI SRAM memory test OK[0m
[0;32mI (1190) cpu_start: Pro cpu start user code[0m
[0;32mI (1190) cpu_start: cpu freq: 240000000 Hz[0m
[0;32mI (1190) app_init: Application information:[0m
[0;32mI (1193) app_init: Project name:     hello_world[0m
[0;32mI (1199) app_init: App version:      360ee52-dirty[0m
[0;32mI (1204) app_init: Compile time:     Apr  1 2026 09:02:26[0m
[0;32mI (1210) app_init: ELF file SHA256:  91fe498f1...[0m
[0;32mI (1216) app_init: ESP-IDF:          v5.3[0m
[0;32mI (1220) efuse_init: Min chip rev:     v0.0[0m
[0;32mI (1225) efuse_init: Max chip rev:     v0.99 [0m
[0;32mI (1230) efuse_init: Chip rev:         v0.2[0m
[0;32mI (1235) heap_init: Initializing. RAM available for dynamic allocation:[0m
[0;32mI (1242) heap_init: At 3FC9F868 len 00049EA8 (295 KiB): RAM[0m
[0;32mI (1248) heap_init: At 3FCE9710 len 00005724 (21 KiB): RAM[0m
[0;32mI (1255) heap_init: At 3FCF0000 len 00008000 (32 KiB): DRAM[0m
[0;32mI (1261) heap_init: At 600FE100 len 00001EE8 (7 KiB): RTCRAM[0m
[0;32mI (1267) esp_psram: Adding pool of 16384K of PSRAM memory to heap allocator[0m
[0;33mW (1275) spi_flash: Octal flash chip is using but dio mode is selected, will automatically swich to Octal mode[0m
[0;32mI (1286) spi_flash: detected chip: mxic (opi)[0m
[0;32mI (1291) spi_flash: flash io: opi_str[0m
[0;33mW (1295) i2c: This driver is an old driver, please migrate your application code to adapt `driver/i2c_master.h`[0m
[0;32mI (1306) sleep: Configure to isolate all GPIO pins in sleep state[0m
[0;32mI (1313) sleep: Enable automatic switching of GPIO sleep configuration[0m
[0;32mI (1320) main_task: Started on CPU0[0m
[0;32mI (1330) esp_psram: Reserving pool of 32K of internal memory for DMA/internal allocations[0m
[0;32mI (1330) main_task: Calling app_main()[0m
[0;32mI (1340) u8g2_hal: sda_io_num 8[0m
[0;32mI (1340) u8g2_hal: scl_io_num 9[0m
[0;32mI (1340) u8g2_hal: clk_speed 50000[0m
[0;32mI (1350) u8g2_hal: i2c_param_config 1[0m
[0;32mI (1350) u8g2_hal: i2c_driver_install 1[0m
[0;31mE (1660) err: esp_err_t = -1[0m

assert failed: u8g2_esp32_i2c_byte_cb u8g2_esp32_hal.c:179 (0 && "i2c_master_cmd_begin(I2C_MASTER_NUM, handle_i2c, pdMS_TO_TICKS(I2C_TIMEOUT_MS))")


Backtrace: 0x40379ef6:0x3fca1bc0 0x403809c1:0x3fca1be0 0x40388ec1:0x3fca1c00 0x4200ef4e:0x3fca1d20 0x4202b111:0x3fca1d60 0x4200fa83:0x3fca1d80 0x4200f9f9:0x3fca1da0 0x4200fc7d:0x3fca1dd0 0x4202b08d:0x3fca1df0 0x403877a5:0x3fca1e10 0x40387947:0x3fca1e50 0x4202c6ab:0x3fca2130 0x40381469:0x3fca2160




ELF file SHA256: 91fe498f1

Rebooting...
ESP-ROM:esp32s3-20210327
Build:Mar 27 2021
rst:0xc (RTC_SW_CPU_RST),boot:0x8 (SPI_FAST_FLASH_BOOT)
Saved PC:0x40379e30
SPIWP:0xee
Octal Flash Mode Enabled
For OPI Flash, Use Default Flash Boot Mode
mode:SLOW_RD, clock div:1
load:0x3fce2810,len:0x178c
load:0x403c8700,len:0x4
load:0x403c8704,len:0xcb8
load:0x403cb700,len:0x2db0
entry 0x403c8914
[0;32mI (32) boot: ESP-IDF v5.3 2nd stage bootloader[0m
[0;32mI (32) boot: compile time Apr  1 2026 09:02:53[0m
[0;32mI (33) boot: Multicore bootloader[0m
[0;32mI (35) boot: chip revision: v0.2[0m
[0;32mI (39) boot.esp32s3: Boot SPI Speed : 80MHz[0m
[0;32mI (44) boot.esp32s3: SPI Mode       : SLOW READ[0m
[0;32mI (49) boot.esp32s3: SPI Flash Size : 32MB[0m
[0;32mI (54) boot: Enabling RNG early entropy source...[0m
[0;32mI (60) boot: Partition Table:[0m
[0;32mI (63) boot: ## Label            Usage          Type ST Offset   Length[0m
[0;32mI (70) boot:  0 nvs              WiFi data        01 02 00009000 00006000[0m
[0;32mI (78) boot:  1 phy_init         RF data          01 01 0000f000 00001000[0m
[0;32mI (85) boot:  2 factory          factory app      00 00 00010000 00100000[0m
[0;32mI (93) boot:  3 data             Unknown data     01 82 00110000 00200000[0m
[0;32mI (100) boot: End of partition table[0m
[0;32mI (105) esp_image: segment 0: paddr=00010020 vaddr=3c030020 size=0d7ech ( 55276) map[0m
[0;32mI (126) esp_image: segment 1: paddr=0001d814 vaddr=3fc9af00 size=02804h ( 10244) load[0m
[0;32mI (129) esp_image: segment 2: paddr=00020020 vaddr=42000020 size=2cfe0h (184288) map[0m
[0;32mI (176) esp_image: segment 3: paddr=0004d008 vaddr=3fc9d704 size=0133ch (  4924) load[0m
[0;32mI (178) esp_image: segment 4: paddr=0004e34c vaddr=40378000 size=12ea8h ( 77480) load[0m
[0;32mI (211) boot: Loaded app from partition at offset 0x10000[0m
[0;32mI (211) boot: Disabling RNG early entropy source...[0m
[0;32mI (223) octal_psram: vendor id    : 0x0d (AP)[0m
[0;32mI (223) octal_psram: dev id       : 0x03 (generation 4)[0m
[0;32mI (223) octal_psram: density      : 0x05 (128 Mbit)[0m
[0;32mI (228) octal_psram: good-die     : 0x01 (Pass)[0m
[0;32mI (233) octal_psram: Latency      : 0x01 (Fixed)[0m
[0;32mI (238) octal_psram: VCC          : 0x00 (1.8V)[0m
[0;32mI (244) octal_psram: SRF          : 0x01 (Fast Refresh)[0m
[0;32mI (249) octal_psram: BurstType    : 0x01 (Hybrid Wrap)[0m
[0;32mI (255) octal_psram: BurstLen     : 0x01 (32 Byte)[0m
[0;32mI (261) octal_psram: Readlatency  : 0x02 (10 cycles@Fixed)[0m
[0;32mI (267) octal_psram: DriveStrength: 0x00 (1/1)[0m
[0;32mI (273) MSPI Timing: PSRAM timing tuning index: 6[0m
[0;32mI (277) esp_psram: Found 16MB PSRAM device[0m
[0;32mI (282) esp_psram: Speed: 80MHz[0m
[0;32mI (286) cpu_start: Multicore app[0m
[0;32mI (1181) esp_psram: SPI SRAM memory test OK[0m
[0;32mI (1190) cpu_start: Pro cpu start user code[0m
[0;32mI (1190) cpu_start: cpu freq: 240000000 Hz[0m
[0;32mI (1190) app_init: Application information:[0m
[0;32mI (1193) app_init: Project name:     hello_world[0m
[0;32mI (1199) app_init: App version:      360ee52-dirty[0m
[0;32mI (1204) app_init: Compile time:     Apr  1 2026 09:02:26[0m
[0;32mI (1210) app_init: ELF file SHA256:  91fe498f1...[0m
[0;32mI (1216) app_init: ESP-IDF:          v5.3[0m
[0;32mI (1220) efuse_init: Min chip rev:     v0.0[0m
[0;32mI (1225) efuse_init: Max chip rev:     v0.99 [0m
[0;32mI (1230) efuse_init: Chip rev:         v0.2[0m
[0;32mI (1235) heap_init: Initializing. RAM available for dynamic allocation:[0m
[0;32mI (1242) heap_init: At 3FC9F868 len 00049EA8 (295 KiB): RAM[0m
[0;32mI (1248) heap_init: At 3FCE9710 len 00005724 (21 KiB): RAM[0m
[0;32mI (1255) heap_init: At 3FCF0000 len 00008000 (32 KiB): DRAM[0m
[0;32mI (1261) heap_init: At 600FE100 len 00001EE8 (7 KiB): RTCRAM[0m
[0;32mI (1267) esp_psram: Adding pool of 16384K of PSRAM memory to heap allocator[0m
[0;33mW (1275) spi_flash: Octal flash chip is using but dio mode is selected, will automatically swich to Octal mode[0m
[0;32mI (1286) spi_flash: detected chip: mxic (opi)[0m
[0;32mI (1291) spi_flash: flash io: opi_str[0m
[0;33mW (1295) i2c: This driver is an old driver, please migrate your application code to adapt `driver/i2c_master.h`[0m
[0;32mI (1306) sleep: Configure to isolate all GPIO pins in sleep state[0m
[0;32mI (1313) sleep: Enable automatic switching of GPIO sleep configuration[0m
[0;32mI (1320) main_task: Started on CPU0[0m
[0;32mI (1330) esp_psram: Reserving pool of 32K of internal memory for DMA/internal allocations[0m
[0;32mI (1330) main_task: Calling app_main()[0m
[0;32mI (1340) u8g2_hal: sda_io_num 8[0m
[0;32mI (1340) u8g2_hal: scl_io_num 9[0m
[0;32mI (1340) u8g2_hal: clk_speed 50000[0m
[0;32mI (1350) u8g2_hal: i2c_param_config 1[0m
[0;32mI (1350) u8g2_hal: i2c_driver_install 1[0m
[0;31mE (1660) err: esp_err_t = -1[0m

assert failed: u8g2_esp32_i2c_byte_cb u8g2_esp32_hal.c:179 (0 && "i2c_master_cmd_begin(I2C_MASTER_NUM, handle_i2c, pdMS_TO_TICKS(I2C_TIMEOUT_MS))")


Backtrace: 0x40379ef6:0x3fca1bc0 0x403809c1:0x3fca1be0 0x40388ec1:0x3fca1c00 0x4200ef4e:0x3fca1d20 0x4202b111:0x3fca1d60 0x4200fa83:0x3fca1d80 0x4200f9f9:0x3fca1da0 0x4200fc7d:0x3fca1dd0 0x4202b08d:0x3fca1df0 0x403877a5:0x3fca1e10 0x40387947:0x3fca1e50 0x4202c6ab:0x3fca2130 0x40381469:0x3fca2160




ELF file SHA256: 91fe498f1

Rebooting...
ESP-ROM:esp32s3-20210327
Build:Mar 27 2021
rst:0xc (RTC_SW_CPU_RST),boot:0x8 (SPI_FAST_FLASH_BOOT)
Saved PC:0x40379e30
SPIWP:0xee
Octal Flash Mode Enabled
For OPI Flash, Use Default Flash Boot Mode
mode:SLOW_RD, clock div:1
load:0x3fce2810,len:0x178c
load:0x403c8700,len:0x4
load:0x403c8704,len:0xcb8
load:0x403cb700,len:0x2db0
entry 0x403c8914
[0;32mI (32) boot: ESP-IDF v5.3 2nd stage bootloader[0m
[0;32mI (32) boot: compile time Apr  1 2026 09:02:53[0m
[0;32mI (33) boot: Multicore bootloader[0m
[0;32mI (35) boot: chip revision: v0.2[0m
[0;32mI (39) boot.esp32s3: Boot SPI Speed : 80MHz[0m
[0;32mI (44) boot.esp32s3: SPI Mode       : SLOW READ[0m
[0;32mI (49) boot.esp32s3: SPI Flash Size : 32MB[0m
[0;32mI (54) boot: Enabling RNG early entropy source...[0m
[0;32mI (60) boot: Partition Table:[0m
[0;32mI (63) boot: ## Label            Usage          Type ST Offset   Length[0m
[0;32mI (70) boot:  0 nvs              WiFi data        01 02 00009000 00006000[0m
[0;32mI (78) boot:  1 phy_init         RF data          01 01 0000f000 00001000[0m
[0;32mI (85) boot:  2 factory          factory app      00 00 00010000 00100000[0m
[0;32mI (93) boot:  3 data             Unknown data     01 82 00110000 00200000[0m
[0;32mI (100) boot: End of partition table[0m
[0;32mI (105) esp_image: segment 0: paddr=00010020 vaddr=3c030020 size=0d7ech ( 55276) map[0m
[0;32mI (126) esp_image: segment 1: paddr=0001d814 vaddr=3fc9af00 size=02804h ( 10244) load[0m
[0;32mI (129) esp_image: segment 2: paddr=00020020 vaddr=42000020 size=2cfe0h (184288) map[0m
[0;32mI (176) esp_image: segment 3: paddr=0004d008 vaddr=3fc9d704 size=0133ch (  4924) load[0m
[0;32mI (178) esp_image: segment 4: paddr=0004e34c vaddr=40378000 size=12ea8h ( 77480) load[0m
[0;32mI (211) boot: Loaded app from partition at offset 0x10000[0m
[0;32mI (211) boot: Disabling RNG early entropy source...[0m
[0;32mI (223) octal_psram: vendor id    : 0x0d (AP)[0m
[0;32mI (223) octal_psram: dev id       : 0x03 (generation 4)[0m
[0;32mI (223) octal_psram: density      : 0x05 (128 Mbit)[0m
[0;32mI (228) octal_psram: good-die     : 0x01 (Pass)[0m
[0;32mI (233) octal_psram: Latency      : 0x01 (Fixed)[0m
[0;32mI (238) octal_psram: VCC          : 0x00 (1.8V)[0m
[0;32mI (244) octal_psram: SRF          : 0x01 (Fast Refresh)[0m
[0;32mI (249) octal_psram: BurstType    : 0x01 (Hybrid Wrap)[0m
[0;32mI (255) octal_psram: BurstLen     : 0x01 (32 Byte)[0m
[0;32mI (261) octal_psram: Readlatency  : 0x02 (10 cycles@Fixed)[0m
[0;32mI (267) octal_psram: DriveStrength: 0x00 (1/1)[0m
[0;32mI (273) MSPI Timing: PSRAM timing tuning index: 6[0m
[0;32mI (277) esp_psram: Found 16MB PSRAM device[0m
[0;32mI (282) esp_psram: Speed: 80MHz[0m
[0;32mI (286) cpu_start: Multicore app[0m
[0;32mI (1181) esp_psram: SPI SRAM memory test OK[0m
[0;32mI (1190) cpu_start: Pro cpu start user code[0m
[0;32mI (1190) cpu_start: cpu freq: 240000000 Hz[0m
[0;32mI (1190) app_init: Application information:[0m
[0;32mI (1193) app_init: Project name:     hello_world[0m
[0;32mI (1199) app_init: App version:      360ee52-dirty[0m
[0;32mI (1204) app_init: Compile time:     Apr  1 2026 09:02:26[0m
[0;32mI (1210) app_init: ELF file SHA256:  91fe498f1...[0m
[0;32mI (1216) app_init: ESP-IDF:          v5.3[0m
[0;32mI (1220) efuse_init: Min chip rev:     v0.0[0m
[0;32mI (1225) efuse_init: Max chip rev:     v0.99 [0m
[0;32mI (1230) efuse_init: Chip rev:         v0.2[0m
[0;32mI (1235) heap_init: Initializing. RAM available for dynamic allocation:[0m
[0;32mI (1242) heap_init: At 3FC9F868 len 00049EA8 (295 KiB): RAM[0m
[0;32mI (1248) heap_init: At 3FCE9710 len 00005724 (21 KiB): RAM[0m
[0;32mI (1255) heap_init: At 3FCF0000 len 00008000 (32 KiB): DRAM[0m
[0;32mI (1261) heap_init: At 600FE100 len 00001EE8 (7 KiB): RTCRAM[0m
[0;32mI (1267) esp_psram: Adding pool of 16384K of PSRAM memory to heap allocator[0m
[0;33mW (1275) spi_flash: Octal flash chip is using but dio mode is selected, will automatically swich to Octal mode[0m
[0;32mI (1286) spi_flash: detected chip: mxic (opi)[0m
[0;32mI (1291) spi_flash: flash io: opi_str[0m
[0;33mW (1295) i2c: This driver is an old driver, please migrate your application code to adapt `driver/i2c_master.h`[0m
[0;32mI (1306) sleep: Configure to isolate all GPIO pins in sleep state[0m
[0;32mI (1313) sleep: Enable automatic switching of GPIO sleep configuration[0m
[0;32mI (1320) main_task: Started on CPU0[0m
[0;32mI (1330) esp_psram: Reserving pool of 32K of internal memory for DMA/internal allocations[0m
[0;32mI (1330) main_task: Calling app_main()[0m
[0;32mI (1340) u8g2_hal: sda_io_num 8[0m
[0;32mI (1340) u8g2_hal: scl_io_num 9[0m
[0;32mI (1340) u8g2_hal: clk_speed 50000[0m
[0;32mI (1350) u8g2_hal: i2c_param_config 1[0m
[0;32mI (1350) u8g2_hal: i2c_driver_install 1[0m
[0;31mE (1660) err: esp_err_t = -1[0m

assert failed: u8g2_esp32_i2c_byte_cb u8g2_esp32_hal.c:179 (0 && "i2c_master_cmd_begin(I2C_MASTER_NUM, handle_i2c, pdMS_TO_TICKS(I2C_TIMEOUT_MS))")


Backtrace: 0x40379ef6:0x3fca1bc0 0x403809c1:0x3fca1be0 0x40388ec1:0x3fca1c00 0x4200ef4e:0x3fca1d20 0x4202b111:0x3fca1d60 0x4200fa83:0x3fca1d80 0x4200f9f9:0x3fca1da0 0x4200fc7d:0x3fca1dd0 0x4202b08d:0x3fca1df0 0x403877a5:0x3fca1e10 0x40387947:0x3fca1e50 0x4202c6ab:0x3fca2130 0x40381469:0x3fca2160




ELF file SHA256: 91fe498f1

Rebooting...
ESP-ROM:esp32s3-20210327
Build:Mar 27 2021
rst:0xc (RTC_SW_CPU_RST),boot:0x8 (SPI_FAST_FLASH_BOOT)
Saved PC:0x40379e30
SPIWP:0xee
Octal Flash Mode Enabled
For OPI Flash, Use Default Flash Boot Mode
mode:SLOW_RD, clock div:1
load:0x3fce2810,len:0x178c
load:0x403c8700,len:0x4
load:0x403c8704,len:0xcb8
load:0x403cb700,len:0x2db0
entry 0x403c8914
[0;32mI (32) boot: ESP-IDF v5.3 2nd stage bootloader[0m
[0;32mI (32) boot: compile time Apr  1 2026 09:02:53[0m
[0;32mI (33) boot: Multicore bootloader[0m
[0;32mI (35) boot: chip revision: v0.2[0m
[0;32mI (39) boot.esp32s3: Boot SPI Speed : 80MHz[0m
[0;32mI (44) boot.esp32s3: SPI Mode       : SLOW READ[0m
[0;32mI (49) boot.esp32s3: SPI Flash Size : 32MB[0m
[0;32mI (54) boot: Enabling RNG early entropy source...[0m
[0;32mI (60) boot: Partition Table:[0m
[0;32mI (63) boot: ## Label            Usage          Type ST Offset   Length[0m
[0;32mI (70) boot:  0 nvs              WiFi data        01 02 00009000 00006000[0m
[0;32mI (78) boot:  1 phy_init         RF data          01 01 0000f000 00001000[0m
[0;32mI (85) boot:  2 factory          factory app      00 00 00010000 00100000[0m
[0;32mI (93) boot:  3 data             Unknown data     01 82 00110000 00200000[0m
[0;32mI (100) boot: End of partition table[0m
[0;32mI (105) esp_image: segment 0: paddr=00010020 vaddr=3c030020 size=0d7ech ( 55276) map[0m
[0;32mI (126) esp_image: segment 1: paddr=0001d814 vaddr=3fc9af00 size=02804h ( 10244) load[0m
[0;32mI (129) esp_image: segment 2: paddr=00020020 vaddr=42000020 size=2cfe0h (184288) map[0m
[0;32mI (176) esp_image: segment 3: paddr=0004d008 vaddr=3fc9d704 size=0133ch (  4924) load[0m
[0;32mI (178) esp_image: segment 4: paddr=0004e34c vaddr=40378000 size=12ea8h ( 77480) load[0m
[0;32mI (211) boot: Loaded app from partition at offset 0x10000[0m
[0;32mI (211) boot: Disabling RNG early entropy source...[0m
[0;32mI (223) octal_psram: vendor id    : 0x0d (AP)[0m
[0;32mI (223) octal_psram: dev id       : 0x03 (generation 4)[0m
[0;32mI (223) octal_psram: density      : 0x05 (128 Mbit)[0m
[0;32mI (228) octal_psram: good-die     : 0x01 (Pass)[0m
[0;32mI (233) octal_psram: Latency      : 0x01 (Fixed)[0m
[0;32mI (238) octal_psram: VCC          : 0x00 (1.8V)[0m
[0;32mI (244) octal_psram: SRF          : 0x01 (Fast Refresh)[0m
[0;32mI (249) octal_psram: BurstType    : 0x01 (Hybrid Wrap)[0m
[0;32mI (255) octal_psram: BurstLen     : 0x01 (32 Byte)[0m
[0;32mI (261) octal_psram: Readlatency  : 0x02 (10 cycles@Fixed)[0m
[0;32mI (267) octal_psram: DriveStrength: 0x00 (1/1)[0m
[0;32mI (273) MSPI Timing: PSRAM timing tuning index: 6[0m
[0;32mI (277) esp_psram: Found 16MB PSRAM device[0m
[0;32mI (282) esp_psram: Speed: 80MHz[0m
[0;32mI (286) cpu_start: Multicore app[0m
[0;32mI (1181) esp_psram: SPI SRAM memory test OK[0m
[0;32mI (1190) cpu_start: Pro cpu start user code[0m
[0;32mI (1190) cpu_start: cpu freq: 240000000 Hz[0m
[0;32mI (1190) app_init: Application information:[0m
[0;32mI (1193) app_init: Project name:     hello_world[0m
[0;32mI (1199) app_init: App version:      360ee52-dirty[0m
[0;32mI (1204) app_init: Compile time:     Apr  1 2026 09:02:26[0m
[0;32mI (1210) app_init: ELF file SHA256:  91fe498f1...[0m
[0;32mI (1216) app_init: ESP-IDF:          v5.3[0m
[0;32mI (1220) efuse_init: Min chip rev:     v0.0[0m
[0;32mI (1225) efuse_init: Max chip rev:     v0.99 [0m
[0;32mI (1230) efuse_init: Chip rev:         v0.2[0m
[0;32mI (1235) heap_init: Initializing. RAM available for dynamic allocation:[0m
[0;32mI (1242) heap_init: At 3FC9F868 len 00049EA8 (295 KiB): RAM[0m
[0;32mI (1248) heap_init: At 3FCE9710 len 00005724 (21 KiB): RAM[0m
[0;32mI (1255) heap_init: At 3FCF0000 len 00008000 (32 KiB): DRAM[0m
[0;32mI (1261) heap_init: At 600FE100 len 00001EE8 (7 KiB): RTCRAM[0m
[0;32mI (1267) esp_psram: Adding pool of 16384K of PSRAM memory to heap allocator[0m
[0;33mW (1275) spi_flash: Octal flash chip is using but dio mode is selected, will automatically swich to Octal mode[0m
[0;32mI (1286) spi_flash: detected chip: mxic (opi)[0m
[0;32mI (1291) spi_flash: flash io: opi_str[0m
[0;33mW (1295) i2c: This driver is an old driver, please migrate your application code to adapt `driver/i2c_master.h`[0m
[0;32mI (1306) sleep: Configure to isolate all GPIO pins in sleep state[0m
[0;32mI (1313) sleep: Enable automatic switching of GPIO sleep configuration[0m
[0;32mI (1320) main_task: Started on CPU0[0m
[0;32mI (1330) esp_psram: Reserving pool of 32K of internal memory for DMA/internal allocations[0m
[0;32mI (1330) main_task: Calling app_main()[0m
[0;32mI (1340) u8g2_hal: sda_io_num 8[0m
[0;32mI (1340) u8g2_hal: scl_io_num 9[0m
[0;32mI (1340) u8g2_hal: clk_speed 50000[0m
[0;32mI (1350) u8g2_hal: i2c_param_config 1[0m
[0;32mI (1350) u8g2_hal: i2c_driver_install 1[0m
[0;31mE (1660) err: esp_err_t = -1[0m

assert failed: u8g2_esp32_i2c_byte_cb u8g2_esp32_hal.c:179 (0 && "i2c_master_cmd_begin(I2C_MASTER_NUM, handle_i2c, pdMS_TO_TICKS(I2C_TIMEOUT_MS))")


Backtrace: 0x40379ef6:0x3fca1bc0 0x403809c1:0x3fca1be0 0x40388ec1:0x3fca1c00 0x4200ef4e:0x3fca1d20 0x4202b111:0x3fca1d60 0x4200fa83:0x3fca1d80 0x4200f9f9:0x3fca1da0 0x4200fc7d:0x3fca1dd0 0x4202b08d:0x3fca1df0 0x403877a5:0x3fca1e10 0x40387947:0x3fca1e50 0x4202c6ab:0x3fca2130 0x40381469:0x3fca2160




ELF file SHA256: 91fe498f1

Rebooting...
ESP-ROM:esp32s3-20210327
Build:Mar 27 2021
rst:0xc (RTC_SW_CPU_RST),boot:0x8 (SPI_FAST_FLASH_BOOT)
Saved PC:0x40379e30
SPIWP:0xee
Octal Flash Mode Enabled
For OPI Flash, Use Default Flash Boot Mode
mode:SLOW_RD, clock div:1
load:0x3fce2810,len:0x178c
load:0x403c8700,len:0x4
load:0x403c8704,len:0xcb8
load:0x403cb700,len:0x2db0
entry 0x403c8914
[0;32mI (32) boot: ESP-IDF v5.3 2nd stage bootloader[0m
[0;32mI (32) boot: compile time Apr  1 2026 09:02:53[0m
[0;32mI (33) boot: Multicore bootloader[0m
[0;32mI (35) boot: chip revision: v0.2[0m
[0;32mI (39) boot.esp32s3: Boot SPI Speed : 80MHz[0m
[0;32mI (44) boot.esp32s3: SPI Mode       : SLOW READ[0m
[0;32mI (49) boot.esp32s3: SPI Flash Size : 32MB[0m
[0;32mI (54) boot: Enabling RNG early entropy source...[0m
[0;32mI (60) boot: Partition Table:[0m
[0;32mI (63) boot: ## Label            Usage          Type ST Offset   Length[0m
[0;32mI (70) boot:  0 nvs              WiFi data        01 02 00009000 00006000[0m
[0;32mI (78) boot:  1 phy_init         RF data          01 01 0000f000 00001000[0m
[0;32mI (85) boot:  2 factory          factory app      00 00 00010000 00100000[0m
[0;32mI (93) boot:  3 data             Unknown data     01 82 00110000 00200000[0m
[0;32mI (100) boot: End of partition table[0m
[0;32mI (105) esp_image: segment 0: paddr=00010020 vaddr=3c030020 size=0d7ech ( 55276) map[0m
[0;32mI (126) esp_image: segment 1: paddr=0001d814 vaddr=3fc9af00 size=02804h ( 10244) load[0m
[0;32mI (129) esp_image: segment 2: paddr=00020020 vaddr=42000020 size=2cfe0h (184288) map[0m
[0;32mI (176) esp_image: segment 3: paddr=0004d008 vaddr=3fc9d704 size=0133ch (  4924) load[0m
[0;32mI (178) esp_image: segment 4: paddr=0004e34c vaddr=40378000 size=12ea8h ( 77480) load[0m
[0;32mI (211) boot: Loaded app from partition at offset 0x10000[0m
[0;32mI (211) boot: Disabling RNG early entropy source...[0m
[0;32mI (223) octal_psram: vendor id    : 0x0d (AP)[0m
[0;32mI (223) octal_psram: dev id       : 0x03 (generation 4)[0m
[0;32mI (223) octal_psram: density      : 0x05 (128 Mbit)[0m
[0;32mI (228) octal_psram: good-die     : 0x01 (Pass)[0m
[0;32mI (233) octal_psram: Latency      : 0x01 (Fixed)[0m
[0;32mI (238) octal_psram: VCC          : 0x00 (1.8V)[0m
[0;32mI (244) octal_psram: SRF          : 0x01 (Fast Refresh)[0m
[0;32mI (249) octal_psram: BurstType    : 0x01 (Hybrid Wrap)[0m
[0;32mI (255) octal_psram: BurstLen     : 0x01 (32 Byte)[0m
[0;32mI (261) octal_psram: Readlatency  : 0x02 (10 cycles@Fixed)[0m
[0;32mI (267) octal_psram: DriveStrength: 0x00 (1/1)[0m
[0;32mI (273) MSPI Timing: PSRAM timing tuning index: 6[0m
[0;32mI (277) esp_psram: Found 16MB PSRAM device[0m
[0;32mI (282) esp_psram: Speed: 80MHz[0m
[0;32mI (286) cpu_start: Multicore app[0m
[0;32mI (1181) esp_psram: SPI SRAM memory test OK[0m
[0;32mI (1190) cpu_start: Pro cpu start user code[0m
[0;32mI (1190) cpu_start: cpu freq: 240000000 Hz[0m
[0;32mI (1190) app_init: Application information:[0m
[0;32mI (1193) app_init: Project name:     hello_world[0m
[0;32mI (1199) app_init: App version:      360ee52-dirty[0m
[0;32mI (1204) app_init: Compile time:     Apr  1 2026 09:02:26[0m
[0;32mI (1210) app_init: ELF file SHA256:  91fe498f1...[0m
[0;32mI (1216) app_init: ESP-IDF:          v5.3[0m
[0;32mI (1220) efuse_init: Min chip rev:     v0.0[0m
[0;32mI (1225) efuse_init: Max chip rev:     v0.99 [0m
[0;32mI (1230) efuse_init: Chip rev:         v0.2[0m
[0;32mI (1235) heap_init: Initializing. RAM available for dynamic allocation:[0m
[0;32mI (1242) heap_init: At 3FC9F868 len 00049EA8 (295 KiB): RAM[0m
[0;32mI (1248) heap_init: At 3FCE9710 len 00005724 (21 KiB): RAM[0m
[0;32mI (1255) heap_init: At 3FCF0000 len 00008000 (32 KiB): DRAM[0m
[0;32mI (1261) heap_init: At 600FE100 len 00001EE8 (7 KiB): RTCRAM[0m
[0;32mI (1267) esp_psram: Adding pool of 16384K of PSRAM memory to heap allocator[0m
[0;33mW (1275) spi_flash: Octal flash chip is using but dio mode is selected, will automatically swich to Octal mode[0m
[0;32mI (1286) spi_flash: detected chip: mxic (opi)[0m
[0;32mI (1291) spi_flash: flash io: opi_str[0m
[0;33mW (1295) i2c: This driver is an old driver, please migrate your application code to adapt `driver/i2c_master.h`[0m
[0;32mI (1306) sleep: Configure to isolate all GPIO pins in sleep state[0m
[0;32mI (1313) sleep: Enable automatic switching of GPIO sleep configuration[0m
[0;32mI (1320) main_task: Started on CPU0[0m
[0;32mI (1330) esp_psram: Reserving pool of 32K of internal memory for DMA/internal allocations[0m
[0;32mI (1330) main_task: Calling app_main()[0m
[0;32mI (1340) u8g2_hal: sda_io_num 8[0m
[0;32mI (1340) u8g2_hal: scl_io_num 9[0m
[0;32mI (1340) u8g2_hal: clk_speed 50000[0m
[0;32mI (1350) u8g2_hal: i2c_param_config 1[0m
[0;32mI (1350) u8g2_hal: i2c_driver_install 1[0m
[0;31mE (1660) err: esp_err_t = -1[0m

assert failed: u8g2_esp32_i2c_byte_cb u8g2_esp32_hal.c:179 (0 && "i2c_master_cmd_begin(I2C_MASTER_NUM, handle_i2c, pdMS_TO_TICKS(I2C_TIMEOUT_MS))")


Backtrace: 0x40379ef6:0x3fca1bc0 0x403809c1:0x3fca1be0 0x40388ec1:0x3fca1c00 0x4200ef4e:0x3fca1d20 0x4202b111:0x3fca1d60 0x4200fa83:0x3fca1d80 0x4200f9f9:0x3fca1da0 0x4200fc7d:0x3fca1dd0 0x4202b08d:0x3fca1df0 0x403877a5:0x3fca1e10 0x40387947:0x3fca1e50 0x4202c6ab:0x3fca2130 0x40381469:0x3fca2160




ELF file SHA256: 91fe498f1

Rebooting...
ESP-ROM:esp32s3-20210327
Build:Mar 27 2021
rst:0xc (RTC_SW_CPU_RST),boot:0x8 (SPI_FAST_FLASH_BOOT)
Saved PC:0x40379e30
SPIWP:0xee
Octal Flash Mode Enabled
For OPI Flash, Use Default Flash Boot Mode
mode:SLOW_RD, clock div:1
load:0x3fce2810,len:0x178c
load:0x403c8700,len:0x4
load:0x403c8704,len:0xcb8
load:0x403cb700,len:0x2db0
entry 0x403c8914
[0;32mI (32) boot: ESP-IDF v5.3 2nd stage bootloader[0m
[0;32mI (32) boot: compile time Apr  1 2026 09:02:53[0m
[0;32mI (33) boot: Multicore bootloader[0m
[0;32mI (35) boot: chip revision: v0.2[0m
[0;32mI (39) boot.esp32s3: Boot SPI Speed : 80MHz[0m
[0;32mI (44) boot.esp32s3: SPI Mode       : SLOW READ[0m
[0;32mI (49) boot.esp32s3: SPI Flash Size : 32MB[0m
[0;32mI (54) boot: Enabling RNG early entropy source...[0m
[0;32mI (60) boot: Partition Table:[0m
[0;32mI (63) boot: ## Label            Usage          Type ST Offset   Length[0m
[0;32mI (70) boot:  0 nvs              WiFi data        01 02 00009000 00006000[0m
[0;32mI (78) boot:  1 phy_init         RF data          01 01 0000f000 00001000[0m
[0;32mI (85) boot:  2 factory          factory app      00 00 00010000 00100000[0m
[0;32mI (93) boot:  3 data             Unknown data     01 82 00110000 00200000[0m
[0;32mI (100) boot: End of partition table[0m
[0;32mI (105) esp_image: segment 0: paddr=00010020 vaddr=3c030020 size=0d7ech ( 55276) map[0m
[0;32mI (126) esp_image: segment 1: paddr=0001d814 vaddr=3fc9af00 size=02804h ( 10244) load[0m
[0;32mI (129) esp_image: segment 2: paddr=00020020 vaddr=42000020 size=2cfe0h (184288) map[0m
[0;32mI (176) esp_image: segment 3: paddr=0004d008 vaddr=3fc9d704 size=0133ch (  4924) load[0m
[0;32mI (178) esp_image: segment 4: paddr=0004e34c vaddr=40378000 size=12ea8h ( 77480) load[0m
[0;32mI (211) boot: Loaded app from partition at offset 0x10000[0m
[0;32mI (211) boot: Disabling RNG early entropy source...[0m
[0;32mI (223) octal_psram: vendor id    : 0x0d (AP)[0m
[0;32mI (223) octal_psram: dev id       : 0x03 (generation 4)[0m
[0;32mI (223) octal_psram: density      : 0x05 (128 Mbit)[0m
[0;32mI (228) octal_psram: good-die     : 0x01 (Pass)[0m
[0;32mI (233) octal_psram: Latency      : 0x01 (Fixed)[0m
[0;32mI (238) octal_psram: VCC          : 0x00 (1.8V)[0m
[0;32mI (244) octal_psram: SRF          : 0x01 (Fast Refresh)[0m
[0;32mI (249) octal_psram: BurstType    : 0x01 (Hybrid Wrap)[0m
[0;32mI (255) octal_psram: BurstLen     : 0x01 (32 Byte)[0m
[0;32mI (261) octal_psram: Readlatency  : 0x02 (10 cycles@Fixed)[0m
[0;32mI (267) octal_psram: DriveStrength: 0x00 (1/1)[0m
[0;32mI (273) MSPI Timing: PSRAM timing tuning index: 6[0m
[0;32mI (277) esp_psram: Found 16MB PSRAM device[0m
[0;32mI (282) esp_psram: Speed: 80MHz[0m
[0;32mI (286) cpu_start: Multicore app[0m
[0;32mI (1181) esp_psram: SPI SRAM memory test OK[0m
[0;32mI (1190) cpu_start: Pro cpu start user code[0m
[0;32mI (1190) cpu_start: cpu freq: 240000000 Hz[0m
[0;32mI (1190) app_init: Application information:[0m
[0;32mI (1193) app_init: Project name:     hello_world[0m
[0;32mI (1199) app_init: App version:      360ee52-dirty[0m
[0;32mI (1204) app_init: Compile time:     Apr  1 2026 09:02:26[0m
[0;32mI (1210) app_init: ELF file SHA256:  91fe498f1...[0m
[0;32mI (1216) app_init: ESP-IDF:          v5.3[0m
[0;32mI (1220) efuse_init: Min chip rev:     v0.0[0m
[0;32mI (1225) efuse_init: Max chip rev:     v0.99 [0m
[0;32mI (1230) efuse_init: Chip rev:         v0.2[0m
[0;32mI (1235) heap_init: Initializing. RAM available for dynamic allocation:[0m
[0;32mI (1242) heap_init: At 3FC9F868 len 00049EA8 (295 KiB): RAM[0m
[0;32mI (1248) heap_init: At 3FCE9710 len 00005724 (21 KiB): RAM[0m
[0;32mI (1255) heap_init: At 3FCF0000 len 00008000 (32 KiB): DRAM[0m
[0;32mI (1261) heap_init: At 600FE100 len 00001EE8 (7 KiB): RTCRAM[0m
[0;32mI (1267) esp_psram: Adding pool of 16384K of PSRAM memory to heap allocator[0m
[0;33mW (1275) spi_flash: Octal flash chip is using but dio mode is selected, will automatically swich to Octal mode[0m
[0;32mI (1286) spi_flash: detected chip: mxic (opi)[0m
[0;32mI (1291) spi_flash: flash io: opi_str[0m
[0;33mW (1295) i2c: This driver is an old driver, please migrate your application code to adapt `driver/i2c_master.h`[0m
[0;32mI (1306) sleep: Configure to isolate all GPIO pins in sleep state[0m
[0;32mI (1313) sleep: Enable automatic switching of GPIO sleep configuration[0m
[0;32mI (1320) main_task: Started on CPU0[0m
[0;32mI (1330) esp_psram: Reserving pool of 32K of internal memory for DMA/internal allocations[0m
[0;32mI (1330) main_task: Calling app_main()[0m
[0;32mI (1340) u8g2_hal: sda_io_num 8[0m
[0;32mI (1340) u8g2_hal: scl_io_num 9[0m
[0;32mI (1340) u8g2_hal: clk_speed 50000[0m
[0;32mI (1350) u8g2_hal: i2c_param_config 1[0m
[0;32mI (1350) u8g2_hal: i2c_driver_install 1[0m
[0;31mE (1660) err: esp_err_t = -1[0m

assert failed: u8g2_esp32_i2c_byte_cb u8g2_esp32_hal.c:179 (0 && "i2c_master_cmd_begin(I2C_MASTER_NUM, handle_i2c, pdMS_TO_TICKS(I2C_TIMEOUT_MS))")


Backtrace: 0x40379ef6:0x3fca1bc0 0x403809c1:0x3fca1be0 0x40388ec1:0x3fca1c00 0x4200ef4e:0x3fca1d20 0x4202b111:0x3fca1d60 0x4200fa83:0x3fca1d80 0x4200f9f9:0x3fca1da0 0x4200fc7d:0x3fca1dd0 0x4202b08d:0x3fca1df0 0x403877a5:0x3fca1e10 0x40387947:0x3fca1e50 0x4202c6ab:0x3fca2130 0x40381469:0x3fca2160




ELF file SHA256: 91fe498f1

Rebooting...
ESP-ROM:esp32s3-20210327
Build:Mar 27 2021
rst:0xc (RTC_SW_CPU_RST),boot:0x8 (SPI_FAST_FLASH_BOOT)
Saved PC:0x40379e30
SPIWP:0xee
Octal Flash Mode Enabled
For OPI Flash, Use Default Flash Boot Mode
mode:SLOW_RD, clock div:1
load:0x3fce2810,len:0x178c
load:0x403c8700,len:0x4
load:0x403c8704,len:0xcb8
load:0x403cb700,len:0x2db0
entry 0x403c8914
[0;32mI (32) boot: ESP-IDF v5.3 2nd stage bootloader[0m
[0;32mI (32) boot: compile time Apr  1 2026 09:02:53[0m
[0;32mI (33) boot: Multicore bootloader[0m
[0;32mI (35) boot: chip revision: v0.2[0m
[0;32mI (39) boot.esp32s3: Boot SPI Speed : 80MHz[0m
[0;32mI (44) boot.esp32s3: SPI Mode       : SLOW READ[0m
[0;32mI (49) boot.esp32s3: SPI Flash Size : 32MB[0m
[0;32mI (54) boot: Enabling RNG early entropy source...[0m
[0;32mI (60) boot: Partition Table:[0m
[0;32mI (63) boot: ## Label            Usage          Type ST Offset   Length[0m
[0;32mI (70) boot:  0 nvs              WiFi data        01 02 00009000 00006000[0m
[0;32mI (78) boot:  1 phy_init         RF data          01 01 0000f000 00001000[0m
[0;32mI (85) boot:  2 factory          factory app      00 00 00010000 00100000[0m
[0;32mI (93) boot:  3 data             Unknown data     01 82 00110000 00200000[0m
[0;32mI (100) boot: End of partition table[0m
[0;32mI (105) esp_image: segment 0: paddr=00010020 vaddr=3c030020 size=0d7ech ( 55276) map[0m
[0;32mI (126) esp_image: segment 1: paddr=0001d814 vaddr=3fc9af00 size=02804h ( 10244) load[0m
[0;32mI (129) esp_image: segment 2: paddr=00020020 vaddr=42000020 size=2cfe0h (184288) map[0m
[0;32mI (176) esp_image: segment 3: paddr=0004d008 vaddr=3fc9d704 size=0133ch (  4924) load[0m
[0;32mI (178) esp_image: segment 4: paddr=0004e34c vaddr=40378000 size=12ea8h ( 77480) load[0m
[0;32mI (211) boot: Loaded app from partition at offset 0x10000[0m
[0;32mI (211) boot: Disabling RNG early entropy source...[0m
[0;32mI (223) octal_psram: vendor id    : 0x0d (AP)[0m
[0;32mI (223) octal_psram: dev id       : 0x03 (generation 4)[0m
[0;32mI (223) octal_psram: density      : 0x05 (128 Mbit)[0m
[0;32mI (228) octal_psram: good-die     : 0x01 (Pass)[0m
[0;32mI (233) octal_psram: Latency      : 0x01 (Fixed)[0m
[0;32mI (238) octal_psram: VCC          : 0x00 (1.8V)[0m
[0;32mI (244) octal_psram: SRF          : 0x01 (Fast Refresh)[0m
[0;32mI (249) octal_psram: BurstType    : 0x01 (Hybrid Wrap)[0m
[0;32mI (255) octal_psram: BurstLen     : 0x01 (32 Byte)[0m
[0;32mI (261) octal_psram: Readlatency  : 0x02 (10 cycles@Fixed)[0m
[0;32mI (267) octal_psram: DriveStrength: 0x00 (1/1)[0m
[0;32mI (273) MSPI Timing: PSRAM timing tuning index: 6[0m
[0;32mI (277) esp_psram: Found 16MB PSRAM device[0m
[0;32mI (282) esp_psram: Speed: 80MHz[0m
[0;32mI (286) cpu_start: Multicore app[0m
[0;32mI (1181) esp_psram: SPI SRAM memory test OK[0m
[0;32mI (1190) cpu_start: Pro cpu start user code[0m
[0;32mI (1190) cpu_start: cpu freq: 240000000 Hz[0m
[0;32mI (1190) app_init: Application information:[0m
[0;32mI (1193) app_init: Project name:     hello_world[0m
[0;32mI (1199) app_init: App version:      360ee52-dirty[0m
[0;32mI (1204) app_init: Compile time:     Apr  1 2026 09:02:26[0m
[0;32mI (1210) app_init: ELF file SHA256:  91fe498f1...[0m
[0;32mI (1216) app_init: ESP-IDF:          v5.3[0m
[0;32mI (1220) efuse_init: Min chip rev:     v0.0[0m
[0;32mI (1225) efuse_init: Max chip rev:     v0.99 [0m
[0;32mI (1230) efuse_init: Chip rev:         v0.2[0m
[0;32mI (1235) heap_init: Initializing. RAM available for dynamic allocation:[0m
[0;32mI (1242) heap_init: At 3FC9F868 len 00049EA8 (295 KiB): RAM[0m
[0;32mI (1248) heap_init: At 3FCE9710 len 00005724 (21 KiB): RAM[0m
[0;32mI (1255) heap_init: At 3FCF0000 len 00008000 (32 KiB): DRAM[0m
[0;32mI (1261) heap_init: At 600FE100 len 00001EE8 (7 KiB): RTCRAM[0m
[0;32mI (1267) esp_psram: Adding pool of 16384K of PSRAM memory to heap allocator[0m
[0;33mW (1275) spi_flash: Octal flash chip is using but dio mode is selected, will automatically swich to Octal mode[0m
[0;32mI (1286) spi_flash: detected chip: mxic (opi)[0m
[0;32mI (1291) spi_flash: flash io: opi_str[0m
[0;33mW (1295) i2c: This driver is an old driver, please migrate your application code to adapt `driver/i2c_master.h`[0m
[0;32mI (1306) sleep: Configure to isolate all GPIO pins in sleep state[0m
[0;32mI (1313) sleep: Enable automatic switching of GPIO sleep configuration[0m
[0;32mI (1320) main_task: Started on CPU0[0m
[0;32mI (1330) esp_psram: Reserving pool of 32K of internal memory for DMA/internal allocations[0m
[0;32mI (1330) main_task: Calling app_main()[0m
[0;32mI (1340) u8g2_hal: sda_io_num 8[0m
[0;32mI (1340) u8g2_hal: scl_io_num 9[0m
[0;32mI (1340) u8g2_hal: clk_speed 50000[0m
[0;32mI (1350) u8g2_hal: i2c_param_config 1[0m
[0;32mI (1350) u8g2_hal: i2c_driver_install 1[0m
[0;31mE (1660) err: esp_err_t = -1[0m

assert failed: u8g2_esp32_i2c_byte_cb u8g2_esp32_hal.c:179 (0 && "i2c_master_cmd_begin(I2C_MASTER_NUM, handle_i2c, pdMS_TO_TICKS(I2C_TIMEOUT_MS))")


Backtrace: 0x40379ef6:0x3fca1bc0 0x403809c1:0x3fca1be0 0x40388ec1:0x3fca1c00 0x4200ef4e:0x3fca1d20 0x4202b111:0x3fca1d60 0x4200fa83:0x3fca1d80 0x4200f9f9:0x3fca1da0 0x4200fc7d:0x3fca1dd0 0x4202b08d:0x3fca1df0 0x403877a5:0x3fca1e10 0x40387947:0x3fca1e50 0x4202c6ab:0x3fca2130 0x40381469:0x3fca2160




ELF file SHA256: 91fe498f1

Rebooting...
ESP-ROM:esp32s3-20210327
Build:Mar 27 2021
rst:0xc (RTC_SW_CPU_RST),boot:0x8 (SPI_FAST_FLASH_BOOT)
Saved PC:0x40379e30
SPIWP:0xee
Octal Flash Mode Enabled
For OPI Flash, Use Default Flash Boot Mode
mode:SLOW_RD, clock div:1
load:0x3fce2810,len:0x178c
load:0x403c8700,len:0x4
load:0x403c8704,len:0xcb8
load:0x403cb700,len:0x2db0
entry 0x403c8914
[0;32mI (32) boot: ESP-IDF v5.3 2nd stage bootloader[0m
[0;32mI (32) boot: compile time Apr  1 2026 09:02:53[0m
[0;32mI (33) boot: Multicore bootloader[0m
[0;32mI (35) boot: chip revision: v0.2[0m
[0;32mI (39) boot.esp32s3: Boot SPI Speed : 80MHz[0m
[0;32mI (44) boot.esp32s3: SPI Mode       : SLOW READ[0m
[0;32mI (49) boot.esp32s3: SPI Flash Size : 32MB[0m
[0;32mI (54) boot: Enabling RNG early entropy source...[0m
[0;32mI (60) boot: Partition Table:[0m
[0;32mI (63) boot: ## Label            Usage          Type ST Offset   Length[0m
[0;32mI (70) boot:  0 nvs              WiFi data        01 02 00009000 00006000[0m
[0;32mI (78) boot:  1 phy_init         RF data          01 01 0000f000 00001000[0m
[0;32mI (85) boot:  2 factory          factory app      00 00 00010000 00100000[0m
[0;32mI (93) boot:  3 data             Unknown data     01 82 00110000 00200000[0m
[0;32mI (100) boot: End of partition table[0m
[0;32mI (105) esp_image: segment 0: paddr=00010020 vaddr=3c030020 size=0d7ech ( 55276) map[0m
[0;32mI (126) esp_image: segment 1: paddr=0001d814 vaddr=3fc9af00 size=02804h ( 10244) load[0m
[0;32mI (129) esp_image: segment 2: paddr=00020020 vaddr=42000020 size=2cfe0h (184288) map[0m
[0;32mI (176) esp_image: segment 3: paddr=0004d008 vaddr=3fc9d704 size=0133ch (  4924) load[0m
[0;32mI (178) esp_image: segment 4: paddr=0004e34c vaddr=40378000 size=12ea8h ( 77480) load[0m
[0;32mI (211) boot: Loaded app from partition at offset 0x10000[0m
[0;32mI (211) boot: Disabling RNG early entropy source...[0m
[0;32mI (223) octal_psram: vendor id    : 0x0d (AP)[0m
[0;32mI (223) octal_psram: dev id       : 0x03 (generation 4)[0m
[0;32mI (223) octal_psram: density      : 0x05 (128 Mbit)[0m
[0;32mI (228) octal_psram: good-die     : 0x01 (Pass)[0m
[0;32mI (233) octal_psram: Latency      : 0x01 (Fixed)[0m
[0;32mI (238) octal_psram: VCC          : 0x00 (1.8V)[0m
[0;32mI (244) octal_psram: SRF          : 0x01 (Fast Refresh)[0m
[0;32mI (249) octal_psram: BurstType    : 0x01 (Hybrid Wrap)[0m
[0;32mI (255) octal_psram: BurstLen     : 0x01 (32 Byte)[0m
[0;32mI (261) octal_psram: Readlatency  : 0x02 (10 cycles@Fixed)[0m
[0;32mI (267) octal_psram: DriveStrength: 0x00 (1/1)[0m
[0;32mI (273) MSPI Timing: PSRAM timing tuning index: 6[0m
[0;32mI (277) esp_psram: Found 16MB PSRAM device[0m
[0;32mI (282) esp_psram: Speed: 80MHz[0m
[0;32mI (286) cpu_start: Multicore app[0m
[0;32mI (1181) esp_psram: SPI SRAM memory test OK[0m
[0;32mI (1190) cpu_start: Pro cpu start user code[0m
[0;32mI (1190) cpu_start: cpu freq: 240000000 Hz[0m
[0;32mI (1190) app_init: Application information:[0m
[0;32mI (1193) app_init: Project name:     hello_world[0m
[0;32mI (1199) app_init: App version:      360ee52-dirty[0m
[0;32mI (1204) app_init: Compile time:     Apr  1 2026 09:02:26[0m
[0;32mI (1210) app_init: ELF file SHA256:  91fe498f1...[0m
[0;32mI (1216) app_init: ESP-IDF:          v5.3[0m
[0;32mI (1220) efuse_init: Min chip rev:     v0.0[0m
[0;32mI (1225) efuse_init: Max chip rev:     v0.99 [0m
[0;32mI (1230) efuse_init: Chip rev:         v0.2[0m
[0;32mI (1235) heap_init: Initializing. RAM available for dynamic allocation:[0m
[0;32mI (1242) heap_init: At 3FC9F868 len 00049EA8 (295 KiB): RAM[0m
[0;32mI (1248) heap_init: At 3FCE9710 len 00005724 (21 KiB): RAM[0m
[0;32mI (1255) heap_init: At 3FCF0000 len 00008000 (32 KiB): DRAM[0m
[0;32mI (1261) heap_init: At 600FE100 len 00001EE8 (7 KiB): RTCRAM[0m
[0;32mI (1267) esp_psram: Adding pool of 16384K of PSRAM memory to heap allocator[0m
[0;33mW (1275) spi_flash: Octal flash chip is using but dio mode is selected, will automatically swich to Octal mode[0m
[0;32mI (1286) spi_flash: detected chip: mxic (opi)[0m
[0;32mI (1291) spi_flash: flash io: opi_str[0m
[0;33mW (1295) i2c: This driver is an old driver, please migrate your application code to adapt `driver/i2c_master.h`[0m
[0;32mI (1306) sleep: Configure to isolate all GPIO pins in sleep state[0m
[0;32mI (1313) sleep: Enable automatic switching of GPIO sleep configuration[0m
[0;32mI (1320) main_task: Started on CPU0[0m
[0;32mI (1330) esp_psram: Reserving pool of 32K of internal memory for DMA/internal allocations[0m
[0;32mI (1330) main_task: Calling app_main()[0m
[0;32mI (1340) u8g2_hal: sda_io_num 8[0m
[0;32mI (1340) u8g2_hal: scl_io_num 9[0m
[0;32mI (1340) u8g2_hal: clk_speed 50000[0m
[0;32mI (1350) u8g2_hal: i2c_param_config 1[0m
[0;32mI (1350) u8g2_hal: i2c_driver_install 1[0m
[0;31mE (1660) err: esp_err_t = -1[0m

assert failed: u8g2_esp32_i2c_byte_cb u8g2_esp32_hal.c:179 (0 && "i2c_master_cmd_begin(I2C_MASTER_NUM, handle_i2c, pdMS_TO_TICKS(I2C_TIMEOUT_MS))")


Backtrace: 0x40379ef6:0x3fca1bc0 0x403809c1:0x3fca1be0 0x40388ec1:0x3fca1c00 0x4200ef4e:0x3fca1d20 0x4202b111:0x3fca1d60 0x4200fa83:0x3fca1d80 0x4200f9f9:0x3fca1da0 0x4200fc7d:0x3fca1dd0 0x4202b08d:0x3fca1df0 0x403877a5:0x3fca1e10 0x40387947:0x3fca1e50 0x4202c6ab:0x3fca2130 0x40381469:0x3fca2160




ELF file SHA256: 91fe498f1

Rebooting...
ESP-ROM:esp32s3-20210327
Build:Mar 27 2021
rst:0xc (RTC_SW_CPU_RST),boot:0x8 (SPI_FAST_FLASH_BOOT)
Saved PC:0x40379e30
SPIWP:0xee
Octal Flash Mode Enabled
For OPI Flash, Use Default Flash Boot Mode
mode:SLOW_RD, clock div:1
load:0x3fce2810,len:0x178c
load:0x403c8700,len:0x4
load:0x403c8704,len:0xcb8
load:0x403cb700,len:0x2db0
entry 0x403c8914
[0;32mI (32) boot: ESP-IDF v5.3 2nd stage bootloader[0m
[0;32mI (32) boot: compile time Apr  1 2026 09:02:53[0m
[0;32mI (33) boot: Multicore bootloader[0m
[0;32mI (35) boot: chip revision: v0.2[0m
[0;32mI (39) boot.esp32s3: Boot SPI Speed : 80MHz[0m
[0;32mI (44) boot.esp32s3: SPI Mode       : SLOW READ[0m
[0;32mI (49) boot.esp32s3: SPI Flash Size : 32MB[0m
[0;32mI (54) boot: Enabling RNG early entropy source...[0m
[0;32mI (60) boot: Partition Table:[0m
[0;32mI (63) boot: ## Label            Usage          Type ST Offset   Length[0m
[0;32mI (70) boot:  0 nvs              WiFi data        01 02 00009000 00006000[0m
[0;32mI (78) boot:  1 phy_init         RF data          01 01 0000f000 00001000[0m
[0;32mI (85) boot:  2 factory          factory app      00 00 00010000 00100000[0m
[0;32mI (93) boot:  3 data             Unknown data     01 82 00110000 00200000[0m
[0;32mI (100) boot: End of partition table[0m
[0;32mI (105) esp_image: segment 0: paddr=00010020 vaddr=3c030020 size=0d7ech ( 55276) map[0m
[0;32mI (126) esp_image: segment 1: paddr=0001d814 vaddr=3fc9af00 size=02804h ( 10244) load[0m
[0;32mI (129) esp_image: segment 2: paddr=00020020 vaddr=42000020 size=2cfe0h (184288) map[0m
[0;32mI (176) esp_image: segment 3: paddr=0004d008 vaddr=3fc9d704 size=0133ch (  4924) load[0m
[0;32mI (178) esp_image: segment 4: paddr=0004e34c vaddr=40378000 size=12ea8h ( 77480) load[0m
[0;32mI (211) boot: Loaded app from partition at offset 0x10000[0m
[0;32mI (211) boot: Disabling RNG early entropy source...[0m
[0;32mI (223) octal_psram: vendor id    : 0x0d (AP)[0m
[0;32mI (223) octal_psram: dev id       : 0x03 (generation 4)[0m
[0;32mI (223) octal_psram: density      : 0x05 (128 Mbit)[0m
[0;32mI (228) octal_psram: good-die     : 0x01 (Pass)[0m
[0;32mI (233) octal_psram: Latency      : 0x01 (Fixed)[0m
[0;32mI (238) octal_psram: VCC          : 0x00 (1.8V)[0m
[0;32mI (244) octal_psram: SRF          : 0x01 (Fast Refresh)[0m
[0;32mI (249) octal_psram: BurstType    : 0x01 (Hybrid Wrap)[0m
[0;32mI (255) octal_psram: BurstLen     : 0x01 (32 Byte)[0m
[0;32mI (261) octal_psram: Readlatency  : 0x02 (10 cycles@Fixed)[0m
[0;32mI (267) octal_psram: DriveStrength: 0x00 (1/1)[0m
[0;32mI (273) MSPI Timing: PSRAM timing tuning index: 6[0m
[0;32mI (277) esp_psram: Found 16MB PSRAM device[0m
[0;32mI (282) esp_psram: Speed: 80MHz[0m
[0;32mI (286) cpu_start: Multicore app[0m
[0;32mI (1181) esp_psram: SPI SRAM memory test OK[0m
[0;32mI (1190) cpu_start: Pro cpu start user code[0m
[0;32mI (1190) cpu_start: cpu freq: 240000000 Hz[0m
[0;32mI (1190) app_init: Application information:[0m
[0;32mI (1193) app_init: Project name:     hello_world[0m
[0;32mI (1199) app_init: App version:      360ee52-dirty[0m
[0;32mI (1204) app_init: Compile time:     Apr  1 2026 09:02:26[0m
[0;32mI (1210) app_init: ELF file SHA256:  91fe498f1...[0m
[0;32mI (1216) app_init: ESP-IDF:          v5.3[0m
[0;32mI (1220) efuse_init: Min chip rev:     v0.0[0m
[0;32mI (1225) efuse_init: Max chip rev:     v0.99 [0m
[0;32mI (1230) efuse_init: Chip rev:         v0.2[0m
[0;32mI (1235) heap_init: Initializing. RAM available for dynamic allocation:[0m
[0;32mI (1242) heap_init: At 3FC9F868 len 00049EA8 (295 KiB): RAM[0m
[0;32mI (1248) heap_init: At 3FCE9710 len 00005724 (21 KiB): RAM[0m
[0;32mI (1255) heap_init: At 3FCF0000 len 00008000 (32 KiB): DRAM[0m
[0;32mI (1261) heap_init: At 600FE100 len 00001EE8 (7 KiB): RTCRAM[0m
[0;32mI (1267) esp_psram: Adding pool of 16384K of PSRAM memory to heap allocator[0m
[0;33mW (1275) spi_flash: Octal flash chip is using but dio mode is selected, will automatically swich to Octal mode[0m
[0;32mI (1286) spi_flash: detected chip: mxic (opi)[0m
[0;32mI (1291) spi_flash: flash io: opi_str[0m
[0;33mW (1295) i2c: This driver is an old driver, please migrate your application code to adapt `driver/i2c_master.h`[0m
[0;32mI (1306) sleep: Configure to isolate all GPIO pins in sleep state[0m
[0;32mI (1313) sleep: Enable automatic switching of GPIO sleep configuration[0m
[0;32mI (1320) main_task: Started on CPU0[0m
[0;32mI (1330) esp_psram: Reserving pool of 32K of internal memory for DMA/internal allocations[0m
[0;32mI (1330) main_task: Calling app_main()[0m
[0;32mI (1340) u8g2_hal: sda_io_num 8[0m
[0;32mI (1340) u8g2_hal: scl_io_num 9[0m
[0;32mI (1340) u8g2_hal: clk_speed 50000[0m
[0;32mI (1350) u8g2_hal: i2c_param_config 1[0m
[0;32mI (1350) u8g2_hal: i2c_driver_install 1[0m
[0;31mE (1660) err: esp_err_t = -1[0m

assert failed: u8g2_esp32_i2c_byte_cb u8g2_esp32_hal.c:179 (0 && "i2c_master_cmd_begin(I2C_MASTER_NUM, handle_i2c, pdMS_TO_TICKS(I2C_TIMEOUT_MS))")


Backtrace: 0x40379ef6:0x3fca1bc0 0x403809c1:0x3fca1be0 0x40388ec1:0x3fca1c00 0x4200ef4e:0x3fca1d20 0x4202b111:0x3fca1d60 0x4200fa83:0x3fca1d80 0x4200f9f9:0x3fca1da0 0x4200fc7d:0x3fca1dd0 0x4202b08d:0x3fca1df0 0x403877a5:0x3fca1e10 0x40387947:0x3fca1e50 0x4202c6ab:0x3fca2130 0x40381469:0x3fca2160




ELF file SHA256: 91fe498f1

Rebooting...
ESP-ROM:esp32s3-20210327
Build:Mar 27 2021
rst:0xc (RTC_SW_CPU_RST),boot:0x8 (SPI_FAST_FLASH_BOOT)
Saved PC:0x40379e30
SPIWP:0xee
Octal Flash Mode Enabled
For OPI Flash, Use Default Flash Boot Mode
mode:SLOW_RD, clock div:1
load:0x3fce2810,len:0x178c
load:0x403c8700,len:0x4
load:0x403c8704,len:0xcb8
load:0x403cb700,len:0x2db0
entry 0x403c8914
[0;32mI (32) boot: ESP-IDF v5.3 2nd stage bootloader[0m
[0;32mI (32) boot: compile time Apr  1 2026 09:02:53[0m
[0;32mI (33) boot: Multicore bootloader[0m
[0;32mI (35) boot: chip revision: v0.2[0m
[0;32mI (39) boot.esp32s3: Boot SPI Speed : 80MHz[0m
[0;32mI (44) boot.esp32s3: SPI Mode       : SLOW READ[0m
[0;32mI (49) boot.esp32s3: SPI Flash Size : 32MB[0m
[0;32mI (54) boot: Enabling RNG early entropy source...[0m
[0;32mI (60) boot: Partition Table:[0m
[0;32mI (63) boot: ## Label            Usage          Type ST Offset   Length[0m
[0;32mI (70) boot:  0 nvs              WiFi data        01 02 00009000 00006000[0m
[0;32mI (78) boot:  1 phy_init         RF data          01 01 0000f000 00001000[0m
[0;32mI (85) boot:  2 factory          factory app      00 00 00010000 00100000[0m
[0;32mI (93) boot:  3 data             Unknown data     01 82 00110000 00200000[0m
[0;32mI (100) boot: End of partition table[0m
[0;32mI (105) esp_image: segment 0: paddr=00010020 vaddr=3c030020 size=0d7ech ( 55276) map[0m
[0;32mI (126) esp_image: segment 1: paddr=0001d814 vaddr=3fc9af00 size=02804h ( 10244) load[0m
[0;32mI (129) esp_image: segment 2: paddr=00020020 vaddr=42000020 size=2cfe0h (184288) map[0m
[0;32mI (176) esp_image: segment 3: paddr=0004d008 vaddr=3fc9d704 size=0133ch (  4924) load[0m
[0;32mI (178) esp_image: segment 4: paddr=0004e34c vaddr=40378000 size=12ea8h ( 77480) load[0m
[0;32mI (211) boot: Loaded app from partition at offset 0x10000[0m
[0;32mI (211) boot: Disabling RNG early entropy source...[0m
[0;32mI (223) octal_psram: vendor id    : 0x0d (AP)[0m
[0;32mI (223) octal_psram: dev id       : 0x03 (generation 4)[0m
[0;32mI (223) octal_psram: density      : 0x05 (128 Mbit)[0m
[0;32mI (228) octal_psram: good-die     : 0x01 (Pass)[0m
[0;32mI (233) octal_psram: Latency      : 0x01 (Fixed)[0m
[0;32mI (238) octal_psram: VCC          : 0x00 (1.8V)[0m
[0;32mI (244) octal_psram: SRF          : 0x01 (Fast Refresh)[0m
[0;32mI (249) octal_psram: BurstType    : 0x01 (Hybrid Wrap)[0m
[0;32mI (255) octal_psram: BurstLen     : 0x01 (32 Byte)[0m
[0;32mI (261) octal_psram: Readlatency  : 0x02 (10 cycles@Fixed)[0m
[0;32mI (267) octal_psram: DriveStrength: 0x00 (1/1)[0m
[0;32mI (273) MSPI Timing: PSRAM timing tuning index: 6[0m
[0;32mI (277) esp_psram: Found 16MB PSRAM device[0m
[0;32mI (282) esp_psram: Speed: 80MHz[0m
[0;32mI (286) cpu_start: Multicore app[0m
[0;32mI (1181) esp_psram: SPI SRAM memory test OK[0m
[0;32mI (1190) cpu_start: Pro cpu start user code[0m
[0;32mI (1190) cpu_start: cpu freq: 240000000 Hz[0m
[0;32mI (1190) app_init: Application information:[0m
[0;32mI (1193) app_init: Project name:     hello_world[0m
[0;32mI (1199) app_init: App version:      360ee52-dirty[0m
[0;32mI (1204) app_init: Compile time:     Apr  1 2026 09:02:26[0m
[0;32mI (1210) app_init: ELF file SHA256:  91fe498f1...[0m
[0;32mI (1216) app_init: ESP-IDF:          v5.3[0m
[0;32mI (1220) efuse_init: Min chip rev:     v0.0[0m
[0;32mI (1225) efuse_init: Max chip rev:     v0.99 [0m
[0;32mI (1230) efuse_init: Chip rev:         v0.2[0m
[0;32mI (1235) heap_init: Initializing. RAM available for dynamic allocation:[0m
[0;32mI (1242) heap_init: At 3FC9F868 len 00049EA8 (295 KiB): RAM[0m
[0;32mI (1248) heap_init: At 3FCE9710 len 00005724 (21 KiB): RAM[0m
[0;32mI (1255) heap_init: At 3FCF0000 len 00008000 (32 KiB): DRAM[0m
[0;32mI (1261) heap_init: At 600FE100 len 00001EE8 (7 KiB): RTCRAM[0m
[0;32mI (1267) esp_psram: Adding pool of 16384K of PSRAM memory to heap allocator[0m
[0;33mW (1275) spi_flash: Octal flash chip is using but dio mode is selected, will automatically swich to Octal mode[0m
[0;32mI (1286) spi_flash: detected chip: mxic (opi)[0m
[0;32mI (1291) spi_flash: flash io: opi_str[0m
[0;33mW (1295) i2c: This driver is an old driver, please migrate your application code to adapt `driver/i2c_master.h`[0m
[0;32mI (1306) sleep: Configure to isolate all GPIO pins in sleep state[0m
[0;32mI (1313) sleep: Enable automatic switching of GPIO sleep configuration[0m
[0;32mI (1320) main_task: Started on CPU0[0m
[0;32mI (1330) esp_psram: Reserving pool of 32K of internal memory for DMA/internal allocations[0m
[0;32mI (1330) main_task: Calling app_main()[0m
[0;32mI (1340) u8g2_hal: sda_io_num 8[0m
[0;32mI (1340) u8g2_hal: scl_io_num 9[0m
[0;32mI (1340) u8g2_hal: clk_speed 50000[0m
[0;32mI (1350) u8g2_hal: i2c_param_config 1[0m
[0;32mI (1350) u8g2_hal: i2c_driver_install 1[0m
[0;31mE (1660) err: esp_err_t = -1[0m

assert failed: u8g2_esp32_i2c_byte_cb u8g2_esp32_hal.c:179 (0 && "i2c_master_cmd_begin(I2C_MASTER_NUM, handle_i2c, pdMS_TO_TICKS(I2C_TIMEOUT_MS))")


Backtrace: 0x40379ef6:0x3fca1bc0 0x403809c1:0x3fca1be0 0x40388ec1:0x3fca1c00 0x4200ef4e:0x3fca1d20 0x4202b111:0x3fca1d60 0x4200fa83:0x3fca1d80 0x4200f9f9:0x3fca1da0 0x4200fc7d:0x3fca1dd0 0x4202b08d:0x3fca1df0 0x403877a5:0x3fca1e10 0x40387947:0x3fca1e50 0x4202c6ab:0x3fca2130 0x40381469:0x3fca2160




ELF file SHA256: 91fe498f1

Rebooting...
ESP-ROM:esp32s3-20210327
Build:Mar 27 2021
rst:0xc (RTC_SW_CPU_RST),boot:0x8 (SPI_FAST_FLASH_BOOT)
Saved PC:0x40379e30
SPIWP:0xee
Octal Flash Mode Enabled
For OPI Flash, Use Default Flash Boot Mode
mode:SLOW_RD, clock div:1
load:0x3fce2810,len:0x178c
load:0x403c8700,len:0x4
load:0x403c8704,len:0xcb8
load:0x403cb700,len:0x2db0
entry 0x403c8914
[0;32mI (32) boot: ESP-IDF v5.3 2nd stage bootloader[0m
[0;32mI (32) boot: compile time Apr  1 2026 09:02:53[0m
[0;32mI (33) boot: Multicore bootloader[0m
[0;32mI (35) boot: chip revision: v0.2[0m
[0;32mI (39) boot.esp32s3: Boot SPI Speed : 80MHz[0m
[0;32mI (44) boot.esp32s3: SPI Mode       : SLOW READ[0m
[0;32mI (49) boot.esp32s3: SPI Flash Size : 32MB[0m
[0;32mI (54) boot: Enabling RNG early entropy source...[0m
[0;32mI (60) boot: Partition Table:[0m
[0;32mI (63) boot: ## Label            Usage          Type ST Offset   Length[0m
[0;32mI (70) boot:  0 nvs              WiFi data        01 02 00009000 00006000[0m
[0;32mI (78) boot:  1 phy_init         RF data          01 01 0000f000 00001000[0m
[0;32mI (85) boot:  2 factory          factory app      00 00 00010000 00100000[0m
[0;32mI (93) boot:  3 data             Unknown data     01 82 00110000 00200000[0m
[0;32mI (100) boot: End of partition table[0m
[0;32mI (105) esp_image: segment 0: paddr=00010020 vaddr=3c030020 size=0d7ech ( 55276) map[0m
[0;32mI (126) esp_image: segment 1: paddr=0001d814 vaddr=3fc9af00 size=02804h ( 10244) load[0m
[0;32mI (129) esp_image: segment 2: paddr=00020020 vaddr=42000020 size=2cfe0h (184288) map[0m
[0;32mI (176) esp_image: segment 3: paddr=0004d008 vaddr=3fc9d704 size=0133ch (  4924) load[0m
[0;32mI (178) esp_image: segment 4: paddr=0004e34c vaddr=40378000 size=12ea8h ( 77480) load[0m
[0;32mI (211) boot: Loaded app from partition at offset 0x10000[0m
[0;32mI (211) boot: Disabling RNG early entropy source...[0m
[0;32mI (223) octal_psram: vendor id    : 0x0d (AP)[0m
[0;32mI (223) octal_psram: dev id       : 0x03 (generation 4)[0m
[0;32mI (223) octal_psram: density      : 0x05 (128 Mbit)[0m
[0;32mI (228) octal_psram: good-die     : 0x01 (Pass)[0m
[0;32mI (233) octal_psram: Latency      : 0x01 (Fixed)[0m
[0;32mI (238) octal_psram: VCC          : 0x00 (1.8V)[0m
[0;32mI (244) octal_psram: SRF          : 0x01 (Fast Refresh)[0m
[0;32mI (249) octal_psram: BurstType    : 0x01 (Hybrid Wrap)[0m
[0;32mI (255) octal_psram: BurstLen     : 0x01 (32 Byte)[0m
[0;32mI (261) octal_psram: Readlatency  : 0x02 (10 cycles@Fixed)[0m
[0;32mI (267) octal_psram: DriveStrength: 0x00 (1/1)[0m
[0;32mI (273) MSPI Timing: PSRAM timing tuning index: 6[0m
[0;32mI (277) esp_psram: Found 16MB PSRAM device[0m
[0;32mI (282) esp_psram: Speed: 80MHz[0m
[0;32mI (286) cpu_start: Multicore app[0m
[0;32mI (1181) esp_psram: SPI SRAM memory test OK[0m
[0;32mI (1190) cpu_start: Pro cpu start user code[0m
[0;32mI (1190) cpu_start: cpu freq: 240000000 Hz[0m
[0;32mI (1190) app_init: Application information:[0m
[0;32mI (1193) app_init: Project name:     hello_world[0m
[0;32mI (1199) app_init: App version:      360ee52-dirty[0m
[0;32mI (1204) app_init: Compile time:     Apr  1 2026 09:02:26[0m
[0;32mI (1210) app_init: ELF file SHA256:  91fe498f1...[0m
[0;32mI (1216) app_init: ESP-IDF:          v5.3[0m
[0;32mI (1220) efuse_init: Min chip rev:     v0.0[0m
[0;32mI (1225) efuse_init: Max chip rev:     v0.99 [0m
[0;32mI (1230) efuse_init: Chip rev:         v0.2[0m
[0;32mI (1235) heap_init: Initializing. RAM available for dynamic allocation:[0m
[0;32mI (1242) heap_init: At 3FC9F868 len 00049EA8 (295 KiB): RAM[0m
[0;32mI (1248) heap_init: At 3FCE9710 len 00005724 (21 KiB): RAM[0m
[0;32mI (1255) heap_init: At 3FCF0000 len 00008000 (32 KiB): DRAM[0m
[0;32mI (1261) heap_init: At 600FE100 len 00001EE8 (7 KiB): RTCRAM[0m
[0;32mI (1267) esp_psram: Adding pool of 16384K of PSRAM memory to heap allocator[0m
[0;33mW (1275) spi_flash: Octal flash chip is using but dio mode is selected, will automatically swich to Octal mode[0m
[0;32mI (1286) spi_flash: detected chip: mxic (opi)[0m
[0;32mI (1291) spi_flash: flash io: opi_str[0m
[0;33mW (1295) i2c: This driver is an old driver, please migrate your application code to adapt `driver/i2c_master.h`[0m
[0;32mI (1306) sleep: Configure to isolate all GPIO pins in sleep state[0m
[0;32mI (1313) sleep: Enable automatic switching of GPIO sleep configuration[0m
[0;32mI (1320) main_task: Started on CPU0[0m
[0;32mI (1330) esp_psram: Reserving pool of 32K of internal memory for DMA/internal allocations[0m
[0;32mI (1330) main_task: Calling app_main()[0m
[0;32mI (1340) u8g2_hal: sda_io_num 8[0m
[0;32mI (1340) u8g2_hal: scl_io_num 9[0m
[0;32mI (1340) u8g2_hal: clk_speed 50000[0m
[0;32mI (1350) u8g2_hal: i2c_param_config 1[0m
[0;32mI (1350) u8g2_hal: i2c_driver_install 1[0m
[0;31mE (1660) err: esp_err_t = -1[0m

assert failed: u8g2_esp32_i2c_byte_cb u8g2_esp32_hal.c:179 (0 && "i2c_master_cmd_begin(I2C_MASTER_NUM, handle_i2c, pdMS_TO_TICKS(I2C_TIMEOUT_MS))")


Backtrace: 0x40379ef6:0x3fca1bc0 0x403809c1:0x3fca1be0 0x40388ec1:0x3fca1c00 0x4200ef4e:0x3fca1d20 0x4202b111:0x3fca1d60 0x4200fa83:0x3fca1d80 0x4200f9f9:0x3fca1da0 0x4200fc7d:0x3fca1dd0 0x4202b08d:0x3fca1df0 0x403877a5:0x3fca1e10 0x40387947:0x3fca1e50 0x4202c6ab:0x3fca2130 0x40381469:0x3fca2160




ELF file SHA256: 91fe498f1

Rebooting...
ESP-ROM:esp32s3-20210327
Build:Mar 27 2021
rst:0xc (RTC_SW_CPU_RST),boot:0x8 (SPI_FAST_FLASH_BOOT)
Saved PC:0x40379e30
SPIWP:0xee
Octal Flash Mode Enabled
For OPI Flash, Use Default Flash Boot Mode
mode:SLOW_RD, clock div:1
load:0x3fce2810,len:0x178c
load:0x403c8700,len:0x4
load:0x403c8704,len:0xcb8
load:0x403cb700,len:0x2db0
entry 0x403c8914
[0;32mI (32) boot: ESP-IDF v5.3 2nd stage bootloader[0m
[0;32mI (32) boot: compile time Apr  1 2026 09:02:53[0m
[0;32mI (33) boot: Multicore bootloader[0m
[0;32mI (35) boot: chip revision: v0.2[0m
[0;32mI (39) boot.esp32s3: Boot SPI Speed : 80MHz[0m
[0;32mI (44) boot.esp32s3: SPI Mode       : SLOW READ[0m
[0;32mI (49) boot.esp32s3: SPI Flash Size : 32MB[0m
[0;32mI (54) boot: Enabling RNG early entropy source...[0m
[0;32mI (60) boot: Partition Table:[0m
[0;32mI (63) boot: ## Label            Usage          Type ST Offset   Length[0m
[0;32mI (70) boot:  0 nvs              WiFi data        01 02 00009000 00006000[0m
[0;32mI (78) boot:  1 phy_init         RF data          01 01 0000f000 00001000[0m
[0;32mI (85) boot:  2 factory          factory app      00 00 00010000 00100000[0m
[0;32mI (93) boot:  3 data             Unknown data     01 82 00110000 00200000[0m
[0;32mI (100) boot: End of partition table[0m
[0;32mI (105) esp_image: segment 0: paddr=00010020 vaddr=3c030020 size=0d7ech ( 55276) map[0m
[0;32mI (126) esp_image: segment 1: paddr=0001d814 vaddr=3fc9af00 size=02804h ( 10244) load[0m
[0;32mI (129) esp_image: segment 2: paddr=00020020 vaddr=42000020 size=2cfe0h (184288) map[0m
[0;32mI (176) esp_image: segment 3: paddr=0004d008 vaddr=3fc9d704 size=0133ch (  4924) load[0m
[0;32mI (178) esp_image: segment 4: paddr=0004e34c vaddr=40378000 size=12ea8h ( 77480) load[0m
[0;32mI (211) boot: Loaded app from partition at offset 0x10000[0m
[0;32mI (211) boot: Disabling RNG early entropy source...[0m
[0;32mI (223) octal_psram: vendor id    : 0x0d (AP)[0m
[0;32mI (223) octal_psram: dev id       : 0x03 (generation 4)[0m
[0;32mI (223) octal_psram: density      : 0x05 (128 Mbit)[0m
[0;32mI (228) octal_psram: good-die     : 0x01 (Pass)[0m
[0;32mI (233) octal_psram: Latency      : 0x01 (Fixed)[0m
[0;32mI (238) octal_psram: VCC          : 0x00 (1.8V)[0m
[0;32mI (244) octal_psram: SRF          : 0x01 (Fast Refresh)[0m
[0;32mI (249) octal_psram: BurstType    : 0x01 (Hybrid Wrap)[0m
[0;32mI (255) octal_psram: BurstLen     : 0x01 (32 Byte)[0m
[0;32mI (261) octal_psram: Readlatency  : 0x02 (10 cycles@Fixed)[0m
